https://movie.douban.com/subject/3711725/ Invalid IMDB id
https://movie.douban.com/subject/3711725/ Invalid IMDB id
https://movie.douban.com/subject/3991933/ Type Error Occurred
https://movie.douban.com/subject/6146955/ Type Error Occurred
https://movie.douban.com/subject/6129693/ Type Error Occurred
https://movie.douban.com/subject/20416430/ Type Error Occurred
https://movie.douban.com/subject/7054120/ Type Error Occurred
https://movie.douban.com/subject/4228538/ Type Error Occurred
https://movie.douban.com/subject/1441053/ Type Error Occurred
https://movie.douban.com/subject/25966044/ Type Error Occurred
https://movie.douban.com/subject/24297912/ Type Error Occurred
https://movie.douban.com/subject/2373195/ Type Error Occurred
https://movie.douban.com/subject/26292234/ Type Error Occurred
https://movie.douban.com/subject/2150220/ Type Error Occurred
https://movie.douban.com/subject/4914616/ Invalid IMDB id
https://movie.douban.com/subject/3711725/ Invalid IMDB id
https://movie.douban.com/subject/3991933/ Type Error Occurred
https://movie.douban.com/subject/6146955/ Type Error Occurred
https://movie.douban.com/subject/6129693/ Type Error Occurred
https://movie.douban.com/subject/20416430/ Type Error Occurred
https://movie.douban.com/subject/7054120/ Type Error Occurred
https://movie.douban.com/subject/4228538/ Type Error Occurred
https://movie.douban.com/subject/1441053/ Type Error Occurred
https://movie.douban.com/subject/25966044/ Type Error Occurred
https://movie.douban.com/subject/24297912/ Type Error Occurred
https://movie.douban.com/subject/2373195/ Type Error Occurred
https://movie.douban.com/subject/26292234/ Type Error Occurred
https://movie.douban.com/subject/2150220/ Type Error Occurred
https://movie.douban.com/subject/4914616/ Invalid IMDB id
https://movie.douban.com/subject/25885410/ Type Error Occurred
https://movie.douban.com/subject/20393972/ Type Error Occurred
https://movie.douban.com/subject/6796133/ Type Error Occurred
https://movie.douban.com/subject/2028130/ Type Error Occurred
https://movie.douban.com/subject/11629268/ Type Error Occurred
https://movie.douban.com/subject/5344178/ Invalid IMDB id
https://movie.douban.com/subject/25972855/ Type Error Occurred
https://movie.douban.com/subject/25851665/ Type Error Occurred
https://movie.douban.com/subject/5416027/ Type Error Occurred
https://movie.douban.com/subject/1299863/ Type Error Occurred
https://movie.douban.com/subject/25953429/ Type Error Occurred
https://movie.douban.com/subject/26784967/ Type Error Occurred
https://movie.douban.com/subject/26351864/ Type Error Occurred
https://movie.douban.com/subject/27029233/ Type Error Occurred
https://movie.douban.com/subject/6729183/ Type Error Occurred
https://movie.douban.com/subject/20513355/ Type Error Occurred
https://movie.douban.com/subject/22992200/ Type Error Occurred
https://movie.douban.com/subject/4204586/ Type Error Occurred
https://movie.douban.com/subject/1760775/ Type Error Occurred
https://movie.douban.com/subject/1463879/ Type Error Occurred
https://movie.douban.com/subject/24845107/ Type Error Occurred
https://movie.douban.com/subject/1393859/ Type Error Occurred
https://movie.douban.com/subject/1302958/ Type Error Occurred
https://movie.douban.com/subject/24904361/ Type Error Occurred
https://movie.douban.com/subject/3882715/ Type Error Occurred
https://movie.douban.com/subject/1417946/ Type Error Occurred
https://movie.douban.com/subject/10491666/ Type Error Occurred
https://movie.douban.com/subject/10537919/ Type Error Occurred
https://movie.douban.com/subject/2156528/ Type Error Occurred
https://movie.douban.com/subject/6395245/ Type Error Occurred
https://movie.douban.com/subject/3190880/ Type Error Occurred
https://movie.douban.com/subject/3286552/ Type Error Occurred
https://movie.douban.com/subject/3286543/ Type Error Occurred
https://movie.douban.com/subject/3286538/ Type Error Occurred
https://movie.douban.com/subject/3286547/ Type Error Occurred
https://movie.douban.com/subject/3286548/ Type Error Occurred
https://movie.douban.com/subject/3286536/ Type Error Occurred
https://movie.douban.com/subject/3286549/ Type Error Occurred
https://movie.douban.com/subject/3286531/ Type Error Occurred
https://movie.douban.com/subject/3286528/ Type Error Occurred
https://movie.douban.com/subject/4937405/ Type Error Occurred
https://movie.douban.com/subject/3990470/ Type Error Occurred
https://movie.douban.com/subject/3926132/ Type Error Occurred
https://movie.douban.com/subject/11627047/ Type Error Occurred
https://movie.douban.com/subject/2212156/ Type Error Occurred
https://movie.douban.com/subject/1432448/ Type Error Occurred
https://movie.douban.com/subject/25789398/ Type Error Occurred
https://movie.douban.com/subject/4837832/ Type Error Occurred
https://movie.douban.com/subject/4811774/ Type Error Occurred
https://movie.douban.com/subject/2266668/ Type Error Occurred
https://movie.douban.com/subject/10428501/ Type Error Occurred
https://movie.douban.com/subject/1763834/ Type Error Occurred
https://movie.douban.com/subject/1762497/ Type Error Occurred
https://movie.douban.com/subject/3691183/ Type Error Occurred
https://movie.douban.com/subject/19938222/ Type Error Occurred
https://movie.douban.com/subject/25851827/ Type Error Occurred
https://movie.douban.com/subject/23116614/ Type Error Occurred
https://movie.douban.com/subject/10748073/ Type Error Occurred
https://movie.douban.com/subject/5966507/ Type Error Occurred
https://movie.douban.com/subject/20473389/ Invalid IMDB id
https://movie.douban.com/subject/2353922/ Type Error Occurred
https://movie.douban.com/subject/11584413/ Type Error Occurred
https://movie.douban.com/subject/4860078/ Invalid IMDB id
https://movie.douban.com/subject/4860078/ Invalid IMDB id
https://movie.douban.com/subject/4860078/ Invalid IMDB id
https://movie.douban.com/subject/23025359/ Invalid IMDB id
https://movie.douban.com/subject/4860078/ Invalid IMDB id
https://movie.douban.com/subject/23025359/ Invalid IMDB id
https://movie.douban.com/subject/3148091/ Type Error Occurred
https://movie.douban.com/subject/3836656/ Invalid IMDB id
https://movie.douban.com/subject/3005310/ Type Error Occurred
https://movie.douban.com/subject/4860078/ Invalid IMDB id
https://movie.douban.com/subject/23025359/ Invalid IMDB id
https://movie.douban.com/subject/3148091/ Type Error Occurred
https://movie.douban.com/subject/3836656/ Invalid IMDB id
https://movie.douban.com/subject/3005310/ Type Error Occurred
https://movie.douban.com/subject/21760613/ Type Error Occurred
https://movie.douban.com/subject/2136206/ Invalid IMDB id
https://movie.douban.com/subject/5348089/ Type Error Occurred
https://movie.douban.com/subject/4860078/ Invalid IMDB id
https://movie.douban.com/subject/23025359/ Invalid IMDB id
https://movie.douban.com/subject/3148091/ Type Error Occurred
https://movie.douban.com/subject/3836656/ Invalid IMDB id
https://movie.douban.com/subject/3005310/ Type Error Occurred
https://movie.douban.com/subject/21760613/ Type Error Occurred
https://movie.douban.com/subject/2136206/ Invalid IMDB id
https://movie.douban.com/subject/5348089/ Type Error Occurred
https://movie.douban.com/subject/10527257/ Type Error Occurred
https://movie.douban.com/subject/19971676/ Type Error Occurred
https://movie.douban.com/subject/11599093/ Type Error Occurred
https://movie.douban.com/subject/6129693/ Type Error Occurred
https://movie.douban.com/subject/4022090/ Type Error Occurred
https://movie.douban.com/subject/25698722/ Type Error Occurred
https://movie.douban.com/subject/1438760/ Type Error Occurred
https://movie.douban.com/subject/1465300/ Type Error Occurred
https://movie.douban.com/subject/1301174/ Type Error Occurred
https://movie.douban.com/subject/21339675/ Type Error Occurred
https://movie.douban.com/subject/4915107/ Type Error Occurred
https://movie.douban.com/subject/10561898/ Type Error Occurred
https://movie.douban.com/subject/1764730/ Type Error Occurred
https://movie.douban.com/subject/1477894/ Type Error Occurred
https://movie.douban.com/subject/25840705/ Type Error Occurred
https://movie.douban.com/subject/2018131/ Type Error Occurred
https://movie.douban.com/subject/20416430/ Type Error Occurred
https://movie.douban.com/subject/4860078/ Invalid IMDB id
https://movie.douban.com/subject/6129693/ Type Error Occurred
https://movie.douban.com/subject/4022090/ Type Error Occurred
https://movie.douban.com/subject/25698722/ Type Error Occurred
https://movie.douban.com/subject/1438760/ Type Error Occurred
https://movie.douban.com/subject/1465300/ Type Error Occurred
https://movie.douban.com/subject/1301174/ Type Error Occurred
https://movie.douban.com/subject/21339675/ Type Error Occurred
https://movie.douban.com/subject/4915107/ Type Error Occurred
https://movie.douban.com/subject/10561898/ Type Error Occurred
https://movie.douban.com/subject/1764730/ Type Error Occurred
https://movie.douban.com/subject/1477894/ Type Error Occurred
https://movie.douban.com/subject/25840705/ Type Error Occurred
https://movie.douban.com/subject/2018131/ Type Error Occurred
https://movie.douban.com/subject/20416430/ Type Error Occurred
https://movie.douban.com/subject/2373195/ Type Error Occurred
https://movie.douban.com/subject/3823425/ Type Error Occurred
https://movie.douban.com/subject/1432448/ Type Error Occurred
https://movie.douban.com/subject/3287611/ Type Error Occurred
https://movie.douban.com/subject/10440112/ Type Error Occurred
https://movie.douban.com/subject/10830069/ Type Error Occurred
https://movie.douban.com/subject/25884822/ Type Error Occurred
https://movie.douban.com/subject/6858722/ Invalid IMDB id
https://movie.douban.com/subject/3586996/ Type Error Occurred
https://movie.douban.com/subject/4927382/ Type Error Occurred
https://movie.douban.com/subject/1441948/ Type Error Occurred
https://movie.douban.com/subject/4937405/ Type Error Occurred
https://movie.douban.com/subject/4847089/ Type Error Occurred
https://movie.douban.com/subject/6952149/ Type Error Occurred
https://movie.douban.com/subject/4847093/ Type Error Occurred
https://movie.douban.com/subject/4882611/ Type Error Occurred
https://movie.douban.com/subject/5172470/ Type Error Occurred
https://movie.douban.com/subject/4176688/ Type Error Occurred
https://movie.douban.com/subject/4256328/ Type Error Occurred
https://movie.douban.com/subject/1418747/ Type Error Occurred
https://movie.douban.com/subject/5344178/ Invalid IMDB id
https://movie.douban.com/subject/25804453/ Type Error Occurred
https://movie.douban.com/subject/20507018/ Type Error Occurred
https://movie.douban.com/subject/4837832/ Type Error Occurred
https://movie.douban.com/subject/25726259/ Type Error Occurred
https://movie.douban.com/subject/25831924/ Type Error Occurred
https://movie.douban.com/subject/3993559/ Invalid IMDB id
https://movie.douban.com/subject/6146955/ Type Error Occurred
https://movie.douban.com/subject/1294136/ Type Error Occurred
https://movie.douban.com/subject/1767197/ Type Error Occurred
https://movie.douban.com/subject/2131678/ Type Error Occurred
https://movie.douban.com/subject/1483630/ Invalid IMDB id
https://movie.douban.com/subject/25787475/ Type Error Occurred
https://movie.douban.com/subject/10463008/ Type Error Occurred
https://movie.douban.com/subject/1307847/ Type Error Occurred
https://movie.douban.com/subject/22623816/ Type Error Occurred
https://movie.douban.com/subject/4312215/ Type Error Occurred
https://movie.douban.com/subject/1807504/ Type Error Occurred
https://movie.douban.com/subject/20258941/ Type Error Occurred
https://movie.douban.com/subject/2997325/ Type Error Occurred
https://movie.douban.com/subject/5045822/ Type Error Occurred
https://movie.douban.com/subject/3713664/ Attribute Error Occurred
https://movie.douban.com/subject/1305866/ Type Error Occurred
https://movie.douban.com/subject/1868595/ Type Error Occurred
https://movie.douban.com/subject/1863100/ Type Error Occurred
https://movie.douban.com/subject/5977487/ Type Error Occurred
https://movie.douban.com/subject/4728553/ Type Error Occurred
https://movie.douban.com/subject/3629206/ Type Error Occurred
https://movie.douban.com/subject/3054455/ Type Error Occurred
https://movie.douban.com/subject/3993559/ Invalid IMDB id
https://movie.douban.com/subject/1428176/ Type Error Occurred
https://movie.douban.com/subject/2254648/ Type Error Occurred
https://movie.douban.com/subject/10535502/ Type Error Occurred
https://movie.douban.com/subject/6965619/ Type Error Occurred
https://movie.douban.com/subject/1438145/ Type Error Occurred
https://movie.douban.com/subject/2333726/ Type Error Occurred
https://movie.douban.com/subject/1875038/ Type Error Occurred
https://movie.douban.com/subject/3824693/ Type Error Occurred
https://movie.douban.com/subject/1774408/ Type Error Occurred
https://movie.douban.com/subject/4272383/ Type Error Occurred
https://movie.douban.com/subject/5392093/ Type Error Occurred
https://movie.douban.com/subject/5344178/ Invalid IMDB id
https://movie.douban.com/subject/1899616/ Type Error Occurred
https://movie.douban.com/subject/6129693/ Type Error Occurred
https://movie.douban.com/subject/1770547/ Type Error Occurred
https://movie.douban.com/subject/11516684/ Type Error Occurred
https://movie.douban.com/subject/25840705/ Type Error Occurred
https://movie.douban.com/subject/25940269/ Type Error Occurred
https://movie.douban.com/subject/2155335/ Type Error Occurred
https://movie.douban.com/subject/1979063/ Type Error Occurred
https://movie.douban.com/subject/5262027/ Invalid IMDB id
https://movie.douban.com/subject/1451430/ Type Error Occurred
https://movie.douban.com/subject/1915312/ Type Error Occurred
https://movie.douban.com/subject/25947297/ Type Error Occurred
https://movie.douban.com/subject/4300525/ Invalid IMDB id
https://movie.douban.com/subject/1997685/ Type Error Occurred
https://movie.douban.com/subject/2346994/ Type Error Occurred
https://movie.douban.com/subject/1931974/ Type Error Occurred
https://movie.douban.com/subject/5416027/ Type Error Occurred
https://movie.douban.com/subject/21339675/ Type Error Occurred
https://movie.douban.com/subject/5397537/ Type Error Occurred
https://movie.douban.com/subject/2147121/ Type Error Occurred
https://movie.douban.com/subject/3838279/ Type Error Occurred
https://movie.douban.com/subject/24759014/ Type Error Occurred
https://movie.douban.com/subject/2157239/ Type Error Occurred
https://movie.douban.com/subject/3032468/ Invalid IMDB id
https://movie.douban.com/subject/1756889/ Type Error Occurred
https://movie.douban.com/subject/1892335/ Type Error Occurred
https://movie.douban.com/subject/2978224/ Type Error Occurred
https://movie.douban.com/subject/5344178/ Invalid IMDB id
https://movie.douban.com/subject/1899616/ Type Error Occurred
https://movie.douban.com/subject/6129693/ Type Error Occurred
https://movie.douban.com/subject/1770547/ Type Error Occurred
https://movie.douban.com/subject/11516684/ Type Error Occurred
https://movie.douban.com/subject/25972855/ Type Error Occurred
https://movie.douban.com/subject/4294243/ Invalid IMDB id
https://movie.douban.com/subject/25777512/ Type Error Occurred
https://movie.douban.com/subject/1294136/ Type Error Occurred
https://movie.douban.com/subject/10462941/ Type Error Occurred
https://movie.douban.com/subject/2156754/ Type Error Occurred
https://movie.douban.com/subject/3245060/ Type Error Occurred
https://movie.douban.com/subject/3790659/ Type Error Occurred
https://movie.douban.com/subject/3439943/ Type Error Occurred
https://movie.douban.com/subject/2139531/ Type Error Occurred
https://movie.douban.com/subject/3016187/ Type Error Occurred
https://movie.douban.com/subject/1441053/ Type Error Occurred
https://movie.douban.com/subject/3734350/ Type Error Occurred
https://movie.douban.com/subject/19975083/ Type Error Occurred
https://movie.douban.com/subject/19973827/ Type Error Occurred
https://movie.douban.com/subject/25928794/ Type Error Occurred
https://movie.douban.com/subject/24702659/ Type Error Occurred
https://movie.douban.com/subject/7051270/ Type Error Occurred
https://movie.douban.com/subject/5908482/ Type Error Occurred
https://movie.douban.com/subject/6018984/ Type Error Occurred
https://movie.douban.com/subject/11537954/ Type Error Occurred
https://movie.douban.com/subject/10590706/ Type Error Occurred
https://movie.douban.com/subject/26258819/ Type Error Occurred
https://movie.douban.com/subject/24522640/ Type Error Occurred
https://movie.douban.com/subject/4914616/ Invalid IMDB id
https://movie.douban.com/subject/6558062/ Type Error Occurred
https://movie.douban.com/subject/23232876/ Type Error Occurred
https://movie.douban.com/subject/25826612/ Type Error Occurred
https://movie.douban.com/subject/25887288/ Type Error Occurred
https://movie.douban.com/subject/20388615/ Type Error Occurred
https://movie.douban.com/subject/2142535/ Type Error Occurred
https://movie.douban.com/subject/24752302/ Type Error Occurred
https://movie.douban.com/subject/2326458/ Type Error Occurred
https://movie.douban.com/subject/4016551/ Type Error Occurred
https://movie.douban.com/subject/24297912/ Type Error Occurred
https://movie.douban.com/subject/10748120/ Type Error Occurred
https://movie.douban.com/subject/23116614/ Type Error Occurred
https://movie.douban.com/subject/19998171/ Invalid IMDB id
https://movie.douban.com/subject/1998618/ Type Error Occurred
https://movie.douban.com/subject/25966044/ Type Error Occurred
https://movie.douban.com/subject/26133490/ Type Error Occurred
https://movie.douban.com/subject/6729183/ Type Error Occurred
https://movie.douban.com/subject/20513355/ Type Error Occurred
https://movie.douban.com/subject/25962053/ Type Error Occurred
https://movie.douban.com/subject/23776190/ Type Error Occurred
https://movie.douban.com/subject/20278812/ Type Error Occurred
https://movie.douban.com/subject/24705628/ Type Error Occurred
https://movie.douban.com/subject/1417051/ Type Error Occurred
https://movie.douban.com/subject/19937154/ Type Error Occurred
https://movie.douban.com/subject/2310051/ Invalid IMDB id
https://movie.douban.com/subject/21805598/ Type Error Occurred
https://movie.douban.com/subject/26078872/ Type Error Occurred
https://movie.douban.com/subject/1427500/ Type Error Occurred
https://movie.douban.com/subject/25912858/ Type Error Occurred
https://movie.douban.com/subject/20152546/ Type Error Occurred
https://movie.douban.com/subject/10767494/ Type Error Occurred
https://movie.douban.com/subject/25941626/ Type Error Occurred
https://movie.douban.com/subject/25933340/ Type Error Occurred
https://movie.douban.com/subject/26331937/ Type Error Occurred
https://movie.douban.com/subject/24714528/ Type Error Occurred
https://movie.douban.com/subject/11600252/ Type Error Occurred
https://movie.douban.com/subject/1397345/ Type Error Occurred
https://movie.douban.com/subject/3011225/ Type Error Occurred
https://movie.douban.com/subject/1486221/ Type Error Occurred
https://movie.douban.com/subject/25986287/ Type Error Occurred
https://movie.douban.com/subject/24849708/ Invalid IMDB id
https://movie.douban.com/subject/10520453/ Type Error Occurred
https://movie.douban.com/subject/10521896/ Type Error Occurred
https://movie.douban.com/subject/26278782/ Type Error Occurred
https://movie.douban.com/subject/25901402/ Type Error Occurred
https://movie.douban.com/subject/21973146/ Type Error Occurred
https://movie.douban.com/subject/4016543/ Type Error Occurred
https://movie.douban.com/subject/3402469/ Type Error Occurred
https://movie.douban.com/subject/4004936/ Type Error Occurred
https://movie.douban.com/subject/4707570/ Type Error Occurred
https://movie.douban.com/subject/4707224/ Type Error Occurred
https://movie.douban.com/subject/4898491/ Type Error Occurred
https://movie.douban.com/subject/1300395/ Type Error Occurred
https://movie.douban.com/subject/3010994/ Type Error Occurred
https://movie.douban.com/subject/3778246/ Invalid IMDB id
https://movie.douban.com/subject/3369389/ Attribute Error Occurred
https://movie.douban.com/subject/1968505/ Invalid IMDB id
https://movie.douban.com/subject/3993559/ Invalid IMDB id
https://movie.douban.com/subject/3726072/ Invalid IMDB id
https://movie.douban.com/subject/6146955/ Type Error Occurred
https://movie.douban.com/subject/1301174/ Type Error Occurred
https://movie.douban.com/subject/3190880/ Type Error Occurred
https://movie.douban.com/subject/3990470/ Type Error Occurred
https://movie.douban.com/subject/7054120/ Type Error Occurred
https://movie.douban.com/subject/6522269/ Type Error Occurred
https://movie.douban.com/subject/10455629/ Type Error Occurred
https://movie.douban.com/subject/2156528/ Type Error Occurred
https://movie.douban.com/subject/3986493/ Type Error Occurred
https://movie.douban.com/subject/6395245/ Type Error Occurred
https://movie.douban.com/subject/25754848/ Type Error Occurred
https://movie.douban.com/subject/26727273/ Type Error Occurred
https://movie.douban.com/subject/2338055/ Type Error Occurred
https://movie.douban.com/subject/26761935/ Type Error Occurred
https://movie.douban.com/subject/26302614/ Type Error Occurred
https://movie.douban.com/subject/10491666/ Type Error Occurred
https://movie.douban.com/subject/26883064/ Type Error Occurred
https://movie.douban.com/subject/27042742/ Type Error Occurred
https://movie.douban.com/subject/26999852/ Type Error Occurred
https://movie.douban.com/subject/25812730/ Type Error Occurred
https://movie.douban.com/subject/25788007/ Invalid IMDB id
https://movie.douban.com/subject/25778413/ Type Error Occurred
https://movie.douban.com/subject/25775642/ Invalid IMDB id
https://movie.douban.com/subject/24875629/ Type Error Occurred
https://movie.douban.com/subject/25750820/ Type Error Occurred
https://movie.douban.com/subject/25750823/ Type Error Occurred
https://movie.douban.com/subject/25750824/ Type Error Occurred
https://movie.douban.com/subject/20505641/ Type Error Occurred
https://movie.douban.com/subject/25249145/ Invalid IMDB id
https://movie.douban.com/subject/24872843/ Invalid IMDB id
https://movie.douban.com/subject/23062125/ Type Error Occurred
https://movie.douban.com/subject/24749076/ Type Error Occurred
https://movie.douban.com/subject/24708811/ Type Error Occurred
https://movie.douban.com/subject/20561603/ Invalid IMDB id
https://movie.douban.com/subject/21627641/ Invalid IMDB id
https://movie.douban.com/subject/24220963/ Type Error Occurred
https://movie.douban.com/subject/10744777/ Type Error Occurred
https://movie.douban.com/subject/23852220/ Invalid IMDB id
https://movie.douban.com/subject/23780577/ Type Error Occurred
https://movie.douban.com/subject/23025359/ Invalid IMDB id
https://movie.douban.com/subject/21798756/ Type Error Occurred
https://movie.douban.com/subject/20394480/ Type Error Occurred
https://movie.douban.com/subject/19976906/ Type Error Occurred
https://movie.douban.com/subject/11599090/ Type Error Occurred
https://movie.douban.com/subject/10617175/ Type Error Occurred
https://movie.douban.com/subject/21329294/ Type Error Occurred
https://movie.douban.com/subject/11584413/ Type Error Occurred
https://movie.douban.com/subject/4859795/ Type Error Occurred
https://movie.douban.com/subject/5996847/ Type Error Occurred
https://movie.douban.com/subject/10561955/ Invalid IMDB id
https://movie.douban.com/subject/11502154/ Invalid IMDB id
https://movie.douban.com/subject/10483753/ Type Error Occurred
https://movie.douban.com/subject/11498731/ Type Error Occurred
https://movie.douban.com/subject/11503013/ Type Error Occurred
https://movie.douban.com/subject/11507683/ Type Error Occurred
https://movie.douban.com/subject/11445466/ Type Error Occurred
https://movie.douban.com/subject/10830069/ Type Error Occurred
https://movie.douban.com/subject/10574471/ Invalid IMDB id
https://movie.douban.com/subject/5240769/ Type Error Occurred
https://movie.douban.com/subject/10561911/ Type Error Occurred
https://movie.douban.com/subject/10529404/ Type Error Occurred
https://movie.douban.com/subject/7175256/ Invalid IMDB id
https://movie.douban.com/subject/7065229/ Type Error Occurred
https://movie.douban.com/subject/3035341/ Type Error Occurred
https://movie.douban.com/subject/6126758/ Type Error Occurred
https://movie.douban.com/subject/6900127/ Type Error Occurred
https://movie.douban.com/subject/4829835/ Type Error Occurred
https://movie.douban.com/subject/6716372/ Type Error Occurred
https://movie.douban.com/subject/6778368/ Type Error Occurred
https://movie.douban.com/subject/4154555/ Type Error Occurred
https://movie.douban.com/subject/5345407/ Type Error Occurred
https://movie.douban.com/subject/5342065/ Type Error Occurred
https://movie.douban.com/subject/6124014/ Invalid IMDB id
https://movie.douban.com/subject/2025154/ Type Error Occurred
https://movie.douban.com/subject/6390822/ Type Error Occurred
https://movie.douban.com/subject/6311988/ Type Error Occurred
https://movie.douban.com/subject/6390761/ Invalid IMDB id
https://movie.douban.com/subject/6307284/ Type Error Occurred
https://movie.douban.com/subject/3405642/ Type Error Occurred
https://movie.douban.com/subject/6001038/ Invalid IMDB id
https://movie.douban.com/subject/6082522/ Invalid IMDB id
https://movie.douban.com/subject/6041194/ Type Error Occurred
https://movie.douban.com/subject/4022091/ Type Error Occurred
https://movie.douban.com/subject/5913837/ Type Error Occurred
https://movie.douban.com/subject/5954051/ Type Error Occurred
https://movie.douban.com/subject/5681026/ Type Error Occurred
https://movie.douban.com/subject/5681006/ Type Error Occurred
https://movie.douban.com/subject/5450868/ Type Error Occurred
https://movie.douban.com/subject/4915107/ Type Error Occurred
https://movie.douban.com/subject/5392105/ Invalid IMDB id
https://movie.douban.com/subject/4707225/ Invalid IMDB id
https://movie.douban.com/subject/4913188/ Invalid IMDB id
https://movie.douban.com/subject/5326589/ Type Error Occurred
https://movie.douban.com/subject/5313367/ Type Error Occurred
https://movie.douban.com/subject/5265166/ Invalid IMDB id
https://movie.douban.com/subject/4723096/ Type Error Occurred
https://movie.douban.com/subject/4888050/ Type Error Occurred
https://movie.douban.com/subject/3069345/ Type Error Occurred
https://movie.douban.com/subject/4888039/ Type Error Occurred
https://movie.douban.com/subject/4718232/ Invalid IMDB id
https://movie.douban.com/subject/4022090/ Type Error Occurred
https://movie.douban.com/subject/3864351/ Type Error Occurred
https://movie.douban.com/subject/4127535/ Type Error Occurred
https://movie.douban.com/subject/3794489/ Invalid IMDB id
https://movie.douban.com/subject/3814081/ Invalid IMDB id
https://movie.douban.com/subject/4159499/ Type Error Occurred
https://movie.douban.com/subject/6861622/ Type Error Occurred
https://movie.douban.com/subject/4116975/ Invalid IMDB id
https://movie.douban.com/subject/2930838/ Type Error Occurred
https://movie.douban.com/subject/1830457/ Invalid IMDB id
https://movie.douban.com/subject/2281691/ Type Error Occurred
https://movie.douban.com/subject/26309191/ Type Error Occurred
https://movie.douban.com/subject/26727298/ Type Error Occurred
https://movie.douban.com/subject/24700578/ Type Error Occurred
https://movie.douban.com/subject/2295986/ Type Error Occurred
https://movie.douban.com/subject/26887064/ Type Error Occurred
https://movie.douban.com/subject/25698722/ Type Error Occurred
https://movie.douban.com/subject/30269039/ Type Error Occurred
https://movie.douban.com/subject/27140040/ Type Error Occurred
https://movie.douban.com/subject/26964430/ Type Error Occurred
https://movie.douban.com/subject/25774052/ Type Error Occurred
https://movie.douban.com/subject/30258118/ Type Error Occurred
https://movie.douban.com/subject/4967578/ Type Error Occurred
https://movie.douban.com/subject/30242212/ Type Error Occurred
https://movie.douban.com/subject/27611657/ Type Error Occurred
https://movie.douban.com/subject/26722100/ Type Error Occurred
https://movie.douban.com/subject/27073847/ Type Error Occurred
https://movie.douban.com/subject/26367601/ Type Error Occurred
https://movie.douban.com/subject/4034054/ Type Error Occurred
https://movie.douban.com/subject/30232270/ Invalid IMDB id
https://movie.douban.com/subject/27205193/ Type Error Occurred
https://movie.douban.com/subject/2018131/ Type Error Occurred
https://movie.douban.com/subject/26372971/ Type Error Occurred
https://movie.douban.com/subject/26844438/ Type Error Occurred
https://movie.douban.com/subject/26677934/ Type Error Occurred
https://movie.douban.com/subject/26806061/ Type Error Occurred
https://movie.douban.com/subject/30156096/ Type Error Occurred
https://movie.douban.com/subject/5323366/ Invalid IMDB id
https://movie.douban.com/subject/27107131/ Type Error Occurred
https://movie.douban.com/subject/27083735/ Type Error Occurred
https://movie.douban.com/subject/30150642/ Type Error Occurred
https://movie.douban.com/subject/30142136/ Type Error Occurred
https://movie.douban.com/subject/27088995/ Type Error Occurred
https://movie.douban.com/subject/1298584/ Type Error Occurred
https://movie.douban.com/subject/1529245/ Invalid IMDB id
https://movie.douban.com/subject/4199775/ Type Error Occurred
https://movie.douban.com/subject/26466429/ Type Error Occurred
https://movie.douban.com/subject/21354116/ Type Error Occurred
https://movie.douban.com/subject/30232339/ Type Error Occurred
https://movie.douban.com/subject/4742378/ Type Error Occurred
https://movie.douban.com/subject/27107139/ Type Error Occurred
https://movie.douban.com/subject/26633183/ Type Error Occurred
https://movie.douban.com/subject/2011322/ Type Error Occurred
https://movie.douban.com/subject/26934291/ Type Error Occurred
https://movie.douban.com/subject/27622822/ Type Error Occurred
https://movie.douban.com/subject/27135420/ Type Error Occurred
https://movie.douban.com/subject/26427106/ Type Error Occurred
https://movie.douban.com/subject/11620643/ Type Error Occurred
https://movie.douban.com/subject/26908002/ Type Error Occurred
https://movie.douban.com/subject/27026477/ Type Error Occurred
https://movie.douban.com/subject/2212156/ Type Error Occurred
https://movie.douban.com/subject/2287274/ Type Error Occurred
https://movie.douban.com/subject/26984529/ Type Error Occurred
https://movie.douban.com/subject/1957935/ Type Error Occurred
https://movie.douban.com/subject/2140991/ Type Error Occurred
https://movie.douban.com/subject/20473389/ Invalid IMDB id
https://movie.douban.com/subject/2281658/ Type Error Occurred
https://movie.douban.com/subject/26789734/ Type Error Occurred
https://movie.douban.com/subject/26322805/ Type Error Occurred
https://movie.douban.com/subject/26744074/ Type Error Occurred
https://movie.douban.com/subject/3339420/ Type Error Occurred
https://movie.douban.com/subject/26801809/ Type Error Occurred
https://movie.douban.com/subject/27663982/ Type Error Occurred
https://movie.douban.com/subject/26133293/ Type Error Occurred
https://movie.douban.com/subject/26310143/ Type Error Occurred
https://movie.douban.com/subject/1465390/ Type Error Occurred
https://movie.douban.com/subject/3871838/ Type Error Occurred
https://movie.douban.com/subject/2331296/ Type Error Occurred
https://movie.douban.com/subject/2326686/ Type Error Occurred
https://movie.douban.com/subject/1482688/ Invalid IMDB id
https://movie.douban.com/subject/3365626/ Type Error Occurred
https://movie.douban.com/subject/1482671/ Type Error Occurred
https://movie.douban.com/subject/1782004/ Type Error Occurred
https://movie.douban.com/subject/1837856/ Type Error Occurred
https://movie.douban.com/subject/3415481/ Type Error Occurred
https://movie.douban.com/subject/1431688/ Invalid IMDB id
https://movie.douban.com/subject/4067827/ Type Error Occurred
https://movie.douban.com/subject/30164711/ Invalid IMDB id
https://movie.douban.com/subject/4707902/ Type Error Occurred
https://movie.douban.com/subject/30279959/ Type Error Occurred
https://movie.douban.com/subject/30273071/ Type Error Occurred
https://movie.douban.com/subject/21327490/ Type Error Occurred
https://movie.douban.com/subject/4889423/ Type Error Occurred
https://movie.douban.com/subject/26287800/ Type Error Occurred
https://movie.douban.com/subject/20426994/ Type Error Occurred
https://movie.douban.com/subject/26790580/ Type Error Occurred
https://movie.douban.com/subject/26335373/ Type Error Occurred
https://movie.douban.com/subject/26705560/ Type Error Occurred
https://movie.douban.com/subject/26359270/ Type Error Occurred
https://movie.douban.com/subject/26682415/ Type Error Occurred
https://movie.douban.com/subject/26030078/ Type Error Occurred
https://movie.douban.com/subject/27063421/ Type Error Occurred
https://movie.douban.com/subject/25986984/ Type Error Occurred
https://movie.douban.com/subject/26752596/ Type Error Occurred
https://movie.douban.com/subject/30162669/ Type Error Occurred
https://movie.douban.com/subject/26274132/ Type Error Occurred
https://movie.douban.com/subject/26721325/ Invalid IMDB id
https://movie.douban.com/subject/26433985/ Type Error Occurred
https://movie.douban.com/subject/26680597/ Invalid IMDB id
https://movie.douban.com/subject/27126335/ Invalid IMDB id
https://movie.douban.com/subject/25908065/ Invalid IMDB id
https://movie.douban.com/subject/26853088/ Invalid IMDB id
https://movie.douban.com/subject/26939209/ Invalid IMDB id
https://movie.douban.com/subject/26711052/ Invalid IMDB id
https://movie.douban.com/subject/26883093/ Invalid IMDB id
https://movie.douban.com/subject/26697532/ Invalid IMDB id
https://movie.douban.com/subject/27005338/ Invalid IMDB id
https://movie.douban.com/subject/26757951/ Invalid IMDB id
https://movie.douban.com/subject/30365438/ Type Error Occurred
https://movie.douban.com/subject/2162905/ Type Error Occurred
https://movie.douban.com/subject/10833893/ Type Error Occurred
https://movie.douban.com/subject/24714590/ Type Error Occurred
https://movie.douban.com/subject/25809181/ Type Error Occurred
https://movie.douban.com/subject/6984046/ Type Error Occurred
https://movie.douban.com/subject/26100814/ Type Error Occurred
https://movie.douban.com/subject/26219597/ Type Error Occurred
https://movie.douban.com/subject/26365503/ Type Error Occurred
https://movie.douban.com/subject/26352421/ Type Error Occurred
https://movie.douban.com/subject/26334949/ Type Error Occurred
https://movie.douban.com/subject/26334946/ Type Error Occurred
https://movie.douban.com/subject/25812420/ Type Error Occurred
https://movie.douban.com/subject/25907063/ Type Error Occurred
https://movie.douban.com/subject/26435736/ Type Error Occurred
https://movie.douban.com/subject/26298756/ Type Error Occurred
https://movie.douban.com/subject/25778438/ Type Error Occurred
https://movie.douban.com/subject/26588970/ Type Error Occurred
https://movie.douban.com/subject/26676348/ Type Error Occurred
https://movie.douban.com/subject/26657015/ Type Error Occurred
https://movie.douban.com/subject/25831874/ Type Error Occurred
https://movie.douban.com/subject/26609692/ Type Error Occurred
https://movie.douban.com/subject/26779558/ Type Error Occurred
https://movie.douban.com/subject/26741568/ Type Error Occurred
https://movie.douban.com/subject/26779274/ Type Error Occurred
https://movie.douban.com/subject/26738733/ Type Error Occurred
https://movie.douban.com/subject/26614088/ Type Error Occurred
https://movie.douban.com/subject/26675616/ Type Error Occurred
https://movie.douban.com/subject/26820448/ Type Error Occurred
https://movie.douban.com/subject/26427831/ Type Error Occurred
https://movie.douban.com/subject/26869115/ Type Error Occurred
https://movie.douban.com/subject/26852892/ Type Error Occurred
https://movie.douban.com/subject/26816519/ Type Error Occurred
https://movie.douban.com/subject/26899729/ Type Error Occurred
https://movie.douban.com/subject/26344999/ Type Error Occurred
https://movie.douban.com/subject/26752700/ Type Error Occurred
https://movie.douban.com/subject/25975243/ Type Error Occurred
https://movie.douban.com/subject/26989728/ Type Error Occurred
https://movie.douban.com/subject/26963804/ Type Error Occurred
https://movie.douban.com/subject/26363186/ Type Error Occurred
https://movie.douban.com/subject/26918840/ Type Error Occurred
https://movie.douban.com/subject/27008416/ Type Error Occurred
https://movie.douban.com/subject/26828285/ Type Error Occurred
https://movie.douban.com/subject/26838164/ Type Error Occurred
https://movie.douban.com/subject/5152622/ Type Error Occurred
https://movie.douban.com/subject/25884822/ Type Error Occurred
https://movie.douban.com/subject/20452350/ Type Error Occurred
https://movie.douban.com/subject/3073118/ Type Error Occurred
https://movie.douban.com/subject/3287611/ Type Error Occurred
https://movie.douban.com/subject/1758810/ Type Error Occurred
https://movie.douban.com/subject/1353727/ Type Error Occurred
https://movie.douban.com/subject/2373195/ Type Error Occurred
https://movie.douban.com/subject/2297171/ Type Error Occurred
https://movie.douban.com/subject/1469353/ Type Error Occurred
https://movie.douban.com/subject/2266668/ Type Error Occurred
https://movie.douban.com/subject/22623816/ Type Error Occurred
https://movie.douban.com/subject/24773955/ Type Error Occurred
https://movie.douban.com/subject/5349413/ Type Error Occurred
https://movie.douban.com/subject/3569996/ Type Error Occurred
https://movie.douban.com/subject/24298954/ Type Error Occurred
https://movie.douban.com/subject/24840402/ Type Error Occurred
https://movie.douban.com/subject/3143729/ Type Error Occurred
https://movie.douban.com/subject/3007830/ Type Error Occurred
https://movie.douban.com/subject/26596876/ Type Error Occurred
https://movie.douban.com/subject/26389464/ Type Error Occurred
https://movie.douban.com/subject/25857975/ Type Error Occurred
https://movie.douban.com/subject/24879815/ Type Error Occurred
https://movie.douban.com/subject/25813431/ Type Error Occurred
https://movie.douban.com/subject/26331573/ Type Error Occurred
https://movie.douban.com/subject/25719258/ Type Error Occurred
https://movie.douban.com/subject/2136812/ Type Error Occurred
https://movie.douban.com/subject/26351823/ Type Error Occurred
https://movie.douban.com/subject/26321184/ Type Error Occurred
https://movie.douban.com/subject/26298935/ Type Error Occurred
https://movie.douban.com/subject/5194682/ Type Error Occurred
https://movie.douban.com/subject/25884685/ Type Error Occurred
https://movie.douban.com/subject/21335171/ Type Error Occurred
https://movie.douban.com/subject/26298999/ Type Error Occurred
https://movie.douban.com/subject/4312195/ Type Error Occurred
https://movie.douban.com/subject/2244426/ Type Error Occurred
https://movie.douban.com/subject/26147397/ Type Error Occurred
https://movie.douban.com/subject/3878007/ Type Error Occurred
https://movie.douban.com/subject/26147476/ Type Error Occurred
https://movie.douban.com/subject/25958810/ Type Error Occurred
https://movie.douban.com/subject/26213252/ Type Error Occurred
https://movie.douban.com/subject/24861355/ Type Error Occurred
https://movie.douban.com/subject/10777710/ Type Error Occurred
https://movie.douban.com/subject/2238157/ Type Error Occurred
https://movie.douban.com/subject/25828589/ Type Error Occurred
https://movie.douban.com/subject/3266530/ Type Error Occurred
https://movie.douban.com/subject/25806970/ Invalid IMDB id
https://movie.douban.com/subject/26617089/ Invalid IMDB id
https://movie.douban.com/subject/3240828/ Type Error Occurred
https://movie.douban.com/subject/26292143/ Type Error Occurred
https://movie.douban.com/subject/25885824/ Type Error Occurred
https://movie.douban.com/subject/26147395/ Type Error Occurred
https://movie.douban.com/subject/26100958/ Type Error Occurred
https://movie.douban.com/subject/26433395/ Type Error Occurred
https://movie.douban.com/subject/2263061/ Type Error Occurred
https://movie.douban.com/subject/26595432/ Type Error Occurred
https://movie.douban.com/subject/26602332/ Invalid IMDB id
https://movie.douban.com/subject/26334996/ Invalid IMDB id
https://movie.douban.com/subject/26368295/ Type Error Occurred
https://movie.douban.com/subject/3546539/ Type Error Occurred
https://movie.douban.com/subject/4135259/ Type Error Occurred
https://movie.douban.com/subject/2153322/ Type Error Occurred
https://movie.douban.com/subject/26593840/ Type Error Occurred
https://movie.douban.com/subject/26600280/ Invalid IMDB id
https://movie.douban.com/subject/26673226/ Type Error Occurred
https://movie.douban.com/subject/10467754/ Type Error Occurred
https://movie.douban.com/subject/26184561/ Type Error Occurred
https://movie.douban.com/subject/22621034/ Type Error Occurred
https://movie.douban.com/subject/3804747/ Type Error Occurred
https://movie.douban.com/subject/3844943/ Type Error Occurred
https://movie.douban.com/subject/25804433/ Type Error Occurred
https://movie.douban.com/subject/26253294/ Type Error Occurred
https://movie.douban.com/subject/10521892/ Type Error Occurred
https://movie.douban.com/subject/25982461/ Type Error Occurred
https://movie.douban.com/subject/22724130/ Invalid IMDB id
https://movie.douban.com/subject/26392668/ Type Error Occurred
https://movie.douban.com/subject/26392670/ Type Error Occurred
https://movie.douban.com/subject/26392671/ Type Error Occurred
https://movie.douban.com/subject/26268574/ Type Error Occurred
https://movie.douban.com/subject/2139176/ Type Error Occurred
https://movie.douban.com/subject/25907124/ Type Error Occurred
https://movie.douban.com/subject/4840388/ Type Error Occurred
https://movie.douban.com/subject/26685966/ Type Error Occurred
https://movie.douban.com/subject/26640100/ Type Error Occurred
https://movie.douban.com/subject/4176665/ Type Error Occurred
https://movie.douban.com/subject/26253882/ Type Error Occurred
https://movie.douban.com/subject/1830591/ Type Error Occurred
https://movie.douban.com/subject/25938701/ Type Error Occurred
https://movie.douban.com/subject/3011317/ Type Error Occurred
https://movie.douban.com/subject/2065047/ Type Error Occurred
https://movie.douban.com/subject/26662329/ Type Error Occurred
https://movie.douban.com/subject/25779217/ Type Error Occurred
https://movie.douban.com/subject/2214141/ Type Error Occurred
https://movie.douban.com/subject/6984863/ Type Error Occurred
https://movie.douban.com/subject/26617270/ Type Error Occurred
https://movie.douban.com/subject/26628284/ Type Error Occurred
https://movie.douban.com/subject/26654197/ Type Error Occurred
https://movie.douban.com/subject/26838016/ Invalid IMDB id
https://movie.douban.com/subject/2269637/ Type Error Occurred
https://movie.douban.com/subject/26701196/ Type Error Occurred
https://movie.douban.com/subject/26743525/ Type Error Occurred
https://movie.douban.com/subject/26838693/ Type Error Occurred
https://movie.douban.com/subject/26587403/ Type Error Occurred
https://movie.douban.com/subject/26351864/ Type Error Occurred
https://movie.douban.com/subject/25718135/ Type Error Occurred
https://movie.douban.com/subject/26757090/ Type Error Occurred
https://movie.douban.com/subject/6424756/ Type Error Occurred
https://movie.douban.com/subject/26997470/ Type Error Occurred
https://movie.douban.com/subject/27010768/ Type Error Occurred
https://movie.douban.com/subject/26389321/ Type Error Occurred
https://movie.douban.com/subject/26667010/ Type Error Occurred
https://movie.douban.com/subject/27073752/ Type Error Occurred
https://movie.douban.com/subject/26970964/ Type Error Occurred
https://movie.douban.com/subject/27145404/ Type Error Occurred
https://movie.douban.com/subject/26945122/ Type Error Occurred
https://movie.douban.com/subject/27087787/ Type Error Occurred
https://movie.douban.com/subject/27042467/ Type Error Occurred
https://movie.douban.com/subject/27097890/ Type Error Occurred
https://movie.douban.com/subject/27068597/ Type Error Occurred
https://movie.douban.com/subject/26909790/ Type Error Occurred
https://movie.douban.com/subject/27087724/ Type Error Occurred
https://movie.douban.com/subject/26931786/ Type Error Occurred
https://movie.douban.com/subject/30211750/ Type Error Occurred
https://movie.douban.com/subject/19899707/ Type Error Occurred
https://movie.douban.com/subject/27031237/ Type Error Occurred
https://movie.douban.com/subject/27119724/ Type Error Occurred
https://movie.douban.com/subject/26394152/ Type Error Occurred
https://movie.douban.com/subject/30290917/ Type Error Occurred
https://movie.douban.com/subject/27171397/ Type Error Occurred
https://movie.douban.com/subject/30148172/ Type Error Occurred
https://movie.douban.com/subject/27036735/ Type Error Occurred
https://movie.douban.com/subject/27038857/ Type Error Occurred
https://movie.douban.com/subject/26993083/ Type Error Occurred
https://movie.douban.com/subject/26985973/ Type Error Occurred
https://movie.douban.com/subject/26997533/ Type Error Occurred
https://movie.douban.com/subject/26915602/ Type Error Occurred
https://movie.douban.com/subject/27055699/ Type Error Occurred
https://movie.douban.com/subject/26854273/ Type Error Occurred
https://movie.douban.com/subject/25823663/ Type Error Occurred
https://movie.douban.com/subject/26647103/ Type Error Occurred
https://movie.douban.com/subject/27079601/ Type Error Occurred
https://movie.douban.com/subject/26886270/ Type Error Occurred
https://movie.douban.com/subject/30145148/ Type Error Occurred
https://movie.douban.com/subject/26336684/ Type Error Occurred
https://movie.douban.com/subject/11577091/ Type Error Occurred
https://movie.douban.com/subject/7051471/ Type Error Occurred
https://movie.douban.com/subject/27031389/ Type Error Occurred
https://movie.douban.com/subject/26957989/ Type Error Occurred
https://movie.douban.com/subject/2377406/ Type Error Occurred
https://movie.douban.com/subject/2343106/ Type Error Occurred
https://movie.douban.com/subject/26965753/ Type Error Occurred
https://movie.douban.com/subject/26958597/ Type Error Occurred
https://movie.douban.com/subject/26389403/ Type Error Occurred
https://movie.douban.com/subject/27002131/ Type Error Occurred
https://movie.douban.com/subject/5163386/ Type Error Occurred
https://movie.douban.com/subject/26707767/ Type Error Occurred
https://movie.douban.com/subject/26779885/ Attribute Error Occurred
https://movie.douban.com/subject/26961208/ Type Error Occurred
https://movie.douban.com/subject/25752323/ Type Error Occurred
https://movie.douban.com/subject/2363887/ Type Error Occurred
https://movie.douban.com/subject/26813221/ Type Error Occurred
https://movie.douban.com/subject/26603847/ Type Error Occurred
https://movie.douban.com/subject/26717030/ Type Error Occurred
https://movie.douban.com/subject/26805324/ Type Error Occurred
https://movie.douban.com/subject/5203869/ Type Error Occurred
https://movie.douban.com/subject/26302882/ Type Error Occurred
https://movie.douban.com/subject/26427445/ Type Error Occurred
https://movie.douban.com/subject/26852793/ Type Error Occurred
https://movie.douban.com/subject/26691486/ Type Error Occurred
https://movie.douban.com/subject/26869684/ Type Error Occurred
https://movie.douban.com/subject/2190881/ Type Error Occurred
https://movie.douban.com/subject/26772013/ Type Error Occurred
https://movie.douban.com/subject/26930540/ Type Error Occurred
https://movie.douban.com/subject/26926437/ Type Error Occurred
https://movie.douban.com/subject/26235354/ Type Error Occurred
https://movie.douban.com/subject/10807810/ Type Error Occurred
https://movie.douban.com/subject/26918285/ Type Error Occurred
https://movie.douban.com/subject/26934346/ Type Error Occurred
https://movie.douban.com/subject/2153943/ Type Error Occurred
https://movie.douban.com/subject/1779347/ Type Error Occurred
https://movie.douban.com/subject/26831695/ Type Error Occurred
https://movie.douban.com/subject/26784967/ Type Error Occurred
https://movie.douban.com/subject/5361546/ Type Error Occurred
https://movie.douban.com/subject/26951954/ Type Error Occurred
https://movie.douban.com/subject/26776807/ Type Error Occurred
https://movie.douban.com/subject/5361545/ Type Error Occurred
https://movie.douban.com/subject/26723175/ Type Error Occurred
https://movie.douban.com/subject/27046594/ Type Error Occurred
https://movie.douban.com/subject/26671380/ Type Error Occurred
https://movie.douban.com/subject/26748847/ Type Error Occurred
https://movie.douban.com/subject/26684329/ Type Error Occurred
https://movie.douban.com/subject/5360250/ Type Error Occurred
https://movie.douban.com/subject/26800981/ Type Error Occurred
https://movie.douban.com/subject/26787149/ Type Error Occurred
https://movie.douban.com/subject/1417487/ Type Error Occurred
https://movie.douban.com/subject/26981525/ Type Error Occurred
https://movie.douban.com/subject/26742620/ Type Error Occurred
https://movie.douban.com/subject/25755448/ Type Error Occurred
https://movie.douban.com/subject/10829031/ Type Error Occurred
https://movie.douban.com/subject/25897313/ Type Error Occurred
https://movie.douban.com/subject/26798481/ Type Error Occurred
https://movie.douban.com/subject/25953429/ Type Error Occurred
https://movie.douban.com/subject/26647711/ Type Error Occurred
https://movie.douban.com/subject/26794215/ Type Error Occurred
https://movie.douban.com/subject/26680329/ Type Error Occurred
https://movie.douban.com/subject/26766869/ Type Error Occurred
https://movie.douban.com/subject/25831924/ Type Error Occurred
https://movie.douban.com/subject/26662337/ Attribute Error Occurred
https://movie.douban.com/subject/26767306/ Type Error Occurred
https://movie.douban.com/subject/25750923/ Type Error Occurred
https://movie.douban.com/subject/25884125/ Type Error Occurred
https://movie.douban.com/subject/26427152/ Type Error Occurred
https://movie.douban.com/subject/26369181/ Type Error Occurred
https://movie.douban.com/subject/26677985/ Type Error Occurred
https://movie.douban.com/subject/26737483/ Invalid IMDB id
https://movie.douban.com/subject/26820511/ Type Error Occurred
https://movie.douban.com/subject/26604456/ Type Error Occurred
https://movie.douban.com/subject/20558374/ Type Error Occurred
https://movie.douban.com/subject/26387813/ Type Error Occurred
https://movie.douban.com/subject/26719562/ Type Error Occurred
https://movie.douban.com/subject/25862357/ Type Error Occurred
https://movie.douban.com/subject/26366492/ Type Error Occurred
https://movie.douban.com/subject/26594369/ Type Error Occurred
https://movie.douban.com/subject/26387804/ Type Error Occurred
https://movie.douban.com/subject/22751894/ Type Error Occurred
https://movie.douban.com/subject/26336281/ Type Error Occurred
https://movie.douban.com/subject/25846032/ Type Error Occurred
https://movie.douban.com/subject/26297399/ Type Error Occurred
https://movie.douban.com/subject/25873036/ Type Error Occurred
https://movie.douban.com/subject/26200198/ Type Error Occurred
https://movie.douban.com/subject/25976733/ Type Error Occurred
https://movie.douban.com/subject/25871680/ Type Error Occurred
https://movie.douban.com/subject/5313428/ Type Error Occurred
https://movie.douban.com/subject/25839052/ Type Error Occurred
https://movie.douban.com/subject/23055586/ Type Error Occurred
https://movie.douban.com/subject/10458405/ Type Error Occurred
https://movie.douban.com/subject/25884422/ Type Error Occurred
https://movie.douban.com/subject/2133370/ Type Error Occurred
https://movie.douban.com/subject/26258113/ Type Error Occurred
https://movie.douban.com/subject/10549253/ Type Error Occurred
https://movie.douban.com/subject/25919897/ Type Error Occurred
https://movie.douban.com/subject/4203891/ Type Error Occurred
https://movie.douban.com/subject/26388908/ Type Error Occurred
https://movie.douban.com/subject/25986676/ Type Error Occurred
https://movie.douban.com/subject/6126439/ Type Error Occurred
https://movie.douban.com/subject/2131678/ Type Error Occurred
https://movie.douban.com/subject/1441948/ Type Error Occurred
https://movie.douban.com/subject/5028366/ Type Error Occurred
https://movie.douban.com/subject/26254370/ Type Error Occurred
https://movie.douban.com/subject/4933235/ Type Error Occurred
https://movie.douban.com/subject/10867437/ Type Error Occurred
https://movie.douban.com/subject/6985317/ Type Error Occurred
https://movie.douban.com/subject/5919662/ Type Error Occurred
https://movie.douban.com/subject/3754368/ Type Error Occurred
https://movie.douban.com/subject/5977487/ Type Error Occurred
https://movie.douban.com/subject/25871679/ Type Error Occurred
https://movie.douban.com/subject/20644938/ Type Error Occurred
https://movie.douban.com/subject/25850640/ Type Error Occurred
https://movie.douban.com/subject/6952149/ Type Error Occurred
https://movie.douban.com/subject/4927382/ Type Error Occurred
https://movie.douban.com/subject/4256328/ Type Error Occurred
https://movie.douban.com/subject/3586996/ Type Error Occurred
https://movie.douban.com/subject/25770124/ Type Error Occurred
https://movie.douban.com/subject/25837700/ Type Error Occurred
https://movie.douban.com/subject/1439487/ Type Error Occurred
https://movie.douban.com/subject/24748854/ Type Error Occurred
https://movie.douban.com/subject/26304163/ Invalid IMDB id
https://movie.douban.com/subject/26304164/ Invalid IMDB id
https://movie.douban.com/subject/26304162/ Invalid IMDB id
https://movie.douban.com/subject/26304161/ Invalid IMDB id
https://movie.douban.com/subject/26304160/ Invalid IMDB id
https://movie.douban.com/subject/26304159/ Invalid IMDB id
https://movie.douban.com/subject/26302610/ Invalid IMDB id
https://movie.douban.com/subject/25773294/ Invalid IMDB id
https://movie.douban.com/subject/26301744/ Invalid IMDB id
https://movie.douban.com/subject/26301742/ Invalid IMDB id
https://movie.douban.com/subject/25837185/ Type Error Occurred
https://movie.douban.com/subject/25719291/ Type Error Occurred
https://movie.douban.com/subject/26341777/ Type Error Occurred
https://movie.douban.com/subject/25772602/ Type Error Occurred
https://movie.douban.com/subject/24697949/ Type Error Occurred
https://movie.douban.com/subject/1305866/ Type Error Occurred
https://movie.douban.com/subject/25726259/ Type Error Occurred
https://movie.douban.com/subject/25875022/ Type Error Occurred
https://movie.douban.com/subject/22507437/ Type Error Occurred
https://movie.douban.com/subject/24849982/ Type Error Occurred
https://movie.douban.com/subject/24869254/ Type Error Occurred
https://movie.douban.com/subject/1478168/ Type Error Occurred
https://movie.douban.com/subject/3314870/ Type Error Occurred
https://movie.douban.com/subject/2150220/ Type Error Occurred
https://movie.douban.com/subject/23997724/ Type Error Occurred
https://movie.douban.com/subject/22220086/ Type Error Occurred
https://movie.douban.com/subject/4894070/ Type Error Occurred
https://movie.douban.com/subject/10867124/ Type Error Occurred
https://movie.douban.com/subject/6142597/ Type Error Occurred
https://movie.douban.com/subject/3824837/ Type Error Occurred
https://movie.douban.com/subject/2264216/ Type Error Occurred
https://movie.douban.com/subject/1434302/ Type Error Occurred
https://movie.douban.com/subject/1864810/ Type Error Occurred
https://movie.douban.com/subject/11502153/ Type Error Occurred
https://movie.douban.com/subject/1857872/ Type Error Occurred
https://movie.douban.com/subject/24695611/ Type Error Occurred
https://movie.douban.com/subject/3134145/ Type Error Occurred
https://movie.douban.com/subject/4937405/ Type Error Occurred
https://movie.douban.com/subject/4933194/ Type Error Occurred
https://movie.douban.com/subject/1482394/ Type Error Occurred
https://movie.douban.com/subject/5502678/ Type Error Occurred
https://movie.douban.com/subject/5318667/ Type Error Occurred
https://movie.douban.com/subject/3801472/ Type Error Occurred
https://movie.douban.com/subject/3882839/ Type Error Occurred
https://movie.douban.com/subject/4049665/ Type Error Occurred
https://movie.douban.com/subject/4054781/ Type Error Occurred
https://movie.douban.com/subject/4202210/ Type Error Occurred
https://movie.douban.com/subject/3786452/ Type Error Occurred
https://movie.douban.com/subject/1870407/ Type Error Occurred
https://movie.douban.com/subject/3103678/ Type Error Occurred
https://movie.douban.com/subject/4010968/ Type Error Occurred
https://movie.douban.com/subject/4294068/ Type Error Occurred
https://movie.douban.com/subject/4293234/ Type Error Occurred
https://movie.douban.com/subject/4053797/ Type Error Occurred
https://movie.douban.com/subject/1441871/ Type Error Occurred
https://movie.douban.com/subject/1428176/ Type Error Occurred
https://movie.douban.com/subject/2215900/ Type Error Occurred
https://movie.douban.com/subject/3737021/ Type Error Occurred
https://movie.douban.com/subject/1770095/ Type Error Occurred
https://movie.douban.com/subject/3618316/ Type Error Occurred
https://movie.douban.com/subject/3670481/ Type Error Occurred
https://movie.douban.com/subject/3737290/ Type Error Occurred
https://movie.douban.com/subject/3543690/ Attribute Error Occurred
https://movie.douban.com/subject/3069851/ Type Error Occurred
https://movie.douban.com/subject/3737045/ Type Error Occurred
https://movie.douban.com/subject/3737034/ Type Error Occurred
https://movie.douban.com/subject/3778283/ Type Error Occurred
https://movie.douban.com/subject/10430313/ Type Error Occurred
https://movie.douban.com/subject/5908471/ Type Error Occurred
https://movie.douban.com/subject/4230954/ Type Error Occurred
https://movie.douban.com/subject/3420350/ Type Error Occurred
https://movie.douban.com/subject/2152997/ Type Error Occurred
https://movie.douban.com/subject/3531012/ Type Error Occurred
https://movie.douban.com/subject/3530988/ Type Error Occurred
https://movie.douban.com/subject/1763205/ Type Error Occurred
https://movie.douban.com/subject/3823388/ Type Error Occurred
https://movie.douban.com/subject/2027742/ Type Error Occurred
https://movie.douban.com/subject/2375043/ Type Error Occurred
https://movie.douban.com/subject/1310172/ Type Error Occurred
https://movie.douban.com/subject/3239777/ Type Error Occurred
https://movie.douban.com/subject/3035722/ Type Error Occurred
https://movie.douban.com/subject/2063540/ Type Error Occurred
https://movie.douban.com/subject/1998630/ Type Error Occurred
https://movie.douban.com/subject/2156663/ Type Error Occurred
https://movie.douban.com/subject/2210246/ Type Error Occurred
https://movie.douban.com/subject/2173763/ Type Error Occurred
https://movie.douban.com/subject/2210241/ Type Error Occurred
https://movie.douban.com/subject/1963235/ Type Error Occurred
https://movie.douban.com/subject/2377632/ Type Error Occurred
https://movie.douban.com/subject/3138598/ Type Error Occurred
https://movie.douban.com/subject/2344755/ Type Error Occurred
https://movie.douban.com/subject/1394819/ Type Error Occurred
https://movie.douban.com/subject/1825679/ Type Error Occurred
https://movie.douban.com/subject/1440974/ Type Error Occurred
https://movie.douban.com/subject/1440973/ Type Error Occurred
https://movie.douban.com/subject/1440971/ Type Error Occurred
https://movie.douban.com/subject/3204491/ Type Error Occurred
https://movie.douban.com/subject/2270390/ Type Error Occurred
https://movie.douban.com/subject/2239293/ Type Error Occurred
https://movie.douban.com/subject/2239292/ Type Error Occurred
https://movie.douban.com/subject/2158699/ Type Error Occurred
https://movie.douban.com/subject/2133474/ Type Error Occurred
https://movie.douban.com/subject/5162126/ Type Error Occurred
https://movie.douban.com/subject/3273895/ Type Error Occurred
https://movie.douban.com/subject/1337286/ Type Error Occurred
https://movie.douban.com/subject/1860580/ Type Error Occurred
https://movie.douban.com/subject/1340527/ Type Error Occurred
https://movie.douban.com/subject/2301383/ Type Error Occurred
https://movie.douban.com/subject/5414534/ Type Error Occurred
https://movie.douban.com/subject/4113335/ Type Error Occurred
https://movie.douban.com/subject/2301387/ Type Error Occurred
https://movie.douban.com/subject/1960238/ Type Error Occurred
https://movie.douban.com/subject/3310898/ Type Error Occurred
https://movie.douban.com/subject/2376728/ Type Error Occurred
https://movie.douban.com/subject/4300697/ Type Error Occurred
https://movie.douban.com/subject/2338146/ Type Error Occurred
https://movie.douban.com/subject/1298854/ Type Error Occurred
https://movie.douban.com/subject/2253613/ Type Error Occurred
https://movie.douban.com/subject/3197006/ Type Error Occurred
https://movie.douban.com/subject/1876781/ Type Error Occurred
https://movie.douban.com/subject/1427816/ Type Error Occurred
https://movie.douban.com/subject/21332518/ Invalid IMDB id
https://movie.douban.com/subject/1419297/ Type Error Occurred
https://movie.douban.com/subject/1878360/ Type Error Occurred
https://movie.douban.com/subject/1299645/ Type Error Occurred
https://movie.douban.com/subject/3901451/ Type Error Occurred
https://movie.douban.com/subject/2154390/ Type Error Occurred
https://movie.douban.com/subject/2158486/ Type Error Occurred
https://movie.douban.com/subject/2031438/ Type Error Occurred
https://movie.douban.com/subject/2154096/ Type Error Occurred
https://movie.douban.com/subject/2254648/ Type Error Occurred
https://movie.douban.com/subject/25735931/ Type Error Occurred
https://movie.douban.com/subject/20429050/ Type Error Occurred
https://movie.douban.com/subject/10597950/ Type Error Occurred
https://movie.douban.com/subject/5403958/ Type Error Occurred
https://movie.douban.com/subject/3401355/ Type Error Occurred
https://movie.douban.com/subject/25752329/ Type Error Occurred
https://movie.douban.com/subject/2154349/ Type Error Occurred
https://movie.douban.com/subject/2154348/ Type Error Occurred
https://movie.douban.com/subject/2154343/ Type Error Occurred
https://movie.douban.com/subject/2393060/ Type Error Occurred
https://movie.douban.com/subject/3620686/ Type Error Occurred
https://movie.douban.com/subject/25768128/ Type Error Occurred
https://movie.douban.com/subject/20398945/ Type Error Occurred
https://movie.douban.com/subject/6985315/ Type Error Occurred
https://movie.douban.com/subject/5990367/ Type Error Occurred
https://movie.douban.com/subject/4769314/ Type Error Occurred
https://movie.douban.com/subject/25823412/ Type Error Occurred
https://movie.douban.com/subject/22523356/ Type Error Occurred
https://movie.douban.com/subject/6037429/ Type Error Occurred
https://movie.douban.com/subject/25823668/ Type Error Occurred
https://movie.douban.com/subject/25811267/ Type Error Occurred
https://movie.douban.com/subject/1438243/ Type Error Occurred
https://movie.douban.com/subject/5359940/ Type Error Occurred
https://movie.douban.com/subject/25824755/ Type Error Occurred
https://movie.douban.com/subject/25960944/ Type Error Occurred
https://movie.douban.com/subject/6534230/ Type Error Occurred
https://movie.douban.com/subject/20471804/ Type Error Occurred
https://movie.douban.com/subject/4826178/ Type Error Occurred
https://movie.douban.com/subject/3402160/ Type Error Occurred
https://movie.douban.com/subject/1794084/ Type Error Occurred
https://movie.douban.com/subject/2214268/ Type Error Occurred
https://movie.douban.com/subject/6126457/ Type Error Occurred
https://movie.douban.com/subject/3882715/ Type Error Occurred
https://movie.douban.com/subject/6386983/ Type Error Occurred
https://movie.douban.com/subject/4073898/ Attribute Error Occurred
https://movie.douban.com/subject/4840357/ Type Error Occurred
https://movie.douban.com/subject/1459786/ Invalid IMDB id
https://movie.douban.com/subject/2148858/ Type Error Occurred
https://movie.douban.com/subject/1483449/ Type Error Occurred
https://movie.douban.com/subject/2282382/ Invalid IMDB id
https://movie.douban.com/subject/2033873/ Invalid IMDB id
https://movie.douban.com/subject/1437321/ Type Error Occurred
https://movie.douban.com/subject/3713664/ Attribute Error Occurred
https://movie.douban.com/subject/3558661/ Invalid IMDB id
https://movie.douban.com/subject/3036480/ Type Error Occurred
https://movie.douban.com/subject/6528885/ Type Error Occurred
https://movie.douban.com/subject/6794396/ Type Error Occurred
https://movie.douban.com/subject/2006926/ Invalid IMDB id
https://movie.douban.com/subject/4819057/ Type Error Occurred
https://movie.douban.com/subject/10557256/ Invalid IMDB id
https://movie.douban.com/subject/19437957/ Type Error Occurred
https://movie.douban.com/subject/20020315/ Type Error Occurred
https://movie.douban.com/subject/24713803/ Type Error Occurred
https://movie.douban.com/subject/1421781/ Type Error Occurred
https://movie.douban.com/subject/2210001/ Type Error Occurred
https://movie.douban.com/subject/2346536/ Type Error Occurred
https://movie.douban.com/subject/1433112/ Type Error Occurred
https://movie.douban.com/subject/1438013/ Type Error Occurred
https://movie.douban.com/subject/1305227/ Type Error Occurred
https://movie.douban.com/subject/3348593/ Type Error Occurred
https://movie.douban.com/subject/1959291/ Invalid IMDB id
https://movie.douban.com/subject/1946314/ Invalid IMDB id
https://movie.douban.com/subject/2147482/ Type Error Occurred
https://movie.douban.com/subject/1431751/ Type Error Occurred
https://movie.douban.com/subject/2249541/ Type Error Occurred
https://movie.douban.com/subject/1307847/ Type Error Occurred
https://movie.douban.com/subject/2040657/ Type Error Occurred
https://movie.douban.com/subject/2305321/ Invalid IMDB id
https://movie.douban.com/subject/1305427/ Type Error Occurred
https://movie.douban.com/subject/2160144/ Type Error Occurred
https://movie.douban.com/subject/2239286/ Type Error Occurred
https://movie.douban.com/subject/1472247/ Invalid IMDB id
https://movie.douban.com/subject/2210250/ Type Error Occurred
https://movie.douban.com/subject/2343690/ Type Error Occurred
https://movie.douban.com/subject/1498632/ Invalid IMDB id
https://movie.douban.com/subject/2210236/ Type Error Occurred
https://movie.douban.com/subject/2210071/ Type Error Occurred
https://movie.douban.com/subject/2994961/ Type Error Occurred
https://movie.douban.com/subject/1845639/ Type Error Occurred
https://movie.douban.com/subject/3254213/ Type Error Occurred
https://movie.douban.com/subject/2020610/ Type Error Occurred
https://movie.douban.com/subject/2295788/ Type Error Occurred
https://movie.douban.com/subject/2294267/ Type Error Occurred
https://movie.douban.com/subject/2157131/ Type Error Occurred
https://movie.douban.com/subject/1773394/ Type Error Occurred
https://movie.douban.com/subject/5341838/ Type Error Occurred
https://movie.douban.com/subject/1478186/ Type Error Occurred
https://movie.douban.com/subject/3081149/ Type Error Occurred
https://movie.douban.com/subject/2248707/ Type Error Occurred
https://movie.douban.com/subject/1767355/ Type Error Occurred
https://movie.douban.com/subject/3273898/ Type Error Occurred
https://movie.douban.com/subject/5940819/ Type Error Occurred
https://movie.douban.com/subject/27190054/ Type Error Occurred
https://movie.douban.com/subject/26954253/ Type Error Occurred
https://movie.douban.com/subject/26869686/ Type Error Occurred
https://movie.douban.com/subject/26322644/ Type Error Occurred
https://movie.douban.com/subject/27147735/ Type Error Occurred
https://movie.douban.com/subject/26841619/ Type Error Occurred
https://movie.douban.com/subject/26698210/ Type Error Occurred
https://movie.douban.com/subject/30232379/ Type Error Occurred
https://movie.douban.com/subject/26948407/ Type Error Occurred
https://movie.douban.com/subject/27077785/ Type Error Occurred
https://movie.douban.com/subject/27043263/ Type Error Occurred
https://movie.douban.com/subject/26969746/ Type Error Occurred
https://movie.douban.com/subject/27621613/ Type Error Occurred
https://movie.douban.com/subject/26997983/ Type Error Occurred
https://movie.douban.com/subject/27624641/ Type Error Occurred
https://movie.douban.com/subject/27149382/ Type Error Occurred
https://movie.douban.com/subject/30203507/ Type Error Occurred
https://movie.douban.com/subject/25804453/ Type Error Occurred
https://movie.douban.com/subject/30192037/ Type Error Occurred
https://movie.douban.com/subject/27097801/ Type Error Occurred
https://movie.douban.com/subject/26252279/ Type Error Occurred
https://movie.douban.com/subject/27036727/ Type Error Occurred
https://movie.douban.com/subject/27099302/ Type Error Occurred
https://movie.douban.com/subject/27162635/ Type Error Occurred
https://movie.douban.com/subject/27041235/ Type Error Occurred
https://movie.douban.com/subject/27620913/ Type Error Occurred
https://movie.douban.com/subject/26723680/ Type Error Occurred
https://movie.douban.com/subject/30181455/ Type Error Occurred
https://movie.douban.com/subject/26973756/ Type Error Occurred
https://movie.douban.com/subject/30181454/ Type Error Occurred
https://movie.douban.com/subject/30162213/ Type Error Occurred
https://movie.douban.com/subject/27043642/ Type Error Occurred
https://movie.douban.com/subject/27012899/ Type Error Occurred
https://movie.douban.com/subject/30150627/ Type Error Occurred
https://movie.douban.com/subject/30157139/ Type Error Occurred
https://movie.douban.com/subject/27025029/ Type Error Occurred
https://movie.douban.com/subject/26887174/ Type Error Occurred
https://movie.douban.com/subject/30135594/ Type Error Occurred
https://movie.douban.com/subject/27026042/ Type Error Occurred
https://movie.douban.com/subject/30140042/ Type Error Occurred
https://movie.douban.com/subject/26997532/ Type Error Occurred
https://movie.douban.com/subject/27605548/ Type Error Occurred
https://movie.douban.com/subject/25732581/ Type Error Occurred
https://movie.douban.com/subject/4312208/ Type Error Occurred
https://movie.douban.com/subject/30156023/ Type Error Occurred
https://movie.douban.com/subject/26318120/ Type Error Occurred
https://movie.douban.com/subject/25803183/ Type Error Occurred
https://movie.douban.com/subject/27044015/ Type Error Occurred
https://movie.douban.com/subject/27041207/ Type Error Occurred
https://movie.douban.com/subject/27041242/ Type Error Occurred
https://movie.douban.com/subject/27046643/ Type Error Occurred
https://movie.douban.com/subject/27663984/ Type Error Occurred
https://movie.douban.com/subject/27042712/ Type Error Occurred
https://movie.douban.com/subject/26952093/ Type Error Occurred
https://movie.douban.com/subject/27041364/ Type Error Occurred
https://movie.douban.com/subject/27602137/ Type Error Occurred
https://movie.douban.com/subject/26992364/ Type Error Occurred
https://movie.douban.com/subject/30161293/ Type Error Occurred
https://movie.douban.com/subject/26910060/ Type Error Occurred
https://movie.douban.com/subject/27000999/ Type Error Occurred
https://movie.douban.com/subject/27068596/ Type Error Occurred
https://movie.douban.com/subject/26974949/ Type Error Occurred
https://movie.douban.com/subject/26692442/ Type Error Occurred
https://movie.douban.com/subject/26888731/ Type Error Occurred
https://movie.douban.com/subject/26753903/ Type Error Occurred
https://movie.douban.com/subject/27040066/ Type Error Occurred
https://movie.douban.com/subject/2061809/ Type Error Occurred
https://movie.douban.com/subject/27603684/ Type Error Occurred
https://movie.douban.com/subject/27115274/ Type Error Occurred
https://movie.douban.com/subject/26899316/ Type Error Occurred
https://movie.douban.com/subject/24722767/ Type Error Occurred
https://movie.douban.com/subject/26329065/ Type Error Occurred
https://movie.douban.com/subject/27205162/ Type Error Occurred
https://movie.douban.com/subject/26474254/ Type Error Occurred
https://movie.douban.com/subject/27600992/ Type Error Occurred
https://movie.douban.com/subject/30145616/ Type Error Occurred
https://movie.douban.com/subject/10453761/ Type Error Occurred
https://movie.douban.com/subject/20266743/ Type Error Occurred
https://movie.douban.com/subject/27097811/ Type Error Occurred
https://movie.douban.com/subject/27007669/ Type Error Occurred
https://movie.douban.com/subject/26896001/ Type Error Occurred
https://movie.douban.com/subject/26852668/ Type Error Occurred
https://movie.douban.com/subject/27065652/ Type Error Occurred
https://movie.douban.com/subject/27602100/ Type Error Occurred
https://movie.douban.com/subject/27140017/ Type Error Occurred
https://movie.douban.com/subject/26901443/ Type Error Occurred
https://movie.douban.com/subject/26710532/ Type Error Occurred
https://movie.douban.com/subject/26901427/ Type Error Occurred
https://movie.douban.com/subject/27621185/ Type Error Occurred
https://movie.douban.com/subject/7000220/ Type Error Occurred
https://movie.douban.com/subject/27622945/ Type Error Occurred
https://movie.douban.com/subject/27187152/ Type Error Occurred
https://movie.douban.com/subject/27186619/ Type Error Occurred
https://movie.douban.com/subject/19965220/ Type Error Occurred
https://movie.douban.com/subject/4245081/ Type Error Occurred
https://movie.douban.com/subject/26656750/ Type Error Occurred
https://movie.douban.com/subject/27621014/ Type Error Occurred
https://movie.douban.com/subject/25926851/ Type Error Occurred
https://movie.douban.com/subject/26665065/ Type Error Occurred
https://movie.douban.com/subject/4839173/ Type Error Occurred
https://movie.douban.com/subject/27130292/ Type Error Occurred
https://movie.douban.com/subject/26946433/ Type Error Occurred
https://movie.douban.com/subject/3882772/ Type Error Occurred
https://movie.douban.com/subject/26891591/ Type Error Occurred
https://movie.douban.com/subject/26654033/ Type Error Occurred
https://movie.douban.com/subject/25814668/ Type Error Occurred
https://movie.douban.com/subject/27194985/ Type Error Occurred
https://movie.douban.com/subject/26877392/ Type Error Occurred
https://movie.douban.com/subject/26878990/ Type Error Occurred
https://movie.douban.com/subject/27119322/ Type Error Occurred
https://movie.douban.com/subject/26961227/ Type Error Occurred
https://movie.douban.com/subject/26938395/ Type Error Occurred
https://movie.douban.com/subject/27017802/ Type Error Occurred
https://movie.douban.com/subject/27192250/ Type Error Occurred
https://movie.douban.com/subject/27620616/ Type Error Occurred
https://movie.douban.com/subject/26860788/ Type Error Occurred
https://movie.douban.com/subject/4303624/ Type Error Occurred
https://movie.douban.com/subject/26329064/ Type Error Occurred
https://movie.douban.com/subject/26581830/ Type Error Occurred
https://movie.douban.com/subject/27081753/ Type Error Occurred
https://movie.douban.com/subject/26841305/ Invalid IMDB id
https://movie.douban.com/subject/26905456/ Type Error Occurred
https://movie.douban.com/subject/27087788/ Type Error Occurred
https://movie.douban.com/subject/19966150/ Type Error Occurred
https://movie.douban.com/subject/26979223/ Type Error Occurred
https://movie.douban.com/subject/26214079/ Type Error Occurred
https://movie.douban.com/subject/27038856/ Type Error Occurred
https://movie.douban.com/subject/26898192/ Type Error Occurred
https://movie.douban.com/subject/26877925/ Type Error Occurred
https://movie.douban.com/subject/26945864/ Type Error Occurred
https://movie.douban.com/subject/26734201/ Type Error Occurred
https://movie.douban.com/subject/27075196/ Type Error Occurred
https://movie.douban.com/subject/26971164/ Type Error Occurred
https://movie.douban.com/subject/26769508/ Type Error Occurred
https://movie.douban.com/subject/27593529/ Type Error Occurred
https://movie.douban.com/subject/26803471/ Type Error Occurred
https://movie.douban.com/subject/27078003/ Type Error Occurred
https://movie.douban.com/subject/26846968/ Type Error Occurred
https://movie.douban.com/subject/27166411/ Type Error Occurred
https://movie.douban.com/subject/27097746/ Type Error Occurred
https://movie.douban.com/subject/26386677/ Type Error Occurred
https://movie.douban.com/subject/25948218/ Type Error Occurred
https://movie.douban.com/subject/27180952/ Type Error Occurred
https://movie.douban.com/subject/27028863/ Type Error Occurred
https://movie.douban.com/subject/26881131/ Type Error Occurred
https://movie.douban.com/subject/27043035/ Type Error Occurred
https://movie.douban.com/subject/27097784/ Type Error Occurred
https://movie.douban.com/subject/27101862/ Type Error Occurred
https://movie.douban.com/subject/26979545/ Type Error Occurred
https://movie.douban.com/subject/26808214/ Type Error Occurred
https://movie.douban.com/subject/26992330/ Type Error Occurred
https://movie.douban.com/subject/26698209/ Type Error Occurred
https://movie.douban.com/subject/27052462/ Type Error Occurred
https://movie.douban.com/subject/26837030/ Type Error Occurred
https://movie.douban.com/subject/23776233/ Type Error Occurred
https://movie.douban.com/subject/5977855/ Type Error Occurred
https://movie.douban.com/subject/5977854/ Type Error Occurred
https://movie.douban.com/subject/5977853/ Type Error Occurred
https://movie.douban.com/subject/5977852/ Type Error Occurred
https://movie.douban.com/subject/5977851/ Type Error Occurred
https://movie.douban.com/subject/5977832/ Type Error Occurred
https://movie.douban.com/subject/5382889/ Type Error Occurred
https://movie.douban.com/subject/1394204/ Type Error Occurred
https://movie.douban.com/subject/27119321/ Type Error Occurred
https://movie.douban.com/subject/27103757/ Type Error Occurred
https://movie.douban.com/subject/26738762/ Type Error Occurred
https://movie.douban.com/subject/25961316/ Type Error Occurred
https://movie.douban.com/subject/5162027/ Type Error Occurred
https://movie.douban.com/subject/24937078/ Type Error Occurred
https://movie.douban.com/subject/5923699/ Type Error Occurred
https://movie.douban.com/subject/5923654/ Type Error Occurred
https://movie.douban.com/subject/2263267/ Type Error Occurred
https://movie.douban.com/subject/2263272/ Type Error Occurred
https://movie.douban.com/subject/26710394/ Type Error Occurred
https://movie.douban.com/subject/26849107/ Type Error Occurred
https://movie.douban.com/subject/26884427/ Type Error Occurred
https://movie.douban.com/subject/27097812/ Type Error Occurred
https://movie.douban.com/subject/2918154/ Type Error Occurred
https://movie.douban.com/subject/2154868/ Type Error Occurred
https://movie.douban.com/subject/26890593/ Type Error Occurred
https://movie.douban.com/subject/1325007/ Type Error Occurred
https://movie.douban.com/subject/2033065/ Type Error Occurred
https://movie.douban.com/subject/27034707/ Type Error Occurred
https://movie.douban.com/subject/26854282/ Type Error Occurred
https://movie.douban.com/subject/6397677/ Type Error Occurred
https://movie.douban.com/subject/26959212/ Type Error Occurred
https://movie.douban.com/subject/26797287/ Type Error Occurred
https://movie.douban.com/subject/26888737/ Type Error Occurred
https://movie.douban.com/subject/26880985/ Type Error Occurred
https://movie.douban.com/subject/1866864/ Type Error Occurred
https://movie.douban.com/subject/26916787/ Type Error Occurred
https://movie.douban.com/subject/26303734/ Type Error Occurred
https://movie.douban.com/subject/26287786/ Type Error Occurred
https://movie.douban.com/subject/26591472/ Type Error Occurred
https://movie.douban.com/subject/26628717/ Type Error Occurred
https://movie.douban.com/subject/2190931/ Type Error Occurred
https://movie.douban.com/subject/2190929/ Type Error Occurred
https://movie.douban.com/subject/2190928/ Type Error Occurred
https://movie.douban.com/subject/2190927/ Type Error Occurred
https://movie.douban.com/subject/27073193/ Type Error Occurred
https://movie.douban.com/subject/26976418/ Type Error Occurred
https://movie.douban.com/subject/26951951/ Type Error Occurred
https://movie.douban.com/subject/26657443/ Type Error Occurred
https://movie.douban.com/subject/26758758/ Type Error Occurred
https://movie.douban.com/subject/26387824/ Type Error Occurred
https://movie.douban.com/subject/25846038/ Type Error Occurred
https://movie.douban.com/subject/23023610/ Type Error Occurred
https://movie.douban.com/subject/27041537/ Type Error Occurred
https://movie.douban.com/subject/26842335/ Type Error Occurred
https://movie.douban.com/subject/27054593/ Type Error Occurred
https://movie.douban.com/subject/27063414/ Type Error Occurred
https://movie.douban.com/subject/27068899/ Type Error Occurred
https://movie.douban.com/subject/26977172/ Type Error Occurred
https://movie.douban.com/subject/26895367/ Type Error Occurred
https://movie.douban.com/subject/26417192/ Type Error Occurred
https://movie.douban.com/subject/27046252/ Type Error Occurred
https://movie.douban.com/subject/27065032/ Type Error Occurred
https://movie.douban.com/subject/27062635/ Type Error Occurred
https://movie.douban.com/subject/26334256/ Type Error Occurred
https://movie.douban.com/subject/26386725/ Type Error Occurred
https://movie.douban.com/subject/26938387/ Type Error Occurred
https://movie.douban.com/subject/26999920/ Type Error Occurred
https://movie.douban.com/subject/26392857/ Type Error Occurred
https://movie.douban.com/subject/20515991/ Type Error Occurred
https://movie.douban.com/subject/1919348/ Type Error Occurred
https://movie.douban.com/subject/5284641/ Type Error Occurred
https://movie.douban.com/subject/26895435/ Type Error Occurred
https://movie.douban.com/subject/26614658/ Type Error Occurred
https://movie.douban.com/subject/26800297/ Type Error Occurred
https://movie.douban.com/subject/3078221/ Type Error Occurred
https://movie.douban.com/subject/26935299/ Type Error Occurred
https://movie.douban.com/subject/26853691/ Type Error Occurred
https://movie.douban.com/subject/26752996/ Type Error Occurred
https://movie.douban.com/subject/26870796/ Type Error Occurred
https://movie.douban.com/subject/26362832/ Type Error Occurred
https://movie.douban.com/subject/26709697/ Type Error Occurred
https://movie.douban.com/subject/27032266/ Type Error Occurred
https://movie.douban.com/subject/27112700/ Invalid IMDB id
https://movie.douban.com/subject/26236632/ Type Error Occurred
https://movie.douban.com/subject/26979008/ Type Error Occurred
https://movie.douban.com/subject/27052485/ Type Error Occurred
https://movie.douban.com/subject/26820999/ Type Error Occurred
https://movie.douban.com/subject/1428238/ Type Error Occurred
https://movie.douban.com/subject/3148556/ Attribute Error Occurred
https://movie.douban.com/subject/26837905/ Type Error Occurred
https://movie.douban.com/subject/6998786/ Type Error Occurred
https://movie.douban.com/subject/26999880/ Type Error Occurred
https://movie.douban.com/subject/27000554/ Type Error Occurred
https://movie.douban.com/subject/26660936/ Type Error Occurred
https://movie.douban.com/subject/26735549/ Type Error Occurred
https://movie.douban.com/subject/26986846/ Type Error Occurred
https://movie.douban.com/subject/27091593/ Type Error Occurred
https://movie.douban.com/subject/26297251/ Type Error Occurred
https://movie.douban.com/subject/25755667/ Type Error Occurred
https://movie.douban.com/subject/10808371/ Type Error Occurred
https://movie.douban.com/subject/26778850/ Type Error Occurred
https://movie.douban.com/subject/5401550/ Type Error Occurred
https://movie.douban.com/subject/24298580/ Type Error Occurred
https://movie.douban.com/subject/11535134/ Type Error Occurred
https://movie.douban.com/subject/26605881/ Type Error Occurred
https://movie.douban.com/subject/27041519/ Invalid IMDB id
https://movie.douban.com/subject/26976356/ Type Error Occurred
https://movie.douban.com/subject/26972688/ Type Error Occurred
https://movie.douban.com/subject/25832813/ Type Error Occurred
https://movie.douban.com/subject/26337980/ Type Error Occurred
https://movie.douban.com/subject/26683926/ Type Error Occurred
https://movie.douban.com/subject/26692295/ Type Error Occurred
https://movie.douban.com/subject/26775115/ Type Error Occurred
https://movie.douban.com/subject/26985017/ Type Error Occurred
https://movie.douban.com/subject/27012497/ Type Error Occurred
https://movie.douban.com/subject/26564640/ Type Error Occurred
https://movie.douban.com/subject/26947873/ Type Error Occurred
https://movie.douban.com/subject/26797711/ Type Error Occurred
https://movie.douban.com/subject/26702166/ Type Error Occurred
https://movie.douban.com/subject/27046662/ Type Error Occurred
https://movie.douban.com/subject/26776810/ Type Error Occurred
https://movie.douban.com/subject/26877934/ Type Error Occurred
https://movie.douban.com/subject/26782706/ Type Error Occurred
https://movie.douban.com/subject/26972704/ Type Error Occurred
https://movie.douban.com/subject/25843076/ Type Error Occurred
https://movie.douban.com/subject/26749114/ Type Error Occurred
https://movie.douban.com/subject/26920269/ Invalid IMDB id
https://movie.douban.com/subject/26385657/ Type Error Occurred
https://movie.douban.com/subject/26776374/ Type Error Occurred
https://movie.douban.com/subject/26883853/ Type Error Occurred
https://movie.douban.com/subject/26984195/ Type Error Occurred
https://movie.douban.com/subject/6308210/ Type Error Occurred
https://movie.douban.com/subject/26985180/ Type Error Occurred
https://movie.douban.com/subject/10763982/ Type Error Occurred
https://movie.douban.com/subject/26972675/ Type Error Occurred
https://movie.douban.com/subject/26974339/ Type Error Occurred
https://movie.douban.com/subject/26972557/ Type Error Occurred
https://movie.douban.com/subject/26954770/ Type Error Occurred
https://movie.douban.com/subject/26723677/ Type Error Occurred
https://movie.douban.com/subject/26665724/ Type Error Occurred
https://movie.douban.com/subject/25964145/ Type Error Occurred
https://movie.douban.com/subject/21371686/ Type Error Occurred
https://movie.douban.com/subject/1807504/ Type Error Occurred
https://movie.douban.com/subject/26303778/ Type Error Occurred
https://movie.douban.com/subject/26865984/ Type Error Occurred
https://movie.douban.com/subject/26684328/ Type Error Occurred
https://movie.douban.com/subject/26758722/ Type Error Occurred
https://movie.douban.com/subject/26087532/ Type Error Occurred
https://movie.douban.com/subject/25783962/ Type Error Occurred
https://movie.douban.com/subject/25926498/ Type Error Occurred
https://movie.douban.com/subject/27047887/ Invalid IMDB id
https://movie.douban.com/subject/26639161/ Type Error Occurred
https://movie.douban.com/subject/24696904/ Type Error Occurred
https://movie.douban.com/subject/25926480/ Type Error Occurred
https://movie.douban.com/subject/26683900/ Type Error Occurred
https://movie.douban.com/subject/26101233/ Type Error Occurred
https://movie.douban.com/subject/26752161/ Type Error Occurred
https://movie.douban.com/subject/26840169/ Type Error Occurred
https://movie.douban.com/subject/3072110/ Type Error Occurred
https://movie.douban.com/subject/26290409/ Type Error Occurred
https://movie.douban.com/subject/26359190/ Type Error Occurred
https://movie.douban.com/subject/21963412/ Type Error Occurred
https://movie.douban.com/subject/10539218/ Type Error Occurred
https://movie.douban.com/subject/26383162/ Type Error Occurred
https://movie.douban.com/subject/26423158/ Type Error Occurred
https://movie.douban.com/subject/6013893/ Type Error Occurred
https://movie.douban.com/subject/26661661/ Type Error Occurred
https://movie.douban.com/subject/26576692/ Type Error Occurred
https://movie.douban.com/subject/26818263/ Type Error Occurred
https://movie.douban.com/subject/26862589/ Type Error Occurred
https://movie.douban.com/subject/26710423/ Type Error Occurred
https://movie.douban.com/subject/26416957/ Type Error Occurred
https://movie.douban.com/subject/26718795/ Type Error Occurred
https://movie.douban.com/subject/26841148/ Type Error Occurred
https://movie.douban.com/subject/26768295/ Type Error Occurred
https://movie.douban.com/subject/3231634/ Type Error Occurred
https://movie.douban.com/subject/4915864/ Type Error Occurred
https://movie.douban.com/subject/1784076/ Type Error Occurred
https://movie.douban.com/subject/3989080/ Type Error Occurred
https://movie.douban.com/subject/3820554/ Type Error Occurred
https://movie.douban.com/subject/1996316/ Type Error Occurred
https://movie.douban.com/subject/26584103/ Type Error Occurred
https://movie.douban.com/subject/25749873/ Type Error Occurred
https://movie.douban.com/subject/6284624/ Type Error Occurred
https://movie.douban.com/subject/26779276/ Type Error Occurred
https://movie.douban.com/subject/26855963/ Type Error Occurred
https://movie.douban.com/subject/26708240/ Type Error Occurred
https://movie.douban.com/subject/26709503/ Type Error Occurred
https://movie.douban.com/subject/25832936/ Type Error Occurred
https://movie.douban.com/subject/25891903/ Type Error Occurred
https://movie.douban.com/subject/10597928/ Type Error Occurred
https://movie.douban.com/subject/26934348/ Type Error Occurred
https://movie.douban.com/subject/26928896/ Type Error Occurred
https://movie.douban.com/subject/1303515/ Type Error Occurred
https://movie.douban.com/subject/21485010/ Type Error Occurred
https://movie.douban.com/subject/6874354/ Type Error Occurred
https://movie.douban.com/subject/26741536/ Type Error Occurred
https://movie.douban.com/subject/26702623/ Type Error Occurred
https://movie.douban.com/subject/26379912/ Type Error Occurred
https://movie.douban.com/subject/26844338/ Type Error Occurred
https://movie.douban.com/subject/10597960/ Type Error Occurred
https://movie.douban.com/subject/6744564/ Type Error Occurred
https://movie.douban.com/subject/5258010/ Type Error Occurred
https://movie.douban.com/subject/4042536/ Type Error Occurred
https://movie.douban.com/subject/3026633/ Type Error Occurred
https://movie.douban.com/subject/19973397/ Type Error Occurred
https://movie.douban.com/subject/5370003/ Type Error Occurred
https://movie.douban.com/subject/4165084/ Type Error Occurred
https://movie.douban.com/subject/26691693/ Type Error Occurred
https://movie.douban.com/subject/24525295/ Type Error Occurred
https://movie.douban.com/subject/26611803/ Type Error Occurred
https://movie.douban.com/subject/25867986/ Type Error Occurred
https://movie.douban.com/subject/4196088/ Type Error Occurred
https://movie.douban.com/subject/26775561/ Type Error Occurred
https://movie.douban.com/subject/26881080/ Type Error Occurred
https://movie.douban.com/subject/5262279/ Type Error Occurred
https://movie.douban.com/subject/26958511/ Type Error Occurred
https://movie.douban.com/subject/26416016/ Type Error Occurred
https://movie.douban.com/subject/26337884/ Type Error Occurred
https://movie.douban.com/subject/26878601/ Type Error Occurred
https://movie.douban.com/subject/26599776/ Type Error Occurred
https://movie.douban.com/subject/26700633/ Type Error Occurred
https://movie.douban.com/subject/26630487/ Type Error Occurred
https://movie.douban.com/subject/26067965/ Type Error Occurred
https://movie.douban.com/subject/26780568/ Type Error Occurred
https://movie.douban.com/subject/26792604/ Type Error Occurred
https://movie.douban.com/subject/22520220/ Type Error Occurred
https://movie.douban.com/subject/25839053/ Type Error Occurred
https://movie.douban.com/subject/25967559/ Type Error Occurred
https://movie.douban.com/subject/24891288/ Type Error Occurred
https://movie.douban.com/subject/26330969/ Type Error Occurred
https://movie.douban.com/subject/26712075/ Type Error Occurred
https://movie.douban.com/subject/25969187/ Type Error Occurred
https://movie.douban.com/subject/26686643/ Type Error Occurred
https://movie.douban.com/subject/26067960/ Type Error Occurred
https://movie.douban.com/subject/25931382/ Type Error Occurred
https://movie.douban.com/subject/25903990/ Type Error Occurred
https://movie.douban.com/subject/21352499/ Type Error Occurred
https://movie.douban.com/subject/25766501/ Type Error Occurred
https://movie.douban.com/subject/25847318/ Type Error Occurred
https://movie.douban.com/subject/16468207/ Type Error Occurred
https://movie.douban.com/subject/25924036/ Type Error Occurred
https://movie.douban.com/subject/26821003/ Type Error Occurred
https://movie.douban.com/subject/26677285/ Type Error Occurred
https://movie.douban.com/subject/25955481/ Type Error Occurred
https://movie.douban.com/subject/26659509/ Type Error Occurred
https://movie.douban.com/subject/26313277/ Type Error Occurred
https://movie.douban.com/subject/24843403/ Type Error Occurred
https://movie.douban.com/subject/6874309/ Type Error Occurred
https://movie.douban.com/subject/26736624/ Type Error Occurred
https://movie.douban.com/subject/26678850/ Type Error Occurred
https://movie.douban.com/subject/26427493/ Type Error Occurred
https://movie.douban.com/subject/25837797/ Type Error Occurred
https://movie.douban.com/subject/23691859/ Type Error Occurred
https://movie.douban.com/subject/26772610/ Type Error Occurred
https://movie.douban.com/subject/26662488/ Type Error Occurred
https://movie.douban.com/subject/26371396/ Type Error Occurred
https://movie.douban.com/subject/26739358/ Type Error Occurred
https://movie.douban.com/subject/24873475/ Type Error Occurred
https://movie.douban.com/subject/26702549/ Type Error Occurred
https://movie.douban.com/subject/26957913/ Type Error Occurred
https://movie.douban.com/subject/26389417/ Type Error Occurred
https://movie.douban.com/subject/26266001/ Type Error Occurred
https://movie.douban.com/subject/26743474/ Type Error Occurred
https://movie.douban.com/subject/26436601/ Type Error Occurred
https://movie.douban.com/subject/26746532/ Type Error Occurred
https://movie.douban.com/subject/26740388/ Type Error Occurred
https://movie.douban.com/subject/26681978/ Type Error Occurred
https://movie.douban.com/subject/26989826/ Type Error Occurred
https://movie.douban.com/subject/26740396/ Type Error Occurred
https://movie.douban.com/subject/26663628/ Type Error Occurred
https://movie.douban.com/subject/26740391/ Type Error Occurred
https://movie.douban.com/subject/19997906/ Type Error Occurred
https://movie.douban.com/subject/3001499/ Type Error Occurred
https://movie.douban.com/subject/26909400/ Type Error Occurred
https://movie.douban.com/subject/26366493/ Type Error Occurred
https://movie.douban.com/subject/26758757/ Type Error Occurred
https://movie.douban.com/subject/26988587/ Type Error Occurred
https://movie.douban.com/subject/25845401/ Type Error Occurred
https://movie.douban.com/subject/26788025/ Type Error Occurred
https://movie.douban.com/subject/26661662/ Type Error Occurred
https://movie.douban.com/subject/1303788/ Type Error Occurred
https://movie.douban.com/subject/26874504/ Invalid IMDB id
https://movie.douban.com/subject/25977930/ Type Error Occurred
https://movie.douban.com/subject/26882330/ Type Error Occurred
https://movie.douban.com/subject/25966080/ Type Error Occurred
https://movie.douban.com/subject/26588239/ Type Error Occurred
https://movie.douban.com/subject/4059087/ Type Error Occurred
https://movie.douban.com/subject/4073744/ Type Error Occurred
https://movie.douban.com/subject/1482132/ Type Error Occurred
https://movie.douban.com/subject/20426953/ Type Error Occurred
https://movie.douban.com/subject/20426952/ Type Error Occurred
https://movie.douban.com/subject/11601816/ Type Error Occurred
https://movie.douban.com/subject/1499670/ Type Error Occurred
https://movie.douban.com/subject/2153939/ Type Error Occurred
https://movie.douban.com/subject/26947322/ Type Error Occurred
https://movie.douban.com/subject/26724684/ Type Error Occurred
https://movie.douban.com/subject/26689409/ Type Error Occurred
https://movie.douban.com/subject/26720117/ Type Error Occurred
https://movie.douban.com/subject/26845249/ Type Error Occurred
https://movie.douban.com/subject/26761231/ Type Error Occurred
https://movie.douban.com/subject/3055979/ Type Error Occurred
https://movie.douban.com/subject/10727634/ Type Error Occurred
https://movie.douban.com/subject/6307748/ Type Error Occurred
https://movie.douban.com/subject/26426150/ Type Error Occurred
https://movie.douban.com/subject/1979161/ Type Error Occurred
https://movie.douban.com/subject/26894482/ Type Error Occurred
https://movie.douban.com/subject/26687520/ Type Error Occurred
https://movie.douban.com/subject/26769563/ Type Error Occurred
https://movie.douban.com/subject/26930505/ Type Error Occurred
https://movie.douban.com/subject/26910854/ Type Error Occurred
https://movie.douban.com/subject/26811831/ Type Error Occurred
https://movie.douban.com/subject/26675245/ Type Error Occurred
https://movie.douban.com/subject/26758799/ Type Error Occurred
https://movie.douban.com/subject/26815054/ Type Error Occurred
https://movie.douban.com/subject/26672659/ Type Error Occurred
https://movie.douban.com/subject/26584127/ Type Error Occurred
https://movie.douban.com/subject/26766166/ Type Error Occurred
https://movie.douban.com/subject/26735801/ Type Error Occurred
https://movie.douban.com/subject/26413080/ Type Error Occurred
https://movie.douban.com/subject/25851762/ Type Error Occurred
https://movie.douban.com/subject/26384793/ Type Error Occurred
https://movie.douban.com/subject/25885410/ Type Error Occurred
https://movie.douban.com/subject/26641716/ Type Error Occurred
https://movie.douban.com/subject/26930506/ Type Error Occurred
https://movie.douban.com/subject/26895171/ Type Error Occurred
https://movie.douban.com/subject/26889606/ Type Error Occurred
https://movie.douban.com/subject/26889608/ Type Error Occurred
https://movie.douban.com/subject/26636273/ Type Error Occurred
https://movie.douban.com/subject/26891462/ Type Error Occurred
https://movie.douban.com/subject/26694967/ Type Error Occurred
https://movie.douban.com/subject/26681664/ Type Error Occurred
https://movie.douban.com/subject/5923466/ Type Error Occurred
https://movie.douban.com/subject/25905650/ Type Error Occurred
https://movie.douban.com/subject/26392167/ Invalid IMDB id
https://movie.douban.com/subject/26921674/ Type Error Occurred
https://movie.douban.com/subject/26740389/ Type Error Occurred
https://movie.douban.com/subject/26754624/ Type Error Occurred
https://movie.douban.com/subject/26636559/ Type Error Occurred
https://movie.douban.com/subject/26882204/ Type Error Occurred
https://movie.douban.com/subject/26873613/ Type Error Occurred
https://movie.douban.com/subject/26589929/ Type Error Occurred
https://movie.douban.com/subject/26836806/ Type Error Occurred
https://movie.douban.com/subject/26930704/ Type Error Occurred
https://movie.douban.com/subject/26461285/ Type Error Occurred
https://movie.douban.com/subject/26892555/ Type Error Occurred
https://movie.douban.com/subject/26836808/ Type Error Occurred
https://movie.douban.com/subject/25824738/ Type Error Occurred
https://movie.douban.com/subject/26868377/ Type Error Occurred
https://movie.douban.com/subject/26811832/ Type Error Occurred
https://movie.douban.com/subject/26723783/ Type Error Occurred
https://movie.douban.com/subject/26929113/ Attribute Error Occurred
https://movie.douban.com/subject/26733371/ Type Error Occurred
https://movie.douban.com/subject/26142526/ Type Error Occurred
https://movie.douban.com/subject/25822687/ Type Error Occurred
https://movie.douban.com/subject/26435723/ Type Error Occurred
https://movie.douban.com/subject/26827946/ Type Error Occurred
https://movie.douban.com/subject/26629153/ Type Error Occurred
https://movie.douban.com/subject/25853963/ Type Error Occurred
https://movie.douban.com/subject/26806792/ Type Error Occurred
https://movie.douban.com/subject/26805313/ Type Error Occurred
https://movie.douban.com/subject/26798436/ Type Error Occurred
https://movie.douban.com/subject/26801827/ Type Error Occurred
https://movie.douban.com/subject/26722118/ Type Error Occurred
https://movie.douban.com/subject/3737017/ Type Error Occurred
https://movie.douban.com/subject/3737008/ Type Error Occurred
https://movie.douban.com/subject/25853639/ Invalid IMDB id
https://movie.douban.com/subject/24839205/ Type Error Occurred
https://movie.douban.com/subject/26895158/ Type Error Occurred
https://movie.douban.com/subject/26436652/ Type Error Occurred
https://movie.douban.com/subject/26702284/ Type Error Occurred
https://movie.douban.com/subject/26887890/ Invalid IMDB id
https://movie.douban.com/subject/26431328/ Type Error Occurred
https://movie.douban.com/subject/26590061/ Type Error Occurred
https://movie.douban.com/subject/26682917/ Type Error Occurred
https://movie.douban.com/subject/26849113/ Type Error Occurred
https://movie.douban.com/subject/26781753/ Type Error Occurred
https://movie.douban.com/subject/26775543/ Type Error Occurred
https://movie.douban.com/subject/25926763/ Type Error Occurred
https://movie.douban.com/subject/25755606/ Type Error Occurred
https://movie.douban.com/subject/10787752/ Type Error Occurred
https://movie.douban.com/subject/25814433/ Type Error Occurred
https://movie.douban.com/subject/22791074/ Invalid IMDB id
https://movie.douban.com/subject/3067590/ Type Error Occurred
https://movie.douban.com/subject/26633265/ Type Error Occurred
https://movie.douban.com/subject/2153592/ Type Error Occurred
https://movie.douban.com/subject/2153599/ Type Error Occurred
https://movie.douban.com/subject/2153595/ Type Error Occurred
https://movie.douban.com/subject/2153598/ Type Error Occurred
https://movie.douban.com/subject/2153590/ Type Error Occurred
https://movie.douban.com/subject/1304397/ Type Error Occurred
https://movie.douban.com/subject/26365505/ Type Error Occurred
https://movie.douban.com/subject/25814808/ Type Error Occurred
https://movie.douban.com/subject/11615887/ Type Error Occurred
https://movie.douban.com/subject/5969392/ Invalid IMDB id
https://movie.douban.com/subject/2279588/ Type Error Occurred
https://movie.douban.com/subject/2252770/ Type Error Occurred
https://movie.douban.com/subject/2240849/ Type Error Occurred
https://movie.douban.com/subject/25890358/ Type Error Occurred
https://movie.douban.com/subject/24859431/ Type Error Occurred
https://movie.douban.com/subject/26295873/ Type Error Occurred
https://movie.douban.com/subject/25900177/ Type Error Occurred
https://movie.douban.com/subject/10462950/ Type Error Occurred
https://movie.douban.com/subject/25810585/ Type Error Occurred
https://movie.douban.com/subject/22523177/ Type Error Occurred
https://movie.douban.com/subject/5996810/ Type Error Occurred
https://movie.douban.com/subject/24522927/ Type Error Occurred
https://movie.douban.com/subject/10797516/ Type Error Occurred
https://movie.douban.com/subject/5379824/ Type Error Occurred
https://movie.douban.com/subject/23019755/ Type Error Occurred
https://movie.douban.com/subject/24530468/ Type Error Occurred
https://movie.douban.com/subject/10729552/ Type Error Occurred
https://movie.douban.com/subject/24700535/ Type Error Occurred
https://movie.douban.com/subject/10549256/ Type Error Occurred
https://movie.douban.com/subject/6794392/ Type Error Occurred
https://movie.douban.com/subject/5262031/ Type Error Occurred
https://movie.douban.com/subject/4010954/ Type Error Occurred
https://movie.douban.com/subject/3214020/ Type Error Occurred
https://movie.douban.com/subject/2346491/ Type Error Occurred
https://movie.douban.com/subject/2154354/ Type Error Occurred
https://movie.douban.com/subject/26337035/ Type Error Occurred
https://movie.douban.com/subject/25894298/ Type Error Occurred
https://movie.douban.com/subject/10570197/ Type Error Occurred
https://movie.douban.com/subject/6749656/ Type Error Occurred
https://movie.douban.com/subject/1786755/ Type Error Occurred
https://movie.douban.com/subject/1438760/ Type Error Occurred
https://movie.douban.com/subject/22992200/ Type Error Occurred
https://movie.douban.com/subject/6436752/ Type Error Occurred
https://movie.douban.com/subject/25865470/ Type Error Occurred
https://movie.douban.com/subject/26295867/ Type Error Occurred
https://movie.douban.com/subject/25843290/ Type Error Occurred
https://movie.douban.com/subject/1439497/ Type Error Occurred
https://movie.douban.com/subject/5294370/ Type Error Occurred
https://movie.douban.com/subject/3671959/ Type Error Occurred
https://movie.douban.com/subject/25852358/ Type Error Occurred
https://movie.douban.com/subject/26421082/ Type Error Occurred
https://movie.douban.com/subject/26309935/ Type Error Occurred
https://movie.douban.com/subject/25977899/ Type Error Occurred
https://movie.douban.com/subject/26170816/ Type Error Occurred
https://movie.douban.com/subject/25870571/ Type Error Occurred
https://movie.douban.com/subject/26352423/ Type Error Occurred
https://movie.douban.com/subject/6849034/ Type Error Occurred
https://movie.douban.com/subject/6386988/ Type Error Occurred
https://movie.douban.com/subject/25830684/ Type Error Occurred
https://movie.douban.com/subject/26384783/ Type Error Occurred
https://movie.douban.com/subject/1307376/ Type Error Occurred
https://movie.douban.com/subject/25957411/ Type Error Occurred
https://movie.douban.com/subject/26352610/ Type Error Occurred
https://movie.douban.com/subject/26268692/ Type Error Occurred
https://movie.douban.com/subject/26273478/ Type Error Occurred
https://movie.douban.com/subject/26282689/ Type Error Occurred
https://movie.douban.com/subject/26334229/ Type Error Occurred
https://movie.douban.com/subject/25846039/ Type Error Occurred
https://movie.douban.com/subject/25834551/ Type Error Occurred
https://movie.douban.com/subject/26375073/ Type Error Occurred
https://movie.douban.com/subject/26291545/ Type Error Occurred
https://movie.douban.com/subject/25784208/ Type Error Occurred
https://movie.douban.com/subject/10867438/ Type Error Occurred
https://movie.douban.com/subject/25851665/ Type Error Occurred
https://movie.douban.com/subject/25769161/ Type Error Occurred
https://movie.douban.com/subject/25984852/ Type Error Occurred
https://movie.douban.com/subject/25884484/ Type Error Occurred
https://movie.douban.com/subject/25846034/ Type Error Occurred
https://movie.douban.com/subject/25733164/ Type Error Occurred
https://movie.douban.com/subject/26003413/ Type Error Occurred
https://movie.douban.com/subject/24883222/ Type Error Occurred
https://movie.douban.com/subject/26683683/ Type Error Occurred
https://movie.douban.com/subject/25854853/ Type Error Occurred
https://movie.douban.com/subject/25886394/ Type Error Occurred
https://movie.douban.com/subject/25797331/ Type Error Occurred
https://movie.douban.com/subject/25830682/ Type Error Occurred
https://movie.douban.com/subject/26637701/ Type Error Occurred
https://movie.douban.com/subject/2154324/ Type Error Occurred
https://movie.douban.com/subject/2154325/ Type Error Occurred
https://movie.douban.com/subject/2154326/ Type Error Occurred
https://movie.douban.com/subject/2154323/ Type Error Occurred
https://movie.douban.com/subject/3901687/ Type Error Occurred
https://movie.douban.com/subject/1760516/ Type Error Occurred
https://movie.douban.com/subject/20411032/ Type Error Occurred
https://movie.douban.com/subject/6839265/ Type Error Occurred
https://movie.douban.com/subject/4290151/ Type Error Occurred
https://movie.douban.com/subject/21760613/ Type Error Occurred
https://movie.douban.com/subject/1470602/ Type Error Occurred
https://movie.douban.com/subject/1938587/ Type Error Occurred
https://movie.douban.com/subject/1756584/ Type Error Occurred
https://movie.douban.com/subject/3338821/ Type Error Occurred
https://movie.douban.com/subject/3138807/ Type Error Occurred
https://movie.douban.com/subject/4306330/ Type Error Occurred
https://movie.douban.com/subject/4306214/ Type Error Occurred
https://movie.douban.com/subject/4247686/ Type Error Occurred
https://movie.douban.com/subject/2073809/ Type Error Occurred
https://movie.douban.com/subject/6845671/ Type Error Occurred
https://movie.douban.com/subject/24839516/ Type Error Occurred
https://movie.douban.com/subject/24534548/ Type Error Occurred
https://movie.douban.com/subject/4160349/ Type Error Occurred
https://movie.douban.com/subject/3010194/ Type Error Occurred
https://movie.douban.com/subject/2993072/ Type Error Occurred
https://movie.douban.com/subject/2181930/ Type Error Occurred
https://movie.douban.com/subject/1418660/ Type Error Occurred
https://movie.douban.com/subject/2411184/ Type Error Occurred
https://movie.douban.com/subject/25762261/ Type Error Occurred
https://movie.douban.com/subject/6855115/ Type Error Occurred
https://movie.douban.com/subject/19961361/ Type Error Occurred
https://movie.douban.com/subject/1830528/ Type Error Occurred
https://movie.douban.com/subject/1863947/ Type Error Occurred
https://movie.douban.com/subject/6878443/ Type Error Occurred
https://movie.douban.com/subject/3012331/ Type Error Occurred
https://movie.douban.com/subject/2377277/ Type Error Occurred
https://movie.douban.com/subject/2995948/ Type Error Occurred
https://movie.douban.com/subject/3904560/ Type Error Occurred
https://movie.douban.com/subject/1863941/ Type Error Occurred
https://movie.douban.com/subject/2997325/ Type Error Occurred
https://movie.douban.com/subject/3156607/ Type Error Occurred
https://movie.douban.com/subject/1456485/ Type Error Occurred
https://movie.douban.com/subject/4812777/ Type Error Occurred
https://movie.douban.com/subject/2330666/ Type Error Occurred
https://movie.douban.com/subject/2259815/ Type Error Occurred
https://movie.douban.com/subject/3629206/ Type Error Occurred
https://movie.douban.com/subject/21351469/ Type Error Occurred
https://movie.douban.com/subject/3197004/ Type Error Occurred
https://movie.douban.com/subject/20258941/ Type Error Occurred
https://movie.douban.com/subject/2155164/ Type Error Occurred
https://movie.douban.com/subject/20395155/ Type Error Occurred
https://movie.douban.com/subject/25661522/ Type Error Occurred
https://movie.douban.com/subject/2389241/ Type Error Occurred
https://movie.douban.com/subject/3543956/ Type Error Occurred
https://movie.douban.com/subject/3284284/ Type Error Occurred
https://movie.douban.com/subject/3264730/ Type Error Occurred
https://movie.douban.com/subject/6894265/ Type Error Occurred
https://movie.douban.com/subject/3110666/ Type Error Occurred
https://movie.douban.com/subject/4858790/ Type Error Occurred
https://movie.douban.com/subject/3114220/ Type Error Occurred
https://movie.douban.com/subject/10540037/ Type Error Occurred
https://movie.douban.com/subject/2148680/ Type Error Occurred
https://movie.douban.com/subject/5916347/ Type Error Occurred
https://movie.douban.com/subject/1767197/ Type Error Occurred
https://movie.douban.com/subject/1307909/ Type Error Occurred
https://movie.douban.com/subject/1309219/ Invalid IMDB id
https://movie.douban.com/subject/1309221/ Invalid IMDB id
https://movie.douban.com/subject/6120366/ Type Error Occurred
https://movie.douban.com/subject/4905040/ Type Error Occurred
https://movie.douban.com/subject/10733231/ Type Error Occurred
https://movie.douban.com/subject/6714078/ Type Error Occurred
https://movie.douban.com/subject/3646523/ Type Error Occurred
https://movie.douban.com/subject/3196716/ Type Error Occurred
https://movie.douban.com/subject/2153016/ Type Error Occurred
https://movie.douban.com/subject/4018324/ Type Error Occurred
https://movie.douban.com/subject/1986910/ Type Error Occurred
https://movie.douban.com/subject/6781992/ Type Error Occurred
https://movie.douban.com/subject/5257294/ Type Error Occurred
https://movie.douban.com/subject/4006452/ Type Error Occurred
https://movie.douban.com/subject/3174074/ Type Error Occurred
https://movie.douban.com/subject/2277051/ Type Error Occurred
https://movie.douban.com/subject/3068368/ Type Error Occurred
https://movie.douban.com/subject/3002885/ Type Error Occurred
https://movie.douban.com/subject/1442129/ Type Error Occurred
https://movie.douban.com/subject/10755097/ Type Error Occurred
https://movie.douban.com/subject/6850280/ Type Error Occurred
https://movie.douban.com/subject/5262276/ Type Error Occurred
https://movie.douban.com/subject/4001699/ Type Error Occurred
https://movie.douban.com/subject/3226814/ Type Error Occurred
https://movie.douban.com/subject/3275425/ Type Error Occurred
https://movie.douban.com/subject/3275421/ Type Error Occurred
https://movie.douban.com/subject/3275416/ Type Error Occurred
https://movie.douban.com/subject/1395471/ Type Error Occurred
https://movie.douban.com/subject/10493928/ Type Error Occurred
https://movie.douban.com/subject/10463008/ Type Error Occurred
https://movie.douban.com/subject/3581467/ Type Error Occurred
https://movie.douban.com/subject/3581466/ Type Error Occurred
https://movie.douban.com/subject/3581471/ Type Error Occurred
https://movie.douban.com/subject/3581476/ Type Error Occurred
https://movie.douban.com/subject/19963894/ Type Error Occurred
https://movie.douban.com/subject/6738804/ Type Error Occurred
https://movie.douban.com/subject/6989768/ Type Error Occurred
https://movie.douban.com/subject/6866791/ Type Error Occurred
https://movie.douban.com/subject/6866792/ Type Error Occurred
https://movie.douban.com/subject/5342776/ Type Error Occurred
https://movie.douban.com/subject/4848610/ Type Error Occurred
https://movie.douban.com/subject/10748109/ Type Error Occurred
https://movie.douban.com/subject/5908508/ Invalid IMDB id
https://movie.douban.com/subject/10558405/ Invalid IMDB id
https://movie.douban.com/subject/3285421/ Type Error Occurred
https://movie.douban.com/subject/3285416/ Type Error Occurred
https://movie.douban.com/subject/3285411/ Type Error Occurred
https://movie.douban.com/subject/3285407/ Type Error Occurred
https://movie.douban.com/subject/1754882/ Type Error Occurred
https://movie.douban.com/subject/4281622/ Type Error Occurred
https://movie.douban.com/subject/4132895/ Type Error Occurred
https://movie.douban.com/subject/6796123/ Type Error Occurred
https://movie.douban.com/subject/5317270/ Type Error Occurred
https://movie.douban.com/subject/4249379/ Type Error Occurred
https://movie.douban.com/subject/4073925/ Type Error Occurred
https://movie.douban.com/subject/4059067/ Type Error Occurred
https://movie.douban.com/subject/1401382/ Type Error Occurred
https://movie.douban.com/subject/11498665/ Type Error Occurred
https://movie.douban.com/subject/6794395/ Type Error Occurred
https://movie.douban.com/subject/5262278/ Type Error Occurred
https://movie.douban.com/subject/3768121/ Type Error Occurred
https://movie.douban.com/subject/3735976/ Type Error Occurred
https://movie.douban.com/subject/3768128/ Type Error Occurred
https://movie.douban.com/subject/3768108/ Type Error Occurred
https://movie.douban.com/subject/1417726/ Type Error Occurred
https://movie.douban.com/subject/24700906/ Type Error Occurred
https://movie.douban.com/subject/11498729/ Type Error Occurred
https://movie.douban.com/subject/5289175/ Type Error Occurred
https://movie.douban.com/subject/2277064/ Type Error Occurred
https://movie.douban.com/subject/2375066/ Type Error Occurred
https://movie.douban.com/subject/2375064/ Type Error Occurred
https://movie.douban.com/subject/2375059/ Type Error Occurred
https://movie.douban.com/subject/2375053/ Type Error Occurred
https://movie.douban.com/subject/2375049/ Type Error Occurred
https://movie.douban.com/subject/20399314/ Type Error Occurred
https://movie.douban.com/subject/3067825/ Type Error Occurred
https://movie.douban.com/subject/2159093/ Type Error Occurred
https://movie.douban.com/subject/2355258/ Type Error Occurred
https://movie.douban.com/subject/20507018/ Type Error Occurred
https://movie.douban.com/subject/4106646/ Type Error Occurred
https://movie.douban.com/subject/4087240/ Type Error Occurred
https://movie.douban.com/subject/4075104/ Type Error Occurred
https://movie.douban.com/subject/4075084/ Type Error Occurred
https://movie.douban.com/subject/3836009/ Type Error Occurred
https://movie.douban.com/subject/3631839/ Type Error Occurred
https://movie.douban.com/subject/1395469/ Type Error Occurred
https://movie.douban.com/subject/25718140/ Type Error Occurred
https://movie.douban.com/subject/5326546/ Type Error Occurred
https://movie.douban.com/subject/6870246/ Type Error Occurred
https://movie.douban.com/subject/4942787/ Type Error Occurred
https://movie.douban.com/subject/4226908/ Type Error Occurred
https://movie.douban.com/subject/6519487/ Type Error Occurred
https://movie.douban.com/subject/24522856/ Type Error Occurred
https://movie.douban.com/subject/24522857/ Type Error Occurred
https://movie.douban.com/subject/24529335/ Type Error Occurred
https://movie.douban.com/subject/24522854/ Type Error Occurred
https://movie.douban.com/subject/24522855/ Type Error Occurred
https://movie.douban.com/subject/24529333/ Type Error Occurred
https://movie.douban.com/subject/24522597/ Type Error Occurred
https://movie.douban.com/subject/24530046/ Type Error Occurred
https://movie.douban.com/subject/24529338/ Type Error Occurred
https://movie.douban.com/subject/24529336/ Type Error Occurred
https://movie.douban.com/subject/24530047/ Type Error Occurred
https://movie.douban.com/subject/2030879/ Type Error Occurred
https://movie.douban.com/subject/20262329/ Type Error Occurred
https://movie.douban.com/subject/10537919/ Type Error Occurred
https://movie.douban.com/subject/4736542/ Type Error Occurred
https://movie.douban.com/subject/3627657/ Type Error Occurred
https://movie.douban.com/subject/2121521/ Type Error Occurred
https://movie.douban.com/subject/4852036/ Type Error Occurred
https://movie.douban.com/subject/10758271/ Type Error Occurred
https://movie.douban.com/subject/6729243/ Type Error Occurred
https://movie.douban.com/subject/3741764/ Type Error Occurred
https://movie.douban.com/subject/5382875/ Type Error Occurred
https://movie.douban.com/subject/4122664/ Type Error Occurred
https://movie.douban.com/subject/5332693/ Type Error Occurred
https://movie.douban.com/subject/5332691/ Type Error Occurred
https://movie.douban.com/subject/5332692/ Type Error Occurred
https://movie.douban.com/subject/5332694/ Type Error Occurred
https://movie.douban.com/subject/5320608/ Type Error Occurred
https://movie.douban.com/subject/1418477/ Type Error Occurred
https://movie.douban.com/subject/3286549/ Type Error Occurred
https://movie.douban.com/subject/3286547/ Type Error Occurred
https://movie.douban.com/subject/3286548/ Type Error Occurred
https://movie.douban.com/subject/3286543/ Type Error Occurred
https://movie.douban.com/subject/3286538/ Type Error Occurred
https://movie.douban.com/subject/3286536/ Type Error Occurred
https://movie.douban.com/subject/3286531/ Type Error Occurred
https://movie.douban.com/subject/3286528/ Type Error Occurred
https://movie.douban.com/subject/3286552/ Type Error Occurred
https://movie.douban.com/subject/1393859/ Type Error Occurred
https://movie.douban.com/subject/10756215/ Type Error Occurred
https://movie.douban.com/subject/6742616/ Type Error Occurred
https://movie.douban.com/subject/4836898/ Type Error Occurred
https://movie.douban.com/subject/3882800/ Type Error Occurred
https://movie.douban.com/subject/3193078/ Type Error Occurred
https://movie.douban.com/subject/5294729/ Type Error Occurred
https://movie.douban.com/subject/10558418/ Type Error Occurred
https://movie.douban.com/subject/4249704/ Type Error Occurred
https://movie.douban.com/subject/3627919/ Type Error Occurred
https://movie.douban.com/subject/3691183/ Type Error Occurred
https://movie.douban.com/subject/3634228/ Type Error Occurred
https://movie.douban.com/subject/1763834/ Type Error Occurred
https://movie.douban.com/subject/10561953/ Type Error Occurred
https://movie.douban.com/subject/6557005/ Type Error Occurred
https://movie.douban.com/subject/4804079/ Type Error Occurred
https://movie.douban.com/subject/10759848/ Type Error Occurred
https://movie.douban.com/subject/6959745/ Type Error Occurred
https://movie.douban.com/subject/4849236/ Type Error Occurred
https://movie.douban.com/subject/4011252/ Type Error Occurred
https://movie.douban.com/subject/3231622/ Type Error Occurred
https://movie.douban.com/subject/3231614/ Type Error Occurred
https://movie.douban.com/subject/2251195/ Type Error Occurred
https://movie.douban.com/subject/1427819/ Type Error Occurred
https://movie.douban.com/subject/3295628/ Type Error Occurred
https://movie.douban.com/subject/3295621/ Type Error Occurred
https://movie.douban.com/subject/3229605/ Type Error Occurred
https://movie.douban.com/subject/3112510/ Type Error Occurred
https://movie.douban.com/subject/3026768/ Type Error Occurred
https://movie.douban.com/subject/2999320/ Type Error Occurred
https://movie.douban.com/subject/2979881/ Type Error Occurred
https://movie.douban.com/subject/1418238/ Type Error Occurred
https://movie.douban.com/subject/4904663/ Type Error Occurred
https://movie.douban.com/subject/3100874/ Type Error Occurred
https://movie.douban.com/subject/2263263/ Type Error Occurred
https://movie.douban.com/subject/1899487/ Type Error Occurred
https://movie.douban.com/subject/4850563/ Type Error Occurred
https://movie.douban.com/subject/3345619/ Type Error Occurred
https://movie.douban.com/subject/3570688/ Type Error Occurred
https://movie.douban.com/subject/22735748/ Type Error Occurred
https://movie.douban.com/subject/24530478/ Type Error Occurred
https://movie.douban.com/subject/19949965/ Type Error Occurred
https://movie.douban.com/subject/6855106/ Type Error Occurred
https://movie.douban.com/subject/6296263/ Type Error Occurred
https://movie.douban.com/subject/6296218/ Type Error Occurred
https://movie.douban.com/subject/6296093/ Type Error Occurred
https://movie.douban.com/subject/6296045/ Type Error Occurred
https://movie.douban.com/subject/6296005/ Type Error Occurred
https://movie.douban.com/subject/6295999/ Type Error Occurred
https://movie.douban.com/subject/6295960/ Type Error Occurred
https://movie.douban.com/subject/6295850/ Type Error Occurred
https://movie.douban.com/subject/6295800/ Type Error Occurred
https://movie.douban.com/subject/6295688/ Type Error Occurred
https://movie.douban.com/subject/6295539/ Type Error Occurred
https://movie.douban.com/subject/1428365/ Type Error Occurred
https://movie.douban.com/subject/6796133/ Type Error Occurred
https://movie.douban.com/subject/7161587/ Type Error Occurred
https://movie.douban.com/subject/5503435/ Type Error Occurred
https://movie.douban.com/subject/4073750/ Type Error Occurred
https://movie.douban.com/subject/3686352/ Type Error Occurred
https://movie.douban.com/subject/6508785/ Type Error Occurred
https://movie.douban.com/subject/3614515/ Type Error Occurred
https://movie.douban.com/subject/3761148/ Type Error Occurred
https://movie.douban.com/subject/10759856/ Type Error Occurred
https://movie.douban.com/subject/5262277/ Type Error Occurred
https://movie.douban.com/subject/4002755/ Type Error Occurred
https://movie.douban.com/subject/3614522/ Type Error Occurred
https://movie.douban.com/subject/5966507/ Type Error Occurred
https://movie.douban.com/subject/1428100/ Type Error Occurred
https://movie.douban.com/subject/3310987/ Type Error Occurred
https://movie.douban.com/subject/4821379/ Type Error Occurred
https://movie.douban.com/subject/4826176/ Type Error Occurred
https://movie.douban.com/subject/10756211/ Type Error Occurred
https://movie.douban.com/subject/6273258/ Type Error Occurred
https://movie.douban.com/subject/10867432/ Type Error Occurred
https://movie.douban.com/subject/10608212/ Type Error Occurred
https://movie.douban.com/subject/4738652/ Type Error Occurred
https://movie.douban.com/subject/10739267/ Type Error Occurred
https://movie.douban.com/subject/6126509/ Type Error Occurred
https://movie.douban.com/subject/3754394/ Type Error Occurred
https://movie.douban.com/subject/1401940/ Type Error Occurred
https://movie.douban.com/subject/11498644/ Type Error Occurred
https://movie.douban.com/subject/6718456/ Type Error Occurred
https://movie.douban.com/subject/4837739/ Type Error Occurred
https://movie.douban.com/subject/4732376/ Type Error Occurred
https://movie.douban.com/subject/6129646/ Type Error Occurred
https://movie.douban.com/subject/4896920/ Type Error Occurred
https://movie.douban.com/subject/3690444/ Type Error Occurred
https://movie.douban.com/subject/3026661/ Type Error Occurred
https://movie.douban.com/subject/5297078/ Type Error Occurred
https://movie.douban.com/subject/3741756/ Type Error Occurred
https://movie.douban.com/subject/21823916/ Type Error Occurred
https://movie.douban.com/subject/21823780/ Type Error Occurred
https://movie.douban.com/subject/21336152/ Type Error Occurred
https://movie.douban.com/subject/21823974/ Type Error Occurred
https://movie.douban.com/subject/21336151/ Type Error Occurred
https://movie.douban.com/subject/1856868/ Type Error Occurred
https://movie.douban.com/subject/10767669/ Type Error Occurred
https://movie.douban.com/subject/10527257/ Type Error Occurred
https://movie.douban.com/subject/5986497/ Type Error Occurred
https://movie.douban.com/subject/4047267/ Type Error Occurred
https://movie.douban.com/subject/3113734/ Type Error Occurred
https://movie.douban.com/subject/2263253/ Type Error Occurred
https://movie.douban.com/subject/6854695/ Type Error Occurred
https://movie.douban.com/subject/4317631/ Type Error Occurred
https://movie.douban.com/subject/6514715/ Type Error Occurred
https://movie.douban.com/subject/4317602/ Type Error Occurred
https://movie.douban.com/subject/4173442/ Type Error Occurred
https://movie.douban.com/subject/3441972/ Type Error Occurred
https://movie.douban.com/subject/5421067/ Type Error Occurred
https://movie.douban.com/subject/4848607/ Type Error Occurred
https://movie.douban.com/subject/24695438/ Type Error Occurred
https://movie.douban.com/subject/6744566/ Type Error Occurred
https://movie.douban.com/subject/3778791/ Type Error Occurred
https://movie.douban.com/subject/11498666/ Type Error Occurred
https://movie.douban.com/subject/6742633/ Type Error Occurred
https://movie.douban.com/subject/4722592/ Type Error Occurred
https://movie.douban.com/subject/5294698/ Type Error Occurred
https://movie.douban.com/subject/5960831/ Type Error Occurred
https://movie.douban.com/subject/11533196/ Type Error Occurred
https://movie.douban.com/subject/6810268/ Type Error Occurred
https://movie.douban.com/subject/3882803/ Type Error Occurred
https://movie.douban.com/subject/10758618/ Type Error Occurred
https://movie.douban.com/subject/6742617/ Type Error Occurred
https://movie.douban.com/subject/4927361/ Type Error Occurred
https://movie.douban.com/subject/3141950/ Type Error Occurred
https://movie.douban.com/subject/5401333/ Type Error Occurred
https://movie.douban.com/subject/10748727/ Type Error Occurred
https://movie.douban.com/subject/4726920/ Type Error Occurred
https://movie.douban.com/subject/3075282/ Type Error Occurred
https://movie.douban.com/subject/5372978/ Type Error Occurred
https://movie.douban.com/subject/10781585/ Type Error Occurred
https://movie.douban.com/subject/3228962/ Type Error Occurred
https://movie.douban.com/subject/10573548/ Type Error Occurred
https://movie.douban.com/subject/6273263/ Type Error Occurred
https://movie.douban.com/subject/3990116/ Type Error Occurred
https://movie.douban.com/subject/21939361/ Type Error Occurred
https://movie.douban.com/subject/10553254/ Type Error Occurred
https://movie.douban.com/subject/4905790/ Type Error Occurred
https://movie.douban.com/subject/11498722/ Type Error Occurred
https://movie.douban.com/subject/6717578/ Type Error Occurred
https://movie.douban.com/subject/4890998/ Type Error Occurred
https://movie.douban.com/subject/3413919/ Type Error Occurred
https://movie.douban.com/subject/3098895/ Type Error Occurred
https://movie.douban.com/subject/3237110/ Type Error Occurred
https://movie.douban.com/subject/2155520/ Type Error Occurred
https://movie.douban.com/subject/6402740/ Type Error Occurred
https://movie.douban.com/subject/10772224/ Type Error Occurred
https://movie.douban.com/subject/2074568/ Type Error Occurred
https://movie.douban.com/subject/19970533/ Type Error Occurred
https://movie.douban.com/subject/11594992/ Type Error Occurred
https://movie.douban.com/subject/20451457/ Type Error Occurred
https://movie.douban.com/subject/30337147/ Invalid IMDB id
https://movie.douban.com/subject/30146756/ Invalid IMDB id
https://movie.douban.com/subject/30299387/ Invalid IMDB id
https://movie.douban.com/subject/26938188/ Invalid IMDB id
https://movie.douban.com/subject/26682831/ Invalid IMDB id
https://movie.douban.com/subject/27148198/ Invalid IMDB id
https://movie.douban.com/subject/26855763/ Invalid IMDB id
https://movie.douban.com/subject/6538606/ Type Error Occurred
https://movie.douban.com/subject/27065692/ Type Error Occurred
https://movie.douban.com/subject/26856429/ Type Error Occurred
https://movie.douban.com/subject/26841073/ Invalid IMDB id
https://movie.douban.com/subject/26681648/ Type Error Occurred
https://movie.douban.com/subject/26356457/ Type Error Occurred
https://movie.douban.com/subject/11600079/ Invalid IMDB id
https://movie.douban.com/subject/26963269/ Type Error Occurred
https://movie.douban.com/subject/1443661/ Type Error Occurred
https://movie.douban.com/subject/6028313/ Type Error Occurred
https://movie.douban.com/subject/3200197/ Type Error Occurred
https://movie.douban.com/subject/2046062/ Type Error Occurred
https://movie.douban.com/subject/2046059/ Type Error Occurred
https://movie.douban.com/subject/1468746/ Type Error Occurred
https://movie.douban.com/subject/1305024/ Type Error Occurred
https://movie.douban.com/subject/3258565/ Type Error Occurred
https://movie.douban.com/subject/2080240/ Type Error Occurred
https://movie.douban.com/subject/1401237/ Type Error Occurred
https://movie.douban.com/subject/2080256/ Type Error Occurred
https://movie.douban.com/subject/1441020/ Type Error Occurred
https://movie.douban.com/subject/3094368/ Type Error Occurred
https://movie.douban.com/subject/1663415/ Invalid IMDB id
https://movie.douban.com/subject/2123641/ Invalid IMDB id
https://movie.douban.com/subject/1765609/ Invalid IMDB id
https://movie.douban.com/subject/3724045/ Invalid IMDB id
https://movie.douban.com/subject/1466270/ Invalid IMDB id
https://movie.douban.com/subject/1859112/ Invalid IMDB id
https://movie.douban.com/subject/1433110/ Type Error Occurred
https://movie.douban.com/subject/1307466/ Type Error Occurred
https://movie.douban.com/subject/1308140/ Attribute Error Occurred
https://movie.douban.com/subject/1438683/ Type Error Occurred
https://movie.douban.com/subject/4307318/ Type Error Occurred
https://movie.douban.com/subject/1432010/ Type Error Occurred
https://movie.douban.com/subject/3632538/ Attribute Error Occurred
https://movie.douban.com/subject/3992329/ Invalid IMDB id
https://movie.douban.com/subject/2282456/ Type Error Occurred
https://movie.douban.com/subject/1986787/ Type Error Occurred
https://movie.douban.com/subject/1427354/ Type Error Occurred
https://movie.douban.com/subject/2311208/ Invalid IMDB id
https://movie.douban.com/subject/3605468/ Type Error Occurred
https://movie.douban.com/subject/5256306/ Type Error Occurred
https://movie.douban.com/subject/10796680/ Type Error Occurred
https://movie.douban.com/subject/3126100/ Type Error Occurred
https://movie.douban.com/subject/1325005/ Type Error Occurred
https://movie.douban.com/subject/1754156/ Type Error Occurred
https://movie.douban.com/subject/3993255/ Invalid IMDB id
https://movie.douban.com/subject/1770153/ Invalid IMDB id
https://movie.douban.com/subject/1890582/ Type Error Occurred
https://movie.douban.com/subject/1870452/ Type Error Occurred
https://movie.douban.com/subject/1794799/ Type Error Occurred
https://movie.douban.com/subject/2229240/ Type Error Occurred
https://movie.douban.com/subject/2145981/ Type Error Occurred
https://movie.douban.com/subject/3768039/ Type Error Occurred
https://movie.douban.com/subject/3010182/ Invalid IMDB id
https://movie.douban.com/subject/2228251/ Type Error Occurred
https://movie.douban.com/subject/2029130/ Type Error Occurred
https://movie.douban.com/subject/2299380/ Type Error Occurred
https://movie.douban.com/subject/2129533/ Type Error Occurred
https://movie.douban.com/subject/3081273/ Invalid IMDB id
https://movie.douban.com/subject/2299712/ Invalid IMDB id
https://movie.douban.com/subject/3703211/ Type Error Occurred
https://movie.douban.com/subject/3732460/ Type Error Occurred
https://movie.douban.com/subject/3047984/ Type Error Occurred
https://movie.douban.com/subject/3194109/ Type Error Occurred
https://movie.douban.com/subject/3016627/ Type Error Occurred
https://movie.douban.com/subject/3632541/ Type Error Occurred
https://movie.douban.com/subject/4116946/ Type Error Occurred
https://movie.douban.com/subject/3091791/ Invalid IMDB id
https://movie.douban.com/subject/3406513/ Type Error Occurred
https://movie.douban.com/subject/3141456/ Invalid IMDB id
https://movie.douban.com/subject/3197788/ Type Error Occurred
https://movie.douban.com/subject/6727349/ Type Error Occurred
https://movie.douban.com/subject/3992617/ Invalid IMDB id
https://movie.douban.com/subject/3794428/ Invalid IMDB id
https://movie.douban.com/subject/4160431/ Type Error Occurred
https://movie.douban.com/subject/4323652/ Invalid IMDB id
https://movie.douban.com/subject/4065330/ Type Error Occurred
https://movie.douban.com/subject/4271553/ Type Error Occurred
https://movie.douban.com/subject/2326694/ Type Error Occurred
https://movie.douban.com/subject/3732177/ Type Error Occurred
https://movie.douban.com/subject/3999721/ Type Error Occurred
https://movie.douban.com/subject/5374380/ Invalid IMDB id
https://movie.douban.com/subject/6067748/ Type Error Occurred
https://movie.douban.com/subject/4016535/ Type Error Occurred
https://movie.douban.com/subject/3636300/ Attribute Error Occurred
https://movie.douban.com/subject/5268683/ Type Error Occurred
https://movie.douban.com/subject/4262238/ Invalid IMDB id
https://movie.douban.com/subject/5268684/ Type Error Occurred
https://movie.douban.com/subject/4892076/ Type Error Occurred
https://movie.douban.com/subject/5268675/ Type Error Occurred
https://movie.douban.com/subject/5268673/ Type Error Occurred
https://movie.douban.com/subject/5318671/ Invalid IMDB id
https://movie.douban.com/subject/4307302/ Invalid IMDB id
https://movie.douban.com/subject/4323370/ Type Error Occurred
https://movie.douban.com/subject/5416009/ Invalid IMDB id
https://movie.douban.com/subject/6744678/ Type Error Occurred
https://movie.douban.com/subject/6118739/ Type Error Occurred
https://movie.douban.com/subject/6905203/ Invalid IMDB id
https://movie.douban.com/subject/6849056/ Invalid IMDB id
https://movie.douban.com/subject/5960644/ Type Error Occurred
https://movie.douban.com/subject/6869390/ Invalid IMDB id
https://movie.douban.com/subject/10518931/ Type Error Occurred
https://movie.douban.com/subject/20270508/ Invalid IMDB id
https://movie.douban.com/subject/11604227/ Invalid IMDB id
https://movie.douban.com/subject/19976795/ Invalid IMDB id
https://movie.douban.com/subject/20266518/ Invalid IMDB id
https://movie.douban.com/subject/11629288/ Invalid IMDB id
https://movie.douban.com/subject/10453720/ Invalid IMDB id
https://movie.douban.com/subject/10580093/ Type Error Occurred
https://movie.douban.com/subject/10807048/ Type Error Occurred
https://movie.douban.com/subject/6895081/ Invalid IMDB id
https://movie.douban.com/subject/10776186/ Invalid IMDB id
https://movie.douban.com/subject/20270504/ Invalid IMDB id
https://movie.douban.com/subject/5155446/ Type Error Occurred
https://movie.douban.com/subject/25742037/ Invalid IMDB id
https://movie.douban.com/subject/25748628/ Invalid IMDB id
https://movie.douban.com/subject/24722816/ Invalid IMDB id
https://movie.douban.com/subject/24736655/ Invalid IMDB id
https://movie.douban.com/subject/24875637/ Invalid IMDB id
https://movie.douban.com/subject/25917972/ Invalid IMDB id
https://movie.douban.com/subject/10355626/ Invalid IMDB id
https://movie.douban.com/subject/24878166/ Invalid IMDB id
https://movie.douban.com/subject/24844959/ Invalid IMDB id
https://movie.douban.com/subject/25864199/ Type Error Occurred
https://movie.douban.com/subject/25705332/ Invalid IMDB id
https://movie.douban.com/subject/23847519/ Invalid IMDB id
https://movie.douban.com/subject/5965664/ Invalid IMDB id
https://movie.douban.com/subject/25705771/ Invalid IMDB id
https://movie.douban.com/subject/24869471/ Invalid IMDB id
https://movie.douban.com/subject/25741345/ Invalid IMDB id
https://movie.douban.com/subject/25961519/ Invalid IMDB id
https://movie.douban.com/subject/11505245/ Invalid IMDB id
https://movie.douban.com/subject/25907205/ Invalid IMDB id
https://movie.douban.com/subject/25849506/ Invalid IMDB id
https://movie.douban.com/subject/25917963/ Invalid IMDB id
https://movie.douban.com/subject/25977075/ Type Error Occurred
https://movie.douban.com/subject/21941072/ Type Error Occurred
https://movie.douban.com/subject/25955544/ Type Error Occurred
https://movie.douban.com/subject/25912600/ Invalid IMDB id
https://movie.douban.com/subject/26253590/ Type Error Occurred
https://movie.douban.com/subject/21371640/ Type Error Occurred
https://movie.douban.com/subject/26253593/ Type Error Occurred
https://movie.douban.com/subject/26368454/ Type Error Occurred
https://movie.douban.com/subject/26433914/ Invalid IMDB id
https://movie.douban.com/subject/25879451/ Type Error Occurred
https://movie.douban.com/subject/26285177/ Type Error Occurred
https://movie.douban.com/subject/4230922/ Type Error Occurred
https://movie.douban.com/subject/4896760/ Type Error Occurred
https://movie.douban.com/subject/26107902/ Type Error Occurred
https://movie.douban.com/subject/1961847/ Type Error Occurred
https://movie.douban.com/subject/4858502/ Type Error Occurred
https://movie.douban.com/subject/1786320/ Type Error Occurred
https://movie.douban.com/subject/23059965/ Type Error Occurred
https://movie.douban.com/subject/3223663/ Type Error Occurred
https://movie.douban.com/subject/2347472/ Type Error Occurred
https://movie.douban.com/subject/2277007/ Type Error Occurred
https://movie.douban.com/subject/2140043/ Type Error Occurred
https://movie.douban.com/subject/20285197/ Invalid IMDB id
https://movie.douban.com/subject/25749919/ Type Error Occurred
https://movie.douban.com/subject/26680460/ Type Error Occurred
https://movie.douban.com/subject/26665800/ Type Error Occurred
https://movie.douban.com/subject/26644872/ Type Error Occurred
https://movie.douban.com/subject/26665382/ Type Error Occurred
https://movie.douban.com/subject/26253596/ Invalid IMDB id
https://movie.douban.com/subject/2032270/ Invalid IMDB id
https://movie.douban.com/subject/4207638/ Type Error Occurred
https://movie.douban.com/subject/11584296/ Invalid IMDB id
https://movie.douban.com/subject/4858789/ Attribute Error Occurred
https://movie.douban.com/subject/10455680/ Type Error Occurred
https://movie.douban.com/subject/19961293/ Type Error Occurred
https://movie.douban.com/subject/20470368/ Type Error Occurred
https://movie.douban.com/subject/26775642/ Invalid IMDB id
https://movie.douban.com/subject/26820839/ Invalid IMDB id
https://movie.douban.com/subject/26821298/ Invalid IMDB id
https://movie.douban.com/subject/25872185/ Type Error Occurred
https://movie.douban.com/subject/26827887/ Type Error Occurred
https://movie.douban.com/subject/25960936/ Type Error Occurred
https://movie.douban.com/subject/26916244/ Type Error Occurred
https://movie.douban.com/subject/26670823/ Type Error Occurred
https://movie.douban.com/subject/26916245/ Type Error Occurred
https://movie.douban.com/subject/26916246/ Type Error Occurred
https://movie.douban.com/subject/26936020/ Type Error Occurred
https://movie.douban.com/subject/26348782/ Invalid IMDB id
https://movie.douban.com/subject/26616042/ Type Error Occurred
https://movie.douban.com/subject/3757262/ Invalid IMDB id
https://movie.douban.com/subject/26797940/ Invalid IMDB id
https://movie.douban.com/subject/10439257/ Type Error Occurred
https://movie.douban.com/subject/25795905/ Type Error Occurred
https://movie.douban.com/subject/1867742/ Type Error Occurred
https://movie.douban.com/subject/1440624/ Type Error Occurred
https://movie.douban.com/subject/19972628/ Type Error Occurred
https://www.douban.com/note/623507398/ Attribute Error Occurred
https://www.douban.com/note/615089920/ Attribute Error Occurred
https://www.douban.com/note/603504191/ Attribute Error Occurred
https://www.douban.com/note/598138269/ Attribute Error Occurred
https://movie.douban.com/subject/26663070/ Type Error Occurred
https://movie.douban.com/subject/2131251/ Type Error Occurred
https://site.douban.com/bjiff/widget/notes/18460474/note/493171916/ Attribute Error Occurred
https://site.douban.com/bjiff/widget/notes/191463200/note/548315730/ Attribute Error Occurred
https://movie.douban.com/subject/25723127/ Type Error Occurred
https://movie.douban.com/subject/25822272/ Type Error Occurred
https://www.douban.com/note/540698732/ Attribute Error Occurred
https://www.douban.com/note/498854076/ Attribute Error Occurred
https://movie.douban.com/subject/26581251/ Invalid IMDB id
https://site.douban.com/106406/widget/notes/4380638/note/537421910/ Attribute Error Occurred
https://www.douban.com/note/537084493/ Attribute Error Occurred
https://www.douban.com/note/535305072/ Attribute Error Occurred
https://site.douban.com/doubanfilmawards/widget/notes/15513163/note/340171050/ Attribute Error Occurred
https://www.douban.com/note/535197057/ Attribute Error Occurred
https://movie.douban.com/subject/2345106/ Type Error Occurred
https://movie.douban.com/subject/1370251/ Type Error Occurred
https://movie.douban.com/subject/2305130/ Attribute Error Occurred
https://www.douban.com/note/480413678/ Attribute Error Occurred
https://www.douban.com/note/535513193/ Attribute Error Occurred
https://movie.douban.com/subject/1941347/ Type Error Occurred
https://www.douban.com/note/519055339/ Attribute Error Occurred
https://movie.douban.com/subject/3195735/ Type Error Occurred
https://movie.douban.com/subject/10428497/ Type Error Occurred
https://movie.douban.com/subject/3236681/ Type Error Occurred
https://www.douban.com/note/523843175/ Attribute Error Occurred
https://movie.douban.com/subject/24699931/ Type Error Occurred
https://www.douban.com/note/468402806/ Attribute Error Occurred
https://site.douban.com/oscar/widget/notes/16455428/note/479439645/ Attribute Error Occurred
https://movie.douban.com/subject/2062732/ Type Error Occurred
https://movie.douban.com/subject/2081243/ Type Error Occurred
https://music.douban.com/subject/1449341/ Attribute Error Occurred
https://www.douban.com/url/2479052/ HTTPError
https://www.douban.com/url/2479052/ Attribute Error Occurred
https://site.douban.com/235619/widget/notes/16508233/note/483454007/ HTTPError
https://site.douban.com/235619/widget/notes/16508233/note/483454007/ Attribute Error Occurred
https://www.douban.com/note/471981773/ Attribute Error Occurred
https://www.douban.com/note/511579706/ Attribute Error Occurred
https://www.douban.com/note/331667455/ Attribute Error Occurred
https://www.douban.com/note/518820789/ Attribute Error Occurred
https://movie.douban.com/subject/1394445/ Type Error Occurred
https://www.douban.com/note/512502820/ Attribute Error Occurred
https://www.douban.com/note/475784989/ Attribute Error Occurred
https://movie.douban.com/subject/6395454/ Type Error Occurred
https://movie.douban.com/subject/1888063/ Type Error Occurred
https://movie.douban.com/subject/2020975/ Type Error Occurred
https://site.douban.com/178720/widget/notes/10281080/note/517949506/ Attribute Error Occurred
https://movie.douban.com/subject/4314196/ Type Error Occurred
https://movie.douban.com/subject/25878805/ Type Error Occurred
https://movie.douban.com/subject/24698699/ Type Error Occurred
https://movie.douban.com/subject/3986125/ Type Error Occurred
https://movie.douban.com/subject/1423040/ Type Error Occurred
https://movie.douban.com/subject/4189640/ Type Error Occurred
https://movie.douban.com/subject/25882273/ Invalid IMDB id
https://movie.douban.com/subject/1417082/ Type Error Occurred
https://movie.douban.com/subject/2131974/ Type Error Occurred
https://www.douban.com/note/515854560/ Attribute Error Occurred
https://movie.douban.com/subject/2988208/ Type Error Occurred
https://www.douban.com/note/505027926/ Attribute Error Occurred
https://www.douban.com/note/514906642/ Attribute Error Occurred
https://www.douban.com/group/topic/27535176/ Attribute Error Occurred
https://movie.douban.com/review/5706782/ Attribute Error Occurred
https://movie.douban.com/subject/3610967/ Type Error Occurred
https://movie.douban.com/subject/1865033/ Type Error Occurred
https://movie.douban.com/subject/10525376/ Type Error Occurred
https://www.douban.com/url/1869941/ HTTPError
https://www.douban.com/url/1869941/ Attribute Error Occurred
https://www.douban.com/group/topic/40062092/ Attribute Error Occurred
https://movie.douban.com/subject/1980872/ Type Error Occurred
https://movie.douban.com/subject/1470619/ Type Error Occurred
https://movie.douban.com/subject/2980108/ Type Error Occurred
https://movie.douban.com/subject/2377585/ Type Error Occurred
https://movie.douban.com/subject/1441094/ Type Error Occurred
https://movie.douban.com/subject/26358147/ Type Error Occurred
https://movie.douban.com/subject/25862356/ Type Error Occurred
https://www.douban.com/note/439908206/ Attribute Error Occurred
https://movie.douban.com/subject/26378698/ Invalid IMDB id
https://www.douban.com/note/484763599/ Attribute Error Occurred
https://www.douban.com/note/443907365/ Attribute Error Occurred
https://www.douban.com/note/391733896/ Attribute Error Occurred
https://movie.douban.com/subject/1300660/ Type Error Occurred
https://movie.douban.com/subject/1301252/ Type Error Occurred
https://movie.douban.com/subject/6080777/ Type Error Occurred
https://movie.douban.com/subject/26362903/ Type Error Occurred
https://movie.douban.com/subject/2988331/ Type Error Occurred
https://movie.douban.com/subject/26330905/ Type Error Occurred
https://movie.douban.com/subject/26266666/ Type Error Occurred
https://movie.douban.com/subject/26271868/ Type Error Occurred
https://movie.douban.com/subject/20451142/ Type Error Occurred
https://www.douban.com/group/topic/38365139/ Attribute Error Occurred
https://www.douban.com/url/298323/ HTTPError
https://www.douban.com/url/298323/ Attribute Error Occurred
https://www.douban.com/note/462282734/ Attribute Error Occurred
https://movie.douban.com/subject/26275793/ Type Error Occurred
https://movie.douban.com/subject/20393972/ Type Error Occurred
https://movie.douban.com/subject/20416430/ Type Error Occurred
https://movie.douban.com/subject/3711725/ Invalid IMDB id
https://movie.douban.com/subject/25984319/ Type Error Occurred
https://movie.douban.com/subject/2173112/ Type Error Occurred
https://movie.douban.com/subject/6957237/ Type Error Occurred
https://movie.douban.com/subject/2032902/ Type Error Occurred
https://movie.douban.com/subject/2081473/ Type Error Occurred
https://movie.douban.com/subject/6793337/ Type Error Occurred
https://movie.douban.com/subject/1428073/ Type Error Occurred
https://www.douban.com/note/510171806/ Attribute Error Occurred
https://www.douban.com/note/274849953/ Attribute Error Occurred
https://movie.douban.com/subject/2063068/ Type Error Occurred
https://www.douban.com/note/503169441/ Attribute Error Occurred
https://book.douban.com/subject/25891213/ Attribute Error Occurred
https://book.douban.com/subject/1491714/ Attribute Error Occurred
https://movie.douban.com/subject/1951469/ Type Error Occurred
https://movie.douban.com/subject/2345159/ Type Error Occurred
https://www.douban.com/note/362330837/ Attribute Error Occurred
https://movie.douban.com/subject/3190537/ Type Error Occurred
https://movie.douban.com/subject/25945182/ Type Error Occurred
https://movie.douban.com/subject/25777759/ Type Error Occurred
https://movie.douban.com/subject/3871225/ Type Error Occurred
https://movie.douban.com/subject/3012704/ Type Error Occurred
https://movie.douban.com/subject/11587751/ Type Error Occurred
https://movie.douban.com/subject/2116937/ Type Error Occurred
https://movie.douban.com/subject/2111922/ Type Error Occurred
https://movie.douban.com/subject/1294845/ Type Error Occurred
https://movie.douban.com/subject/2111575/ Type Error Occurred
https://movie.douban.com/subject/1301836/ Type Error Occurred
https://movie.douban.com/subject/2111542/ Type Error Occurred
https://movie.douban.com/subject/1294280/ Type Error Occurred
https://movie.douban.com/subject/2107988/ Type Error Occurred
https://movie.douban.com/subject/2107971/ Type Error Occurred
https://movie.douban.com/subject/1303165/ Type Error Occurred
https://movie.douban.com/subject/2062587/ Type Error Occurred
https://movie.douban.com/subject/1301658/ Type Error Occurred
https://movie.douban.com/subject/1304255/ Type Error Occurred
https://movie.douban.com/subject/1855295/ Type Error Occurred
https://movie.douban.com/subject/1855328/ Type Error Occurred
https://movie.douban.com/subject/2061700/ Type Error Occurred
https://movie.douban.com/subject/1945627/ Type Error Occurred
https://movie.douban.com/subject/1855310/ Type Error Occurred
https://movie.douban.com/subject/1298777/ Type Error Occurred
https://movie.douban.com/subject/2061675/ Type Error Occurred
https://movie.douban.com/subject/2061672/ Type Error Occurred
https://movie.douban.com/subject/1855336/ Type Error Occurred
https://movie.douban.com/subject/1722236/ Type Error Occurred
https://movie.douban.com/subject/1304256/ Type Error Occurred
https://movie.douban.com/subject/1855333/ Type Error Occurred
https://movie.douban.com/subject/1296366/ Type Error Occurred
https://movie.douban.com/subject/1855326/ Type Error Occurred
https://movie.douban.com/subject/1855325/ Type Error Occurred
https://movie.douban.com/subject/1855318/ Type Error Occurred
https://movie.douban.com/subject/1855307/ Type Error Occurred
https://movie.douban.com/subject/1855306/ Type Error Occurred
https://movie.douban.com/subject/1855305/ Type Error Occurred
https://movie.douban.com/subject/1855299/ Type Error Occurred
https://movie.douban.com/subject/1296348/ Type Error Occurred
https://movie.douban.com/subject/1298129/ Type Error Occurred
https://movie.douban.com/subject/1855297/ Type Error Occurred
https://movie.douban.com/subject/1855287/ Type Error Occurred
https://movie.douban.com/subject/1855286/ Type Error Occurred
https://movie.douban.com/subject/1855282/ Type Error Occurred
https://movie.douban.com/subject/1299600/ Type Error Occurred
https://movie.douban.com/subject/1296578/ Type Error Occurred
https://movie.douban.com/subject/1886753/ Type Error Occurred
https://movie.douban.com/subject/1299976/ Type Error Occurred
https://movie.douban.com/subject/1958492/ Type Error Occurred
https://movie.douban.com/subject/1468822/ Type Error Occurred
https://movie.douban.com/subject/1958482/ Type Error Occurred
https://movie.douban.com/subject/1958480/ Type Error Occurred
https://movie.douban.com/subject/1421793/ Type Error Occurred
https://movie.douban.com/subject/1958477/ Type Error Occurred
https://movie.douban.com/subject/1958475/ Type Error Occurred
https://movie.douban.com/subject/1437025/ Type Error Occurred
https://movie.douban.com/subject/1958473/ Type Error Occurred
https://movie.douban.com/subject/1958471/ Type Error Occurred
https://movie.douban.com/subject/1815674/ Type Error Occurred
https://movie.douban.com/subject/1958470/ Type Error Occurred
https://movie.douban.com/subject/1303548/ Type Error Occurred
https://movie.douban.com/subject/1303546/ Type Error Occurred
https://movie.douban.com/subject/2300409/ Type Error Occurred
https://movie.douban.com/subject/1958467/ Type Error Occurred
https://movie.douban.com/subject/1958464/ Type Error Occurred
https://movie.douban.com/subject/1958463/ Type Error Occurred
https://movie.douban.com/subject/1958461/ Type Error Occurred
https://movie.douban.com/subject/1958460/ Type Error Occurred
https://movie.douban.com/subject/1958458/ Type Error Occurred
https://movie.douban.com/subject/1958454/ Type Error Occurred
https://movie.douban.com/subject/1958451/ Type Error Occurred
https://movie.douban.com/subject/1958443/ Type Error Occurred
https://movie.douban.com/subject/1958429/ Type Error Occurred
https://movie.douban.com/subject/1958427/ Type Error Occurred
https://movie.douban.com/subject/1303455/ Type Error Occurred
https://movie.douban.com/subject/1958517/ Type Error Occurred
https://movie.douban.com/subject/1444591/ Type Error Occurred
https://movie.douban.com/subject/1958514/ Type Error Occurred
https://movie.douban.com/subject/1958509/ Type Error Occurred
https://movie.douban.com/subject/1869696/ Type Error Occurred
https://movie.douban.com/subject/1958501/ Type Error Occurred
https://movie.douban.com/subject/1303474/ Type Error Occurred
https://movie.douban.com/subject/1303517/ Type Error Occurred
https://movie.douban.com/subject/1303582/ Type Error Occurred
https://movie.douban.com/subject/1958496/ Type Error Occurred
https://movie.douban.com/subject/1303522/ Type Error Occurred
https://movie.douban.com/subject/26088510/ Type Error Occurred
https://movie.douban.com/subject/25166744/ Type Error Occurred
https://movie.douban.com/subject/2170498/ Type Error Occurred
https://movie.douban.com/subject/3060592/ Type Error Occurred
https://movie.douban.com/subject/1868870/ Type Error Occurred
https://movie.douban.com/subject/1958656/ Type Error Occurred
https://www.douban.com/doulist/92617/ HTTPError
https://www.douban.com/doulist/92617/ HTTPError
https://www.douban.com/doulist/92617/ Attribute Error Occurred
https://www.douban.com/doulist/92617/ HTTPError
https://www.douban.com/doulist/92617/ Attribute Error Occurred
https://www.douban.com/doulist/61299/ HTTPError
https://www.douban.com/doulist/61299/ Attribute Error Occurred
https://www.douban.com/doulist/127575/https://www.douban.com/doulist/36980/ HTTPError
https://www.douban.com/doulist/127575/https://www.douban.com/doulist/36980/ Attribute Error Occurred
https://movie.douban.com/subject/2376784/ Type Error Occurred
https://movie.douban.com/subject/2287629/ Type Error Occurred
https://movie.douban.com/subject/1937332/ Type Error Occurred
https://movie.douban.com/subject/2279514/ Type Error Occurred
https://movie.douban.com/subject/1421308/ Type Error Occurred
https://movie.douban.com/subject/2259495/ Type Error Occurred
https://movie.douban.com/subject/2120644/ Type Error Occurred
https://movie.douban.com/subject/1301418/ Type Error Occurred
https://movie.douban.com/subject/1292513/ Type Error Occurred
https://movie.douban.com/subject/2062668/ Type Error Occurred
https://movie.douban.com/subject/1851427/ Type Error Occurred
https://movie.douban.com/subject/1756102/ Type Error Occurred
https://movie.douban.com/subject/1304849/ Type Error Occurred
https://movie.douban.com/subject/2081359/ Type Error Occurred
https://movie.douban.com/subject/2278779/ Type Error Occurred
https://movie.douban.com/subject/2065448/ Type Error Occurred
https://movie.douban.com/subject/1886458/ Type Error Occurred
https://movie.douban.com/subject/2278782/ Type Error Occurred
https://movie.douban.com/subject/2278785/ Type Error Occurred
https://movie.douban.com/subject/2278786/ Type Error Occurred
https://movie.douban.com/subject/2278788/ Type Error Occurred
https://movie.douban.com/subject/2279422/ Type Error Occurred
https://movie.douban.com/subject/1302733/ Type Error Occurred
https://movie.douban.com/subject/2278797/ Type Error Occurred
https://movie.douban.com/subject/2278798/ Type Error Occurred
https://movie.douban.com/subject/2278802/ Type Error Occurred
https://movie.douban.com/subject/2278803/ Type Error Occurred
https://movie.douban.com/subject/2278806/ Type Error Occurred
https://movie.douban.com/subject/2278807/ Type Error Occurred
https://movie.douban.com/subject/2278810/ Type Error Occurred
https://movie.douban.com/subject/2241406/ Type Error Occurred
https://movie.douban.com/subject/1449917/ Type Error Occurred
https://movie.douban.com/subject/2278818/ Type Error Occurred
https://movie.douban.com/subject/2031575/ Type Error Occurred
https://movie.douban.com/subject/2278819/ Type Error Occurred
https://movie.douban.com/subject/2278821/ Type Error Occurred
https://movie.douban.com/subject/1753851/ Type Error Occurred
https://movie.douban.com/subject/2278823/ Type Error Occurred
https://movie.douban.com/subject/1871805/ Type Error Occurred
https://movie.douban.com/subject/2278840/ Type Error Occurred
https://movie.douban.com/subject/2269707/ Type Error Occurred
https://movie.douban.com/subject/2278854/ Type Error Occurred
https://movie.douban.com/subject/2278927/ Type Error Occurred
https://movie.douban.com/subject/2278939/ Type Error Occurred
https://movie.douban.com/subject/1763158/ Type Error Occurred
https://movie.douban.com/subject/2279000/ Type Error Occurred
https://movie.douban.com/subject/2279019/ Type Error Occurred
https://movie.douban.com/subject/2000093/ Type Error Occurred
https://movie.douban.com/subject/2243816/ Type Error Occurred
https://movie.douban.com/subject/2279028/ Type Error Occurred
https://movie.douban.com/subject/2279030/ Type Error Occurred
https://movie.douban.com/subject/2279033/ Type Error Occurred
https://movie.douban.com/subject/2279043/ Type Error Occurred
https://movie.douban.com/subject/2279051/ Type Error Occurred
https://movie.douban.com/subject/1434177/ Type Error Occurred
https://movie.douban.com/subject/2279062/ Type Error Occurred
https://movie.douban.com/subject/2279070/ Type Error Occurred
https://movie.douban.com/subject/2279072/ Type Error Occurred
https://movie.douban.com/subject/2279075/ Type Error Occurred
https://movie.douban.com/subject/1817483/ Type Error Occurred
https://movie.douban.com/subject/2279089/ Type Error Occurred
https://movie.douban.com/subject/1779928/ Type Error Occurred
https://movie.douban.com/subject/1768023/ Type Error Occurred
https://movie.douban.com/subject/2278773/ Type Error Occurred
https://movie.douban.com/subject/2993384/ Type Error Occurred
https://movie.douban.com/subject/3008719/ Type Error Occurred
https://movie.douban.com/subject/1960276/ Type Error Occurred
https://movie.douban.com/subject/3170610/ Type Error Occurred
https://movie.douban.com/subject/3189982/ Type Error Occurred
https://movie.douban.com/subject/3272825/ Type Error Occurred
https://movie.douban.com/subject/3284928/ Type Error Occurred
https://movie.douban.com/subject/3324078/ Type Error Occurred
https://movie.douban.com/subject/3380391/ Type Error Occurred
https://movie.douban.com/subject/3586803/ Type Error Occurred
https://movie.douban.com/subject/3586868/ Type Error Occurred
https://movie.douban.com/subject/3806617/ Type Error Occurred
https://movie.douban.com/subject/1306714/ Type Error Occurred
https://movie.douban.com/subject/1791026/ Type Error Occurred
https://movie.douban.com/subject/3841550/ Type Error Occurred
https://movie.douban.com/subject/3866236/ Type Error Occurred
https://movie.douban.com/subject/3866271/ Type Error Occurred
https://movie.douban.com/subject/3866277/ Type Error Occurred
https://movie.douban.com/subject/3881006/ Type Error Occurred
https://movie.douban.com/subject/3677989/ Type Error Occurred
https://movie.douban.com/subject/3670730/ Type Error Occurred
https://movie.douban.com/subject/3898031/ Type Error Occurred
https://movie.douban.com/subject/3898220/ Type Error Occurred
https://movie.douban.com/subject/3898241/ Type Error Occurred
https://movie.douban.com/subject/3816504/ Type Error Occurred
https://movie.douban.com/subject/3898278/ Type Error Occurred
https://movie.douban.com/subject/3898336/ Type Error Occurred
https://movie.douban.com/subject/3898369/ Type Error Occurred
https://movie.douban.com/subject/3932143/ Type Error Occurred
https://movie.douban.com/subject/3930396/ Type Error Occurred
https://movie.douban.com/subject/3932214/ Type Error Occurred
https://movie.douban.com/subject/4002895/ Type Error Occurred
https://movie.douban.com/subject/4005588/ Type Error Occurred
https://movie.douban.com/subject/4005628/ Type Error Occurred
https://movie.douban.com/subject/3998038/ Type Error Occurred
https://movie.douban.com/subject/4033828/ Type Error Occurred
https://movie.douban.com/subject/4038836/ Type Error Occurred
https://movie.douban.com/subject/4050363/ Type Error Occurred
https://movie.douban.com/subject/4050399/ Type Error Occurred
https://movie.douban.com/subject/4050423/ Type Error Occurred
https://movie.douban.com/subject/4073395/ Type Error Occurred
https://movie.douban.com/subject/4073403/ Type Error Occurred
https://movie.douban.com/subject/3911923/ Type Error Occurred
https://movie.douban.com/subject/4077550/ Type Error Occurred
https://movie.douban.com/subject/4077553/ Type Error Occurred
https://movie.douban.com/subject/3012455/ Type Error Occurred
https://movie.douban.com/subject/4305403/ Type Error Occurred
https://movie.douban.com/subject/4305459/ Type Error Occurred
https://movie.douban.com/subject/2246819/ Type Error Occurred
https://movie.douban.com/subject/3772132/ Type Error Occurred
https://movie.douban.com/subject/3625408/ Type Error Occurred
https://movie.douban.com/subject/26631546/ Type Error Occurred
https://movie.douban.com/subject/3157926/ Type Error Occurred
https://movie.douban.com/subject/3157917/ Type Error Occurred
https://movie.douban.com/subject/3157911/ Type Error Occurred
https://movie.douban.com/subject/3157898/ Type Error Occurred
https://movie.douban.com/subject/1958678/ Type Error Occurred
https://movie.douban.com/subject/2368758/ Type Error Occurred
https://movie.douban.com/subject/3157876/ Type Error Occurred
https://movie.douban.com/subject/3157868/ Type Error Occurred
https://movie.douban.com/subject/3157827/ Type Error Occurred
https://movie.douban.com/subject/3157819/ Type Error Occurred
https://movie.douban.com/subject/3157814/ Type Error Occurred
https://movie.douban.com/subject/3157808/ Type Error Occurred
https://movie.douban.com/subject/3024663/ Type Error Occurred
https://movie.douban.com/subject/1305311/ Type Error Occurred
https://movie.douban.com/subject/3157795/ Type Error Occurred
https://movie.douban.com/subject/3157788/ Type Error Occurred
https://movie.douban.com/subject/1302539/ Type Error Occurred
https://movie.douban.com/subject/3157775/ Type Error Occurred
https://movie.douban.com/subject/3157764/ Type Error Occurred
https://movie.douban.com/subject/3157762/ Type Error Occurred
https://movie.douban.com/subject/2230529/ Type Error Occurred
https://movie.douban.com/subject/3157759/ Type Error Occurred
https://movie.douban.com/subject/3157752/ Type Error Occurred
https://movie.douban.com/subject/1293278/ Type Error Occurred
https://movie.douban.com/subject/2255268/ Type Error Occurred
https://movie.douban.com/subject/2251109/ Type Error Occurred
https://movie.douban.com/subject/1460916/ Type Error Occurred
https://movie.douban.com/subject/2059096/ Type Error Occurred
https://movie.douban.com/subject/2251100/ Type Error Occurred
https://movie.douban.com/subject/2251099/ Type Error Occurred
https://movie.douban.com/subject/2251094/ Type Error Occurred
https://movie.douban.com/subject/2251092/ Type Error Occurred
https://movie.douban.com/subject/3157728/ Type Error Occurred
https://movie.douban.com/subject/24532463/ Type Error Occurred
https://movie.douban.com/subject/2213766/ Type Error Occurred
https://movie.douban.com/subject/2330828/ Type Error Occurred
https://movie.douban.com/subject/1481264/ Type Error Occurred
https://movie.douban.com/subject/6745671/ Type Error Occurred
https://movie.douban.com/subject/2155107/ Type Error Occurred
https://movie.douban.com/subject/2078934/ Type Error Occurred
https://movie.douban.com/subject/1797741/ Type Error Occurred
https://movie.douban.com/subject/1460724/ Type Error Occurred
https://movie.douban.com/subject/1875296/ Type Error Occurred
https://movie.douban.com/subject/2083736/ Type Error Occurred
https://movie.douban.com/subject/1868070/ Type Error Occurred
https://movie.douban.com/subject/1431600/ Type Error Occurred
https://movie.douban.com/subject/1427818/ Type Error Occurred
https://movie.douban.com/subject/1434522/ Type Error Occurred
https://movie.douban.com/subject/1863600/ Type Error Occurred
https://movie.douban.com/subject/1417946/ Type Error Occurred
https://movie.douban.com/subject/1424702/ Type Error Occurred
https://movie.douban.com/subject/1756840/ Type Error Occurred
https://movie.douban.com/subject/1448277/ Type Error Occurred
https://movie.douban.com/subject/1431980/ Type Error Occurred
https://movie.douban.com/subject/2053466/ Type Error Occurred
https://movie.douban.com/subject/1474941/ Type Error Occurred
https://movie.douban.com/subject/1889155/ Type Error Occurred
https://movie.douban.com/subject/1307877/ Type Error Occurred
https://movie.douban.com/subject/1293307/ Type Error Occurred
https://movie.douban.com/subject/1294750/ Type Error Occurred
https://movie.douban.com/subject/1510432/ Type Error Occurred
https://movie.douban.com/subject/1770825/ Type Error Occurred
https://movie.douban.com/subject/1950735/ Type Error Occurred
https://movie.douban.com/subject/3057310/ Type Error Occurred
https://movie.douban.com/subject/3012431/ Type Error Occurred
https://movie.douban.com/subject/1459399/ Invalid IMDB id
https://movie.douban.com/subject/1421548/ Type Error Occurred
https://movie.douban.com/subject/1437322/ Type Error Occurred
https://movie.douban.com/subject/1499762/ Type Error Occurred
https://movie.douban.com/subject/3022767/ Type Error Occurred
https://movie.douban.com/subject/3279192/ Type Error Occurred
https://movie.douban.com/subject/3304679/ Type Error Occurred
https://movie.douban.com/subject/5047419/ Type Error Occurred
https://movie.douban.com/subject/3278324/ Type Error Occurred
https://movie.douban.com/subject/1826175/ Type Error Occurred
https://movie.douban.com/subject/2993042/ Type Error Occurred
https://movie.douban.com/subject/1303045/ Type Error Occurred
https://movie.douban.com/subject/1424653/ Type Error Occurred
https://www.douban.com/doulist/240962/https://www.douban.com/doulist/122208/ HTTPError
https://www.douban.com/doulist/240962/https://www.douban.com/doulist/122208/ Attribute Error Occurred
https://movie.douban.com/subject/3204401/ Type Error Occurred
https://movie.douban.com/subject/2072277/ Invalid IMDB id
https://movie.douban.com/subject/4210610/ Type Error Occurred
https://movie.douban.com/subject/1972483/ Type Error Occurred
https://movie.douban.com/subject/4210606/ Type Error Occurred
https://movie.douban.com/subject/4210601/ Type Error Occurred
https://movie.douban.com/subject/1308121/ Type Error Occurred
https://movie.douban.com/subject/1428580/ Invalid IMDB id
https://movie.douban.com/subject/3999778/ Invalid IMDB id
https://movie.douban.com/subject/4210588/ Type Error Occurred
https://movie.douban.com/subject/2378704/ Type Error Occurred
https://movie.douban.com/subject/1303588/ Type Error Occurred
https://movie.douban.com/subject/1307321/ Type Error Occurred
https://movie.douban.com/subject/2157130/ Type Error Occurred
https://movie.douban.com/subject/2154642/ Type Error Occurred
https://movie.douban.com/subject/1307256/ Type Error Occurred
https://movie.douban.com/subject/2279772/ Invalid IMDB id
https://movie.douban.com/subject/1499153/ Type Error Occurred
https://movie.douban.com/subject/1868849/ Type Error Occurred
https://movie.douban.com/subject/1756788/ Type Error Occurred
https://movie.douban.com/subject/2053653/ Type Error Occurred
https://movie.douban.com/subject/1308795/ Type Error Occurred
https://movie.douban.com/subject/1864541/ Type Error Occurred
https://movie.douban.com/subject/1972283/ Type Error Occurred
https://movie.douban.com/subject/3042155/ Type Error Occurred
https://movie.douban.com/subject/1459323/ Type Error Occurred
https://movie.douban.com/subject/1783537/ Invalid IMDB id
https://movie.douban.com/subject/1452554/ Invalid IMDB id
https://movie.douban.com/subject/1866477/ Type Error Occurred
https://movie.douban.com/subject/1428576/ Type Error Occurred
https://movie.douban.com/subject/1303156/ Type Error Occurred
https://movie.douban.com/subject/3032912/ Type Error Occurred
https://movie.douban.com/subject/1449620/ Invalid IMDB id
https://movie.douban.com/subject/1961844/ Invalid IMDB id
https://movie.douban.com/subject/4860078/ Invalid IMDB id
https://movie.douban.com/subject/2353922/ Type Error Occurred
https://movie.douban.com/subject/1464838/ Type Error Occurred
https://movie.douban.com/subject/1867744/ Type Error Occurred
https://movie.douban.com/subject/1433496/ Type Error Occurred
https://movie.douban.com/subject/1784912/ Type Error Occurred
https://movie.douban.com/subject/2058467/ Type Error Occurred
https://movie.douban.com/subject/1308968/ Type Error Occurred
https://movie.douban.com/subject/2357421/ Type Error Occurred
https://movie.douban.com/subject/1906940/ Type Error Occurred
https://movie.douban.com/subject/2995734/ Type Error Occurred
https://movie.douban.com/subject/1472769/ Type Error Occurred
https://movie.douban.com/subject/1295529/ Type Error Occurred
https://movie.douban.com/subject/1441946/ Type Error Occurred
https://movie.douban.com/subject/1299353/ Type Error Occurred
https://movie.douban.com/subject/1823255/ Type Error Occurred
https://movie.douban.com/subject/2369090/ Type Error Occurred
https://movie.douban.com/subject/1925768/ Type Error Occurred
https://movie.douban.com/subject/2135352/ Type Error Occurred
https://movie.douban.com/subject/2040935/ Type Error Occurred
https://movie.douban.com/subject/2372064/ Type Error Occurred
https://movie.douban.com/subject/3012451/ Type Error Occurred
https://movie.douban.com/subject/2978169/ Type Error Occurred
https://movie.douban.com/subject/2011855/ Type Error Occurred
https://movie.douban.com/subject/1427359/ Type Error Occurred
https://movie.douban.com/subject/1962587/ Type Error Occurred
https://movie.douban.com/subject/1296118/ Type Error Occurred
https://movie.douban.com/subject/1301808/ Type Error Occurred
https://movie.douban.com/subject/1305150/ Type Error Occurred
https://movie.douban.com/subject/5065863/ Type Error Occurred
https://movie.douban.com/subject/3636699/ Type Error Occurred
https://movie.douban.com/subject/1298148/ Type Error Occurred
https://movie.douban.com/subject/1297014/ Type Error Occurred
https://movie.douban.com/subject/1302547/ Type Error Occurred
https://movie.douban.com/subject/1302866/ Type Error Occurred
https://movie.douban.com/subject/4231284/ Type Error Occurred
https://movie.douban.com/subject/1297365/ Type Error Occurred
https://movie.douban.com/subject/1293539/ Type Error Occurred
https://movie.douban.com/subject/1305617/ Type Error Occurred
https://movie.douban.com/subject/1297333/ Type Error Occurred
https://movie.douban.com/subject/1292606/ Type Error Occurred
https://movie.douban.com/subject/1303951/ Type Error Occurred
https://movie.douban.com/subject/1292545/ Type Error Occurred
https://movie.douban.com/subject/1297775/ Type Error Occurred
https://movie.douban.com/subject/6959171/ Type Error Occurred
https://movie.douban.com/subject/1422926/ Type Error Occurred
https://movie.douban.com/subject/1301863/ Type Error Occurred
https://movie.douban.com/subject/1294727/ Type Error Occurred
https://movie.douban.com/subject/2237775/ Type Error Occurred
https://movie.douban.com/subject/1292844/ Type Error Occurred
https://movie.douban.com/subject/3191177/ Type Error Occurred
https://movie.douban.com/subject/3863044/ Type Error Occurred
https://movie.douban.com/subject/1295461/ Type Error Occurred
https://movie.douban.com/subject/1293136/ Type Error Occurred
https://movie.douban.com/subject/1296752/ Type Error Occurred
https://movie.douban.com/subject/1401246/ Type Error Occurred
https://movie.douban.com/subject/4626499/ Type Error Occurred
https://movie.douban.com/subject/1293898/ Type Error Occurred
https://movie.douban.com/subject/1300746/ Type Error Occurred
https://movie.douban.com/subject/2377994/ Type Error Occurred
https://movie.douban.com/subject/1299933/ Type Error Occurred
https://movie.douban.com/subject/5067703/ Type Error Occurred
https://movie.douban.com/subject/1294225/ Type Error Occurred
https://movie.douban.com/subject/1300866/ Type Error Occurred
https://movie.douban.com/subject/3320427/ Type Error Occurred
https://movie.douban.com/subject/1300449/ Type Error Occurred
https://movie.douban.com/subject/1294483/ Type Error Occurred
https://movie.douban.com/subject/10733969/ Type Error Occurred
https://movie.douban.com/subject/1303429/ Type Error Occurred
https://movie.douban.com/subject/1300020/ Type Error Occurred
https://movie.douban.com/subject/5053458/ Type Error Occurred
https://movie.douban.com/subject/1300893/ Type Error Occurred
https://movie.douban.com/subject/1296641/ Type Error Occurred
https://movie.douban.com/subject/1306156/ Type Error Occurred
https://movie.douban.com/subject/1307992/ Type Error Occurred
https://movie.douban.com/subject/4293795/ Type Error Occurred
https://movie.douban.com/subject/1303427/ Type Error Occurred
https://movie.douban.com/subject/5089788/ Type Error Occurred
https://movie.douban.com/subject/1305117/ Type Error Occurred
https://movie.douban.com/subject/1292568/ Type Error Occurred
https://movie.douban.com/subject/2244477/ Type Error Occurred
https://movie.douban.com/subject/1301389/ Type Error Occurred
https://movie.douban.com/subject/1302237/ Type Error Occurred
https://movie.douban.com/subject/1306420/ Type Error Occurred
https://movie.douban.com/subject/1301809/ Type Error Occurred
https://movie.douban.com/subject/1295954/ Type Error Occurred
https://movie.douban.com/subject/1304308/ Type Error Occurred
https://movie.douban.com/subject/3016000/ Type Error Occurred
https://movie.douban.com/subject/1307599/ Type Error Occurred
https://movie.douban.com/subject/1304047/ Type Error Occurred
https://movie.douban.com/subject/1295454/ Type Error Occurred
https://movie.douban.com/subject/1963856/ Type Error Occurred
https://movie.douban.com/subject/3155661/ Type Error Occurred
https://movie.douban.com/subject/1292835/ Type Error Occurred
https://movie.douban.com/subject/1302382/ Type Error Occurred
https://movie.douban.com/subject/1304300/ Type Error Occurred
https://movie.douban.com/subject/3449998/ Type Error Occurred
https://movie.douban.com/subject/1293397/ Type Error Occurred
https://movie.douban.com/subject/1909630/ Type Error Occurred
https://movie.douban.com/subject/1302944/ Type Error Occurred
https://movie.douban.com/subject/1304062/ Type Error Occurred
https://movie.douban.com/subject/1303697/ Type Error Occurred
https://movie.douban.com/subject/3322983/ Type Error Occurred
https://movie.douban.com/subject/3145472/ Type Error Occurred
https://movie.douban.com/subject/1303309/ Type Error Occurred
https://movie.douban.com/subject/2979261/ Type Error Occurred
https://movie.douban.com/subject/1305782/ Type Error Occurred
https://movie.douban.com/subject/1299623/ Type Error Occurred
https://movie.douban.com/subject/3149065/ Type Error Occurred
https://movie.douban.com/subject/3335227/ Type Error Occurred
https://movie.douban.com/subject/3596983/ Type Error Occurred
https://movie.douban.com/subject/2000279/ Type Error Occurred
https://movie.douban.com/subject/5068966/ Type Error Occurred
https://movie.douban.com/subject/1293971/ Type Error Occurred
https://movie.douban.com/subject/3294158/ Type Error Occurred
https://movie.douban.com/subject/5068881/ Type Error Occurred
https://movie.douban.com/subject/3228648/ Type Error Occurred
https://movie.douban.com/subject/4895034/ Type Error Occurred
https://movie.douban.com/subject/5068736/ Type Error Occurred
https://movie.douban.com/subject/3335230/ Type Error Occurred
https://movie.douban.com/subject/5068567/ Type Error Occurred
https://movie.douban.com/subject/5261198/ Type Error Occurred
https://movie.douban.com/subject/3597130/ Type Error Occurred
https://movie.douban.com/subject/5068541/ Type Error Occurred
https://movie.douban.com/subject/5068513/ Type Error Occurred
https://movie.douban.com/subject/3323019/ Type Error Occurred
https://movie.douban.com/subject/3325646/ Type Error Occurred
https://movie.douban.com/subject/1305120/ Type Error Occurred
https://movie.douban.com/subject/20562104/ Type Error Occurred
https://movie.douban.com/subject/3586872/ Type Error Occurred
https://movie.douban.com/subject/2133265/ Type Error Occurred
https://movie.douban.com/subject/5068259/ Type Error Occurred
https://movie.douban.com/subject/3325680/ Type Error Occurred
https://movie.douban.com/subject/5068246/ Type Error Occurred
https://movie.douban.com/subject/5068157/ Type Error Occurred
https://movie.douban.com/subject/3275034/ Type Error Occurred
https://movie.douban.com/subject/3242340/ Type Error Occurred
https://movie.douban.com/subject/3784019/ Type Error Occurred
https://movie.douban.com/subject/3346463/ Type Error Occurred
https://movie.douban.com/subject/3323012/ Type Error Occurred
https://movie.douban.com/subject/3323021/ Type Error Occurred
https://movie.douban.com/subject/1300076/ Type Error Occurred
https://movie.douban.com/subject/4049962/ Type Error Occurred
https://movie.douban.com/subject/5067785/ Type Error Occurred
https://movie.douban.com/subject/4625512/ Type Error Occurred
https://movie.douban.com/subject/3333694/ Type Error Occurred
https://movie.douban.com/subject/3333698/ Type Error Occurred
https://movie.douban.com/subject/5067652/ Type Error Occurred
https://movie.douban.com/subject/3052664/ Type Error Occurred
https://movie.douban.com/subject/3701606/ Type Error Occurred
https://movie.douban.com/subject/5067627/ Type Error Occurred
https://movie.douban.com/subject/3335238/ Type Error Occurred
https://movie.douban.com/subject/5067629/ Type Error Occurred
https://movie.douban.com/subject/5067612/ Type Error Occurred
https://movie.douban.com/subject/3428507/ Type Error Occurred
https://movie.douban.com/subject/2050935/ Type Error Occurred
https://movie.douban.com/subject/4834578/ Type Error Occurred
https://movie.douban.com/subject/5067585/ Type Error Occurred
https://movie.douban.com/subject/3930343/ Type Error Occurred
https://movie.douban.com/subject/5067557/ Type Error Occurred
https://movie.douban.com/subject/1294161/ Type Error Occurred
https://movie.douban.com/subject/5067544/ Type Error Occurred
https://movie.douban.com/subject/26703107/ Type Error Occurred
https://movie.douban.com/subject/3322997/ Type Error Occurred
https://movie.douban.com/subject/5067518/ Type Error Occurred
https://movie.douban.com/subject/5067488/ Type Error Occurred
https://movie.douban.com/subject/3534095/ Type Error Occurred
https://movie.douban.com/subject/2241388/ Type Error Occurred
https://movie.douban.com/subject/3236356/ Type Error Occurred
https://movie.douban.com/subject/5067463/ Type Error Occurred
https://movie.douban.com/subject/5067465/ Type Error Occurred
https://movie.douban.com/subject/3325663/ Type Error Occurred
https://movie.douban.com/subject/5067453/ Type Error Occurred
https://movie.douban.com/subject/2367929/ Type Error Occurred
https://movie.douban.com/subject/5067432/ Type Error Occurred
https://movie.douban.com/subject/1304307/ Type Error Occurred
https://movie.douban.com/subject/1865618/ Type Error Occurred
https://movie.douban.com/subject/5067412/ Type Error Occurred
https://movie.douban.com/subject/1854113/ Type Error Occurred
https://movie.douban.com/subject/3139705/ Type Error Occurred
https://movie.douban.com/subject/1300579/ Type Error Occurred
https://movie.douban.com/subject/5067346/ Type Error Occurred
https://movie.douban.com/subject/26696734/ Type Error Occurred
https://movie.douban.com/subject/1867401/ Type Error Occurred
https://movie.douban.com/subject/3162730/ Type Error Occurred
https://movie.douban.com/subject/5067311/ Type Error Occurred
https://movie.douban.com/subject/5067306/ Type Error Occurred
https://movie.douban.com/subject/1296002/ Type Error Occurred
https://movie.douban.com/subject/4923966/ Type Error Occurred
https://movie.douban.com/subject/3335247/ Type Error Occurred
https://movie.douban.com/subject/3335257/ Type Error Occurred
https://movie.douban.com/subject/5067214/ Type Error Occurred
https://movie.douban.com/subject/1855569/ Type Error Occurred
https://movie.douban.com/subject/1825681/ Type Error Occurred
https://movie.douban.com/subject/1297968/ Type Error Occurred
https://movie.douban.com/subject/4727132/ Type Error Occurred
https://movie.douban.com/subject/1294198/ Type Error Occurred
https://movie.douban.com/subject/5067140/ Type Error Occurred
https://movie.douban.com/subject/5067129/ Type Error Occurred
https://movie.douban.com/subject/3598283/ Type Error Occurred
https://movie.douban.com/subject/3325670/ Type Error Occurred
https://movie.douban.com/subject/5067035/ Type Error Occurred
https://movie.douban.com/subject/3605206/ Type Error Occurred
https://movie.douban.com/subject/5067034/ Type Error Occurred
https://movie.douban.com/subject/5067027/ Type Error Occurred
https://movie.douban.com/subject/2220754/ Type Error Occurred
https://movie.douban.com/subject/6429475/ Type Error Occurred
https://movie.douban.com/subject/3665349/ Type Error Occurred
https://movie.douban.com/subject/5066510/ Type Error Occurred
https://movie.douban.com/subject/5066932/ Type Error Occurred
https://movie.douban.com/subject/21802755/ Type Error Occurred
https://movie.douban.com/subject/5066909/ Type Error Occurred
https://movie.douban.com/subject/3276036/ Type Error Occurred
https://movie.douban.com/subject/4293365/ Type Error Occurred
https://movie.douban.com/subject/1306100/ Type Error Occurred
https://movie.douban.com/subject/5066847/ Type Error Occurred
https://movie.douban.com/subject/25940360/ Type Error Occurred
https://movie.douban.com/subject/1303827/ Type Error Occurred
https://movie.douban.com/subject/1306051/ Type Error Occurred
https://movie.douban.com/subject/5066771/ Type Error Occurred
https://movie.douban.com/subject/3785850/ Type Error Occurred
https://movie.douban.com/subject/1300296/ Type Error Occurred
https://movie.douban.com/subject/5066702/ Type Error Occurred
https://movie.douban.com/subject/5066738/ Type Error Occurred
https://movie.douban.com/subject/5066694/ Type Error Occurred
https://movie.douban.com/subject/5066695/ Type Error Occurred
https://movie.douban.com/subject/1296937/ Type Error Occurred
https://movie.douban.com/subject/26693183/ Type Error Occurred
https://movie.douban.com/subject/5066597/ Type Error Occurred
https://movie.douban.com/subject/1772120/ Type Error Occurred
https://movie.douban.com/subject/5066593/ Type Error Occurred
https://movie.douban.com/subject/1298335/ Type Error Occurred
https://movie.douban.com/subject/1293208/ Type Error Occurred
https://movie.douban.com/subject/26349401/ Type Error Occurred
https://movie.douban.com/subject/2137825/ Type Error Occurred
https://movie.douban.com/subject/3333724/ Type Error Occurred
https://movie.douban.com/subject/5066475/ Type Error Occurred
https://movie.douban.com/subject/3992926/ Type Error Occurred
https://movie.douban.com/subject/3721256/ Type Error Occurred
https://movie.douban.com/subject/3446912/ Type Error Occurred
https://movie.douban.com/subject/3885924/ Type Error Occurred
https://movie.douban.com/subject/4167073/ Type Error Occurred
https://movie.douban.com/subject/5066427/ Type Error Occurred
https://movie.douban.com/subject/3705021/ Type Error Occurred
https://movie.douban.com/subject/5066411/ Type Error Occurred
https://movie.douban.com/subject/2973801/ Type Error Occurred
https://movie.douban.com/subject/3000353/ Type Error Occurred
https://movie.douban.com/subject/1298971/ Type Error Occurred
https://movie.douban.com/subject/1297015/ Type Error Occurred
https://movie.douban.com/subject/1294203/ Type Error Occurred
https://movie.douban.com/subject/3586857/ Type Error Occurred
https://movie.douban.com/subject/4110315/ Type Error Occurred
https://movie.douban.com/subject/1296170/ Type Error Occurred
https://movie.douban.com/subject/3286361/ Type Error Occurred
https://movie.douban.com/subject/3325658/ Type Error Occurred
https://movie.douban.com/subject/1295982/ Type Error Occurred
https://movie.douban.com/subject/3325656/ Type Error Occurred
https://movie.douban.com/subject/3604257/ Type Error Occurred
https://movie.douban.com/subject/3325668/ Type Error Occurred
https://movie.douban.com/subject/1297686/ Type Error Occurred
https://movie.douban.com/subject/5066180/ Type Error Occurred
https://movie.douban.com/subject/3333615/ Type Error Occurred
https://movie.douban.com/subject/3263395/ Type Error Occurred
https://movie.douban.com/subject/4326559/ Type Error Occurred
https://movie.douban.com/subject/3239950/ Type Error Occurred
https://movie.douban.com/subject/3333707/ Type Error Occurred
https://movie.douban.com/subject/26022742/ Type Error Occurred
https://movie.douban.com/subject/1772126/ Type Error Occurred
https://movie.douban.com/subject/2134840/ Type Error Occurred
https://movie.douban.com/subject/5066040/ Type Error Occurred
https://movie.douban.com/subject/5066038/ Type Error Occurred
https://movie.douban.com/subject/3333736/ Type Error Occurred
https://movie.douban.com/subject/3333745/ Type Error Occurred
https://movie.douban.com/subject/5065607/ Type Error Occurred
https://movie.douban.com/subject/3335243/ Type Error Occurred
https://movie.douban.com/subject/2162727/ Type Error Occurred
https://movie.douban.com/subject/5066006/ Type Error Occurred
https://movie.douban.com/subject/5065996/ Type Error Occurred
https://movie.douban.com/subject/5065987/ Type Error Occurred
https://movie.douban.com/subject/2243354/ Type Error Occurred
https://movie.douban.com/subject/10834809/ Type Error Occurred
https://movie.douban.com/subject/1304636/ Type Error Occurred
https://movie.douban.com/subject/6435281/ Type Error Occurred
https://movie.douban.com/subject/3347256/ Type Error Occurred
https://movie.douban.com/subject/3168225/ Type Error Occurred
https://movie.douban.com/subject/3323024/ Type Error Occurred
https://movie.douban.com/subject/1306267/ Type Error Occurred
https://movie.douban.com/subject/3325669/ Type Error Occurred
https://movie.douban.com/subject/5065774/ Type Error Occurred
https://movie.douban.com/subject/3325676/ Type Error Occurred
https://movie.douban.com/subject/5065748/ Type Error Occurred
https://movie.douban.com/subject/1294195/ Type Error Occurred
https://movie.douban.com/subject/3333688/ Type Error Occurred
https://movie.douban.com/subject/5065688/ Type Error Occurred
https://movie.douban.com/subject/1298780/ Type Error Occurred
https://movie.douban.com/subject/25719557/ Type Error Occurred
https://movie.douban.com/subject/1774400/ Type Error Occurred
https://movie.douban.com/subject/5065656/ Type Error Occurred
https://movie.douban.com/subject/3333727/ Type Error Occurred
https://movie.douban.com/subject/26696735/ Type Error Occurred
https://movie.douban.com/subject/3333735/ Type Error Occurred
https://movie.douban.com/subject/3335229/ Type Error Occurred
https://movie.douban.com/subject/1306722/ Type Error Occurred
https://movie.douban.com/subject/4703446/ Type Error Occurred
https://movie.douban.com/subject/5065997/ Type Error Occurred
https://movie.douban.com/subject/3335249/ Type Error Occurred
https://movie.douban.com/subject/2969722/ Type Error Occurred
https://movie.douban.com/subject/1294790/ Type Error Occurred
https://movie.douban.com/subject/1296335/ Type Error Occurred
https://movie.douban.com/subject/5065321/ Type Error Occurred
https://movie.douban.com/subject/3333620/ Type Error Occurred
https://movie.douban.com/subject/3332734/ Type Error Occurred
https://movie.douban.com/subject/5065176/ Type Error Occurred
https://movie.douban.com/subject/23708018/ Type Error Occurred
https://movie.douban.com/subject/1295758/ Type Error Occurred
https://movie.douban.com/subject/5065148/ Type Error Occurred
https://movie.douban.com/subject/3335241/ Type Error Occurred
https://movie.douban.com/subject/1303108/ Type Error Occurred
https://movie.douban.com/subject/5065113/ Type Error Occurred
https://movie.douban.com/subject/4921779/ Type Error Occurred
https://movie.douban.com/subject/3712289/ Type Error Occurred
https://movie.douban.com/subject/3323009/ Type Error Occurred
https://movie.douban.com/subject/5064963/ Type Error Occurred
https://movie.douban.com/subject/5414871/ Type Error Occurred
https://movie.douban.com/subject/25969144/ Type Error Occurred
https://movie.douban.com/subject/2297232/ Type Error Occurred
https://movie.douban.com/subject/5064810/ Type Error Occurred
https://movie.douban.com/subject/3006202/ Type Error Occurred
https://movie.douban.com/subject/25930068/ Type Error Occurred
https://movie.douban.com/subject/5064763/ Type Error Occurred
https://movie.douban.com/subject/3006198/ Type Error Occurred
https://movie.douban.com/subject/3228563/ Type Error Occurred
https://movie.douban.com/subject/3247211/ Type Error Occurred
https://movie.douban.com/subject/5062584/ Type Error Occurred
https://movie.douban.com/subject/5062100/ Type Error Occurred
https://movie.douban.com/subject/2134842/ Type Error Occurred
https://movie.douban.com/subject/5062398/ Type Error Occurred
https://movie.douban.com/subject/1295823/ Type Error Occurred
https://movie.douban.com/subject/3986652/ Type Error Occurred
https://movie.douban.com/subject/5062328/ Type Error Occurred
https://movie.douban.com/subject/10795722/ Type Error Occurred
https://movie.douban.com/subject/5062333/ Type Error Occurred
https://movie.douban.com/subject/5062312/ Type Error Occurred
https://movie.douban.com/subject/2062567/ Type Error Occurred
https://movie.douban.com/subject/6429469/ Type Error Occurred
https://movie.douban.com/subject/5062282/ Type Error Occurred
https://movie.douban.com/subject/26367920/ Type Error Occurred
https://movie.douban.com/subject/5062254/ Type Error Occurred
https://movie.douban.com/subject/1302996/ Type Error Occurred
https://movie.douban.com/subject/5062247/ Type Error Occurred
https://movie.douban.com/subject/2973808/ Type Error Occurred
https://movie.douban.com/subject/3333728/ Type Error Occurred
https://movie.douban.com/subject/24755325/ Type Error Occurred
https://movie.douban.com/subject/1293269/ Type Error Occurred
https://movie.douban.com/subject/1295034/ Type Error Occurred
https://movie.douban.com/subject/1302994/ Type Error Occurred
https://movie.douban.com/subject/3335256/ Type Error Occurred
https://movie.douban.com/subject/3332768/ Type Error Occurred
https://movie.douban.com/subject/2285878/ Type Error Occurred
https://movie.douban.com/subject/1301918/ Type Error Occurred
https://movie.douban.com/subject/5061994/ Type Error Occurred
https://movie.douban.com/subject/5061993/ Type Error Occurred
https://movie.douban.com/subject/5061509/ Type Error Occurred
https://movie.douban.com/subject/3286365/ Type Error Occurred
https://movie.douban.com/subject/26703113/ Type Error Occurred
https://movie.douban.com/subject/4723815/ Type Error Occurred
https://movie.douban.com/subject/1299675/ Type Error Occurred
https://movie.douban.com/subject/2162720/ Type Error Occurred
https://movie.douban.com/subject/4137889/ Type Error Occurred
https://movie.douban.com/subject/5949078/ Type Error Occurred
https://movie.douban.com/subject/5046020/ Type Error Occurred
https://movie.douban.com/subject/5061814/ Type Error Occurred
https://movie.douban.com/subject/26703119/ Type Error Occurred
https://movie.douban.com/subject/1302502/ Type Error Occurred
https://movie.douban.com/subject/1294446/ Type Error Occurred
https://movie.douban.com/subject/5061624/ Type Error Occurred
https://movie.douban.com/subject/5083491/ Type Error Occurred
https://movie.douban.com/subject/4229603/ Type Error Occurred
https://movie.douban.com/subject/3607322/ Type Error Occurred
https://movie.douban.com/subject/5083492/ Type Error Occurred
https://movie.douban.com/subject/3212032/ Type Error Occurred
https://movie.douban.com/subject/1293977/ Type Error Occurred
https://movie.douban.com/subject/5061350/ Type Error Occurred
https://movie.douban.com/subject/5061341/ Type Error Occurred
https://movie.douban.com/subject/1792540/ Type Error Occurred
https://movie.douban.com/subject/25789337/ Type Error Occurred
https://movie.douban.com/subject/26700709/ Type Error Occurred
https://movie.douban.com/subject/2134849/ Type Error Occurred
https://movie.douban.com/subject/5061156/ Type Error Occurred
https://movie.douban.com/subject/1300046/ Type Error Occurred
https://movie.douban.com/subject/3219018/ Type Error Occurred
https://movie.douban.com/subject/2077302/ Type Error Occurred
https://movie.douban.com/subject/5061064/ Type Error Occurred
https://movie.douban.com/subject/5061059/ Type Error Occurred
https://movie.douban.com/subject/25775386/ Type Error Occurred
https://movie.douban.com/subject/1294980/ Type Error Occurred
https://movie.douban.com/subject/1306092/ Type Error Occurred
https://movie.douban.com/subject/5061322/ Type Error Occurred
https://movie.douban.com/subject/1297156/ Type Error Occurred
https://movie.douban.com/subject/3332751/ Type Error Occurred
https://movie.douban.com/subject/3992902/ Type Error Occurred
https://movie.douban.com/subject/5407484/ Type Error Occurred
https://movie.douban.com/subject/5060550/ Type Error Occurred
https://movie.douban.com/subject/3761438/ Type Error Occurred
https://movie.douban.com/subject/3323022/ Type Error Occurred
https://movie.douban.com/subject/1294667/ Type Error Occurred
https://movie.douban.com/subject/1301871/ Type Error Occurred
https://movie.douban.com/subject/5058152/ Type Error Occurred
https://movie.douban.com/subject/2364118/ Type Error Occurred
https://movie.douban.com/subject/1299955/ Type Error Occurred
https://movie.douban.com/subject/3784038/ Type Error Occurred
https://movie.douban.com/subject/5055273/ Type Error Occurred
https://movie.douban.com/subject/4897821/ Type Error Occurred
https://movie.douban.com/subject/1297250/ Type Error Occurred
https://movie.douban.com/subject/1299784/ Type Error Occurred
https://movie.douban.com/subject/1305008/ Type Error Occurred
https://movie.douban.com/subject/1296799/ Type Error Occurred
https://movie.douban.com/subject/1295567/ Type Error Occurred
https://movie.douban.com/subject/1305276/ Type Error Occurred
https://movie.douban.com/subject/1912812/ Type Error Occurred
https://movie.douban.com/subject/1301543/ Type Error Occurred
https://movie.douban.com/subject/1304620/ Type Error Occurred
https://movie.douban.com/subject/5115188/ Type Error Occurred
https://movie.douban.com/subject/1298288/ Type Error Occurred
https://movie.douban.com/subject/1449796/ Type Error Occurred
https://movie.douban.com/subject/1761152/ Type Error Occurred
https://movie.douban.com/subject/21355540/ Type Error Occurred
https://movie.douban.com/subject/6094339/ Type Error Occurred
https://movie.douban.com/subject/4212485/ Type Error Occurred
https://movie.douban.com/subject/5050523/ Type Error Occurred
https://movie.douban.com/subject/5051108/ Type Error Occurred
https://movie.douban.com/subject/27166413/ Type Error Occurred
https://movie.douban.com/subject/1808469/ Type Error Occurred
https://movie.douban.com/subject/2303813/ Type Error Occurred
https://movie.douban.com/subject/26392162/ Type Error Occurred
https://movie.douban.com/subject/3630511/ Type Error Occurred
https://movie.douban.com/subject/27082800/ Type Error Occurred
https://movie.douban.com/subject/26349136/ Type Error Occurred
https://movie.douban.com/subject/25818546/ Type Error Occurred
https://movie.douban.com/subject/5985856/ Type Error Occurred
https://movie.douban.com/subject/20020575/ Type Error Occurred
https://movie.douban.com/subject/4728105/ Type Error Occurred
https://movie.douban.com/subject/4704933/ Type Error Occurred
https://movie.douban.com/subject/25747015/ Type Error Occurred
https://movie.douban.com/subject/20395345/ Type Error Occurred
https://movie.douban.com/subject/26274942/ Type Error Occurred
https://movie.douban.com/subject/6515644/ Type Error Occurred
https://movie.douban.com/subject/6515643/ Type Error Occurred
https://movie.douban.com/subject/6439447/ Type Error Occurred
https://movie.douban.com/subject/6433914/ Type Error Occurred
https://movie.douban.com/subject/2020954/ Type Error Occurred
https://movie.douban.com/subject/6389556/ Type Error Occurred
https://movie.douban.com/subject/6307287/ Type Error Occurred
https://movie.douban.com/subject/6129660/ Type Error Occurred
https://movie.douban.com/subject/5992885/ Type Error Occurred
https://movie.douban.com/subject/1807476/ Type Error Occurred
https://movie.douban.com/subject/10764774/ Type Error Occurred
https://movie.douban.com/subject/25827286/ Type Error Occurred
https://movie.douban.com/subject/4051909/ Type Error Occurred
https://movie.douban.com/subject/3911456/ Type Error Occurred
https://movie.douban.com/subject/5106673/ Type Error Occurred
https://movie.douban.com/subject/26424991/ Type Error Occurred
https://movie.douban.com/subject/5138721/ Type Error Occurred
https://movie.douban.com/subject/25961975/ Type Error Occurred
https://movie.douban.com/subject/26599761/ Type Error Occurred
https://movie.douban.com/subject/1424775/ Type Error Occurred
https://movie.douban.com/subject/10441163/ Type Error Occurred
https://movie.douban.com/subject/2334450/ Type Error Occurred
https://movie.douban.com/subject/4018041/ Type Error Occurred
https://movie.douban.com/subject/5320649/ Type Error Occurred
https://movie.douban.com/subject/1441498/ Type Error Occurred
https://movie.douban.com/subject/5177325/ Type Error Occurred
https://movie.douban.com/subject/5385192/ Type Error Occurred
https://movie.douban.com/subject/1459253/ Type Error Occurred
https://movie.douban.com/subject/6953527/ Type Error Occurred
https://movie.douban.com/subject/20284815/ Type Error Occurred
https://movie.douban.com/subject/3089891/ Type Error Occurred
https://movie.douban.com/subject/3618640/ Type Error Occurred
https://movie.douban.com/subject/6797345/ Type Error Occurred
https://movie.douban.com/subject/4223813/ Type Error Occurred
https://movie.douban.com/subject/3059706/ Type Error Occurred
https://movie.douban.com/subject/3578504/ Type Error Occurred
https://movie.douban.com/subject/4307716/ Type Error Occurred
https://movie.douban.com/subject/5061962/ Type Error Occurred
https://movie.douban.com/subject/5173091/ Type Error Occurred
https://movie.douban.com/subject/4050029/ Type Error Occurred
https://movie.douban.com/subject/1946860/ Type Error Occurred
https://movie.douban.com/subject/3703531/ Type Error Occurred
https://movie.douban.com/subject/1924427/ Type Error Occurred
https://movie.douban.com/subject/6886464/ Type Error Occurred
https://movie.douban.com/subject/10546649/ Type Error Occurred
https://movie.douban.com/subject/5215321/ Type Error Occurred
https://movie.douban.com/subject/5384539/ Type Error Occurred
https://movie.douban.com/subject/1987117/ Type Error Occurred
https://movie.douban.com/subject/5051001/ Type Error Occurred
https://movie.douban.com/subject/3277417/ Type Error Occurred
https://movie.douban.com/subject/1667224/ Type Error Occurred
https://movie.douban.com/subject/5924208/ Type Error Occurred
https://movie.douban.com/subject/3395581/ Type Error Occurred
https://movie.douban.com/subject/1438732/ Type Error Occurred
https://movie.douban.com/subject/1303972/ Type Error Occurred
https://movie.douban.com/subject/1884873/ Type Error Occurred
https://movie.douban.com/subject/3022119/ Type Error Occurred
https://movie.douban.com/subject/1795391/ Attribute Error Occurred
https://movie.douban.com/subject/3004167/ Type Error Occurred
https://movie.douban.com/subject/1297868/ Type Error Occurred
https://movie.douban.com/subject/1962884/ Attribute Error Occurred
https://movie.douban.com/subject/1419712/ Type Error Occurred
https://movie.douban.com/subject/1477919/ Type Error Occurred
https://movie.douban.com/subject/2132096/ Type Error Occurred
https://movie.douban.com/subject/1526912/ Type Error Occurred
https://movie.douban.com/subject/2015949/ Type Error Occurred
https://movie.douban.com/subject/1798358/ Type Error Occurred
https://movie.douban.com/subject/3148702/ Type Error Occurred
https://movie.douban.com/subject/3407998/ Type Error Occurred
https://movie.douban.com/subject/5100868/ Type Error Occurred
https://movie.douban.com/subject/2993566/ Type Error Occurred
https://movie.douban.com/subject/20285593/ Type Error Occurred
https://movie.douban.com/subject/3344839/ Type Error Occurred
https://movie.douban.com/subject/3451973/ Type Error Occurred
https://movie.douban.com/subject/3830994/ Type Error Occurred
https://movie.douban.com/subject/1464917/ Type Error Occurred
https://movie.douban.com/subject/1775240/ Type Error Occurred
https://movie.douban.com/subject/1791009/ Type Error Occurred
https://movie.douban.com/subject/1440123/ Type Error Occurred
https://movie.douban.com/subject/3574281/ Type Error Occurred
https://movie.douban.com/subject/1305027/ Type Error Occurred
https://movie.douban.com/subject/10473635/ Type Error Occurred
https://movie.douban.com/subject/1966826/ Type Error Occurred
https://movie.douban.com/subject/2347052/ Type Error Occurred
https://movie.douban.com/subject/1470830/ Type Error Occurred
https://movie.douban.com/subject/1424571/ Type Error Occurred
https://movie.douban.com/subject/1299713/ Type Error Occurred
https://movie.douban.com/subject/2059656/ Type Error Occurred
https://movie.douban.com/subject/3328690/ Type Error Occurred
https://movie.douban.com/subject/2058248/ Type Error Occurred
https://movie.douban.com/subject/1306784/ Type Error Occurred
https://movie.douban.com/subject/3012443/ Type Error Occurred
https://movie.douban.com/subject/1924478/ Type Error Occurred
https://movie.douban.com/subject/1866294/ Type Error Occurred
https://movie.douban.com/subject/3242603/ Type Error Occurred
https://movie.douban.com/subject/3096508/ Type Error Occurred
https://movie.douban.com/subject/4103447/ Type Error Occurred
https://movie.douban.com/subject/1758576/ Type Error Occurred
https://movie.douban.com/celebrity/1033823/ Attribute Error Occurred
https://movie.douban.com/subject/2154336/ Type Error Occurred
https://movie.douban.com/subject/1829507/ Type Error Occurred
https://movie.douban.com/subject/3761207/ Type Error Occurred
https://movie.douban.com/subject/1938004/ Type Error Occurred
https://movie.douban.com/subject/4715320/ Type Error Occurred
https://movie.douban.com/subject/1774028/ Type Error Occurred
https://movie.douban.com/subject/1296337/ Type Error Occurred
https://movie.douban.com/subject/1925776/ Type Error Occurred
https://movie.douban.com/subject/1304250/ Type Error Occurred
https://movie.douban.com/subject/10552811/ Type Error Occurred
https://movie.douban.com/subject/5055288/ Type Error Occurred
https://movie.douban.com/subject/1304163/ Type Error Occurred
https://movie.douban.com/subject/2243997/ Type Error Occurred
https://movie.douban.com/subject/2068301/ Type Error Occurred
https://movie.douban.com/subject/3440468/ Type Error Occurred
https://movie.douban.com/subject/1295012/ Type Error Occurred
https://movie.douban.com/subject/25845395/ Type Error Occurred
https://movie.douban.com/subject/1775216/ Type Error Occurred
https://movie.douban.com/subject/1427866/ Type Error Occurred
https://movie.douban.com/subject/4010828/ Type Error Occurred
https://movie.douban.com/subject/3060621/ Type Error Occurred
https://movie.douban.com/subject/2268541/ Type Error Occurred
https://movie.douban.com/subject/3069994/ Type Error Occurred
https://movie.douban.com/subject/3425808/ Type Error Occurred
https://movie.douban.com/subject/1297803/ Type Error Occurred
https://movie.douban.com/subject/4726125/ Type Error Occurred
https://movie.douban.com/subject/1448788/ Type Error Occurred
https://movie.douban.com/subject/2502469/ Type Error Occurred
https://movie.douban.com/subject/3621245/ Type Error Occurred
https://movie.douban.com/subject/2053676/ Type Error Occurred
https://movie.douban.com/subject/3032598/ Type Error Occurred
https://movie.douban.com/subject/3010523/ Type Error Occurred
https://movie.douban.com/subject/3328719/ Type Error Occurred
https://movie.douban.com/celebrity/1274555/ Attribute Error Occurred
https://movie.douban.com/subject/3618715/ Type Error Occurred
https://movie.douban.com/subject/1999116/ Type Error Occurred
https://movie.douban.com/subject/5055996/ Type Error Occurred
https://movie.douban.com/subject/1774010/ Type Error Occurred
https://movie.douban.com/subject/2969877/ Type Error Occurred
https://movie.douban.com/subject/26602790/ Type Error Occurred
https://movie.douban.com/subject/1907305/ Type Error Occurred
https://movie.douban.com/subject/1997861/ Type Error Occurred
https://movie.douban.com/subject/3450076/ Type Error Occurred
https://movie.douban.com/subject/2378099/ Type Error Occurred
https://movie.douban.com/subject/3063421/ Type Error Occurred
https://movie.douban.com/subject/1303202/ Type Error Occurred
https://movie.douban.com/subject/1306976/ Type Error Occurred
https://movie.douban.com/subject/1293914/ Type Error Occurred
https://movie.douban.com/subject/3024673/ Type Error Occurred
https://movie.douban.com/subject/3059336/ Type Error Occurred
https://movie.douban.com/subject/1878279/ Type Error Occurred
https://movie.douban.com/subject/1306625/ Type Error Occurred
https://movie.douban.com/subject/1464948/ Type Error Occurred
https://movie.douban.com/subject/2280364/ Type Error Occurred
https://movie.douban.com/subject/4176761/ Type Error Occurred
https://movie.douban.com/subject/1307564/ Type Error Occurred
https://movie.douban.com/subject/4924658/ Type Error Occurred
https://movie.douban.com/subject/1295526/ Type Error Occurred
https://movie.douban.com/subject/1437444/ Type Error Occurred
https://movie.douban.com/subject/1981967/ Type Error Occurred
https://movie.douban.com/subject/1863570/ Attribute Error Occurred
https://movie.douban.com/subject/1418199/ Type Error Occurred
https://movie.douban.com/subject/1401761/ Type Error Occurred
https://movie.douban.com/subject/2059625/ Type Error Occurred
https://movie.douban.com/subject/3828369/ Type Error Occurred
https://book.douban.com/subject/26266109/ Attribute Error Occurred
https://book.douban.com/subject/7058697/ Attribute Error Occurred
https://book.douban.com/subject/5504377/ Attribute Error Occurred
https://book.douban.com/subject/4082445/ Attribute Error Occurred
https://movie.douban.com/subject/2208951/ Type Error Occurred
https://movie.douban.com/subject/2980753/ Type Error Occurred
https://movie.douban.com/subject/3121450/ Type Error Occurred
https://movie.douban.com/subject/1300896/ Type Error Occurred
https://movie.douban.com/subject/1294985/ Type Error Occurred
https://movie.douban.com/subject/1902329/ Type Error Occurred
https://movie.douban.com/subject/2243222/ Type Error Occurred
https://movie.douban.com/subject/2020400/ Type Error Occurred
https://movie.douban.com/subject/2031315/ Type Error Occurred
https://movie.douban.com/subject/2287130/ Type Error Occurred
https://movie.douban.com/subject/2209954/ Type Error Occurred
https://movie.douban.com/subject/1794723/ Type Error Occurred
https://movie.douban.com/subject/2328710/ Type Error Occurred
https://movie.douban.com/subject/1307441/ Type Error Occurred
https://movie.douban.com/subject/1761398/ Type Error Occurred
https://movie.douban.com/subject/1465711/ Type Error Occurred
https://movie.douban.com/subject/1296134/ Type Error Occurred
https://movie.douban.com/subject/5337949/ Type Error Occurred
https://movie.douban.com/subject/1464984/ Type Error Occurred
https://movie.douban.com/subject/1841858/ Type Error Occurred
https://movie.douban.com/subject/2328164/ Type Error Occurred
https://movie.douban.com/subject/3024008/ Type Error Occurred
https://movie.douban.com/subject/4250417/ Type Error Occurred
https://movie.douban.com/subject/27145025/ Type Error Occurred
https://movie.douban.com/subject/26746717/ Type Error Occurred
https://movie.douban.com/subject/27157559/ Type Error Occurred
https://movie.douban.com/subject/26951935/ Type Error Occurred
https://movie.douban.com/subject/27594312/ Type Error Occurred
https://movie.douban.com/subject/30311957/ Type Error Occurred
https://movie.douban.com/subject/27009753/ Type Error Occurred
https://movie.douban.com/subject/25763850/ Type Error Occurred
https://movie.douban.com/subject/26753904/ Type Error Occurred
https://movie.douban.com/subject/27603716/ Type Error Occurred
https://movie.douban.com/subject/26835981/ Type Error Occurred
https://movie.douban.com/subject/27096635/ Type Error Occurred
https://movie.douban.com/subject/26705631/ Type Error Occurred
https://movie.douban.com/subject/4164100/ Type Error Occurred
https://movie.douban.com/subject/30183841/ Invalid IMDB id
https://movie.douban.com/subject/24321181/ Type Error Occurred
https://movie.douban.com/subject/30215874/ Type Error Occurred
https://movie.douban.com/subject/30124058/ Type Error Occurred
https://movie.douban.com/subject/26857743/ Type Error Occurred
https://movie.douban.com/subject/26949216/ Type Error Occurred
https://movie.douban.com/subject/10548976/ Type Error Occurred
https://movie.douban.com/subject/5328310/ Type Error Occurred
https://movie.douban.com/subject/26353880/ Type Error Occurred
https://movie.douban.com/subject/26707505/ Type Error Occurred
https://movie.douban.com/subject/5937925/ Type Error Occurred
https://movie.douban.com/subject/27066426/ Type Error Occurred
https://movie.douban.com/subject/27063864/ Type Error Occurred
https://movie.douban.com/subject/4250511/ Type Error Occurred
https://movie.douban.com/subject/27664017/ Type Error Occurred
https://movie.douban.com/subject/26670762/ Type Error Occurred
https://movie.douban.com/subject/26801797/ Invalid IMDB id
https://movie.douban.com/subject/26973784/ Type Error Occurred
https://movie.douban.com/subject/26707195/ Type Error Occurred
https://movie.douban.com/subject/26755823/ Type Error Occurred
https://movie.douban.com/subject/26383900/ Type Error Occurred
https://movie.douban.com/subject/6118291/ Type Error Occurred
https://movie.douban.com/subject/26964452/ Type Error Occurred
https://movie.douban.com/subject/27619046/ Type Error Occurred
https://movie.douban.com/subject/26876525/ Type Error Occurred
https://movie.douban.com/subject/27191183/ Type Error Occurred
https://movie.douban.com/subject/27125676/ Type Error Occurred
https://movie.douban.com/subject/26996057/ Type Error Occurred
https://movie.douban.com/subject/26747828/ Type Error Occurred
https://movie.douban.com/subject/26391883/ Type Error Occurred
https://movie.douban.com/subject/26306943/ Type Error Occurred
https://movie.douban.com/subject/26581831/ Type Error Occurred
https://movie.douban.com/subject/26998198/ Type Error Occurred
https://movie.douban.com/subject/26908076/ Type Error Occurred
https://movie.douban.com/subject/26592971/ Type Error Occurred
https://movie.douban.com/subject/26894879/ Type Error Occurred
https://movie.douban.com/subject/26982974/ Type Error Occurred
https://movie.douban.com/subject/26982706/ Type Error Occurred
https://movie.douban.com/subject/27034765/ Type Error Occurred
https://movie.douban.com/subject/26615600/ Type Error Occurred
https://movie.douban.com/subject/26986505/ Type Error Occurred
https://movie.douban.com/subject/26981958/ Type Error Occurred
https://movie.douban.com/subject/25722292/ Type Error Occurred
https://movie.douban.com/subject/20494469/ Type Error Occurred
https://movie.douban.com/subject/26961333/ Type Error Occurred
https://movie.douban.com/subject/25971650/ Type Error Occurred
https://movie.douban.com/subject/26779663/ Type Error Occurred
https://movie.douban.com/subject/26592226/ Type Error Occurred
https://movie.douban.com/subject/26253566/ Type Error Occurred
https://movie.douban.com/subject/26594124/ Type Error Occurred
https://movie.douban.com/subject/6424758/ Type Error Occurred
https://movie.douban.com/subject/26727307/ Type Error Occurred
https://movie.douban.com/subject/25866687/ Type Error Occurred
https://movie.douban.com/subject/26386701/ Type Error Occurred
https://movie.douban.com/subject/26909613/ Type Error Occurred
https://movie.douban.com/subject/26647886/ Type Error Occurred
https://movie.douban.com/subject/26679087/ Type Error Occurred
https://movie.douban.com/subject/26378147/ Type Error Occurred
https://movie.douban.com/subject/26837547/ Type Error Occurred
https://movie.douban.com/subject/26304548/ Type Error Occurred
https://movie.douban.com/subject/26844884/ Type Error Occurred
https://movie.douban.com/subject/26309270/ Type Error Occurred
https://movie.douban.com/subject/26389455/ Type Error Occurred
https://movie.douban.com/subject/24869752/ Type Error Occurred
https://movie.douban.com/subject/26661664/ Type Error Occurred
https://movie.douban.com/subject/26287878/ Invalid IMDB id
https://movie.douban.com/subject/26276508/ Type Error Occurred
https://movie.douban.com/subject/26581673/ Type Error Occurred
https://movie.douban.com/subject/26717015/ Type Error Occurred
https://movie.douban.com/subject/26252851/ Type Error Occurred
https://movie.douban.com/subject/25802704/ Type Error Occurred
https://movie.douban.com/subject/26369040/ Type Error Occurred
https://movie.douban.com/subject/26683370/ Type Error Occurred
https://movie.douban.com/subject/11577127/ Type Error Occurred
https://movie.douban.com/subject/21352123/ Type Error Occurred
https://movie.douban.com/subject/26581297/ Type Error Occurred
https://movie.douban.com/subject/26736170/ Type Error Occurred
https://movie.douban.com/subject/25876710/ Type Error Occurred
https://movie.douban.com/subject/26678778/ Type Error Occurred
https://movie.douban.com/subject/26308325/ Type Error Occurred
https://movie.douban.com/subject/26276375/ Type Error Occurred
https://movie.douban.com/subject/26577486/ Type Error Occurred
https://movie.douban.com/subject/26661610/ Type Error Occurred
https://movie.douban.com/subject/26616388/ Type Error Occurred
https://movie.douban.com/subject/25911811/ Type Error Occurred
https://movie.douban.com/subject/25971000/ Type Error Occurred
https://movie.douban.com/subject/24736141/ Type Error Occurred
https://movie.douban.com/subject/25761546/ Type Error Occurred
https://movie.douban.com/subject/26414473/ Type Error Occurred
https://movie.douban.com/subject/25833917/ Type Error Occurred
https://movie.douban.com/subject/10750007/ Type Error Occurred
https://movie.douban.com/subject/25750671/ Type Error Occurred
https://movie.douban.com/subject/26193863/ Type Error Occurred
https://movie.douban.com/subject/5327198/ Type Error Occurred
https://movie.douban.com/review/7458141/ Attribute Error Occurred
https://movie.douban.com/subject/25824210/ Type Error Occurred
https://movie.douban.com/subject/4309891/ Type Error Occurred
https://movie.douban.com/subject/30183825/ Type Error Occurred
https://movie.douban.com/subject/30200988/ Type Error Occurred
https://movie.douban.com/subject/30203343/ Type Error Occurred
https://movie.douban.com/subject/27041389/ Type Error Occurred
https://movie.douban.com/subject/5450899/ Type Error Occurred
https://movie.douban.com/subject/28106951/ Type Error Occurred
https://movie.douban.com/subject/2340990/ Type Error Occurred
https://movie.douban.com/subject/27182720/ Type Error Occurred
https://movie.douban.com/subject/26724134/ Type Error Occurred
https://movie.douban.com/subject/27002013/ Type Error Occurred
https://movie.douban.com/subject/27034748/ Type Error Occurred
https://movie.douban.com/subject/5313425/ Type Error Occurred
https://movie.douban.com/subject/4082415/ Type Error Occurred
https://movie.douban.com/subject/27112705/ Type Error Occurred
https://movie.douban.com/subject/4160449/ Type Error Occurred
https://movie.douban.com/subject/25958857/ Type Error Occurred
https://movie.douban.com/subject/2296999/ Type Error Occurred
https://movie.douban.com/subject/2046853/ Type Error Occurred
https://movie.douban.com/subject/27135441/ Type Error Occurred
https://movie.douban.com/subject/27141911/ Type Error Occurred
https://movie.douban.com/subject/25810998/ Invalid IMDB id
https://movie.douban.com/subject/26951953/ Invalid IMDB id
https://movie.douban.com/subject/3048031/ Type Error Occurred
https://movie.douban.com/subject/2249544/ Type Error Occurred
https://movie.douban.com/subject/3057361/ Type Error Occurred
https://movie.douban.com/subject/3055180/ Type Error Occurred
https://movie.douban.com/subject/6048750/ Type Error Occurred
https://movie.douban.com/subject/26776350/ Type Error Occurred
https://movie.douban.com/subject/27068918/ Type Error Occurred
https://movie.douban.com/subject/26861028/ Type Error Occurred
https://movie.douban.com/subject/3724115/ Type Error Occurred
https://movie.douban.com/subject/2052182/ Type Error Occurred
https://movie.douban.com/subject/3543951/ Type Error Occurred
https://movie.douban.com/subject/27064932/ Type Error Occurred
https://movie.douban.com/subject/26801784/ Type Error Occurred
https://movie.douban.com/subject/2240641/ Type Error Occurred
https://movie.douban.com/subject/3632531/ Type Error Occurred
https://movie.douban.com/subject/26378704/ Type Error Occurred
https://movie.douban.com/subject/21715471/ Attribute Error Occurred
https://movie.douban.com/subject/3837519/ Type Error Occurred
https://movie.douban.com/subject/10430287/ Type Error Occurred
https://movie.douban.com/subject/26636841/ Type Error Occurred
https://movie.douban.com/subject/26864129/ Type Error Occurred
https://movie.douban.com/subject/26890420/ Type Error Occurred
https://movie.douban.com/subject/26984369/ Type Error Occurred
https://movie.douban.com/subject/26873744/ Type Error Occurred
https://movie.douban.com/subject/26980982/ Type Error Occurred
https://movie.douban.com/subject/2347224/ Type Error Occurred
https://movie.douban.com/subject/1550445/ Invalid IMDB id
https://movie.douban.com/subject/26966807/ Type Error Occurred
https://movie.douban.com/subject/20503541/ Type Error Occurred
https://movie.douban.com/subject/4233602/ Type Error Occurred
https://movie.douban.com/subject/26936443/ Type Error Occurred
https://movie.douban.com/subject/26996841/ Type Error Occurred
https://movie.douban.com/subject/26868416/ Type Error Occurred
https://movie.douban.com/subject/6952630/ Type Error Occurred
https://movie.douban.com/subject/2340752/ Type Error Occurred
https://movie.douban.com/subject/26425535/ Type Error Occurred
https://movie.douban.com/subject/25834815/ Type Error Occurred
https://movie.douban.com/subject/2917743/ Type Error Occurred
https://movie.douban.com/subject/3542372/ Type Error Occurred
https://movie.douban.com/subject/25704414/ Type Error Occurred
https://movie.douban.com/subject/25919931/ Type Error Occurred
https://movie.douban.com/subject/2157188/ Type Error Occurred
https://movie.douban.com/subject/1968568/ Type Error Occurred
https://movie.douban.com/subject/4022125/ Type Error Occurred
https://movie.douban.com/subject/24772954/ Type Error Occurred
https://movie.douban.com/subject/26685864/ Type Error Occurred
https://movie.douban.com/subject/1793083/ Type Error Occurred
https://movie.douban.com/subject/26959223/ Invalid IMDB id
https://movie.douban.com/subject/1892580/ Type Error Occurred
https://movie.douban.com/subject/1830586/ Type Error Occurred
https://movie.douban.com/subject/4861422/ Type Error Occurred
https://movie.douban.com/subject/3542401/ Type Error Occurred
https://movie.douban.com/subject/26877495/ Type Error Occurred
https://movie.douban.com/subject/26842687/ Type Error Occurred
https://movie.douban.com/subject/26896964/ Type Error Occurred
https://movie.douban.com/subject/3586651/ Type Error Occurred
https://movie.douban.com/subject/25980223/ Type Error Occurred
https://movie.douban.com/subject/26956647/ Type Error Occurred
https://movie.douban.com/subject/26912438/ Type Error Occurred
https://movie.douban.com/subject/26961224/ Type Error Occurred
https://music.douban.com/subject/26915160/ Attribute Error Occurred
https://movie.douban.com/subject/26727293/ Invalid IMDB id
https://movie.douban.com/subject/4314336/ Attribute Error Occurred
https://movie.douban.com/subject/26947878/ Type Error Occurred
https://movie.douban.com/subject/24867961/ Type Error Occurred
https://movie.douban.com/subject/26940054/ Type Error Occurred
https://movie.douban.com/subject/26936441/ Type Error Occurred
https://movie.douban.com/subject/26821378/ Type Error Occurred
https://movie.douban.com/subject/1812455/ Type Error Occurred
https://movie.douban.com/subject/25786046/ Invalid IMDB id
https://movie.douban.com/subject/26843144/ Type Error Occurred
https://movie.douban.com/subject/11577118/ Invalid IMDB id
https://movie.douban.com/subject/26663086/ Type Error Occurred
https://movie.douban.com/subject/3055445/ Type Error Occurred
https://movie.douban.com/subject/26936282/ Type Error Occurred
https://movie.douban.com/subject/26717834/ Type Error Occurred
https://movie.douban.com/subject/26857616/ Type Error Occurred
https://movie.douban.com/subject/3339333/ Type Error Occurred
https://movie.douban.com/subject/2287819/ Type Error Occurred
https://movie.douban.com/subject/3692611/ Type Error Occurred
https://movie.douban.com/subject/7053697/ Type Error Occurred
https://movie.douban.com/subject/26637894/ Type Error Occurred
https://movie.douban.com/subject/26884383/ Type Error Occurred
https://movie.douban.com/subject/19944168/ Type Error Occurred
https://movie.douban.com/subject/26677289/ Type Error Occurred
https://movie.douban.com/subject/3062551/ Type Error Occurred
https://movie.douban.com/subject/4287159/ Type Error Occurred
https://movie.douban.com/subject/3240856/ Type Error Occurred
https://movie.douban.com/subject/26923099/ Type Error Occurred
https://movie.douban.com/subject/20379214/ Type Error Occurred
https://movie.douban.com/subject/3113812/ Type Error Occurred
https://movie.douban.com/subject/4100973/ Type Error Occurred
https://movie.douban.com/subject/26912437/ Type Error Occurred
https://movie.douban.com/subject/26419345/ Type Error Occurred
https://movie.douban.com/subject/26600261/ Type Error Occurred
https://movie.douban.com/subject/4847093/ Type Error Occurred
https://movie.douban.com/subject/26791670/ Type Error Occurred
https://movie.douban.com/subject/25947312/ Type Error Occurred
https://movie.douban.com/subject/26461145/ Type Error Occurred
https://movie.douban.com/subject/26670687/ Type Error Occurred
https://movie.douban.com/subject/6804875/ Type Error Occurred
https://movie.douban.com/subject/3113811/ Type Error Occurred
https://movie.douban.com/subject/26651388/ Type Error Occurred
https://movie.douban.com/subject/3918528/ Type Error Occurred
https://movie.douban.com/subject/5980670/ Type Error Occurred
https://movie.douban.com/subject/26742360/ Type Error Occurred
https://movie.douban.com/subject/26779253/ Type Error Occurred
https://movie.douban.com/subject/26785286/ Type Error Occurred
https://movie.douban.com/subject/10740251/ Type Error Occurred
https://movie.douban.com/subject/26897019/ Type Error Occurred
https://movie.douban.com/subject/3178655/ Type Error Occurred
https://movie.douban.com/subject/3543747/ Type Error Occurred
https://movie.douban.com/subject/2333726/ Type Error Occurred
https://movie.douban.com/subject/26575151/ Type Error Occurred
https://movie.douban.com/subject/1946066/ Type Error Occurred
https://movie.douban.com/subject/5948622/ Type Error Occurred
https://movie.douban.com/subject/4934994/ Type Error Occurred
https://movie.douban.com/subject/26891313/ Invalid IMDB id
https://movie.douban.com/subject/26891306/ Invalid IMDB id
https://movie.douban.com/subject/26890336/ Invalid IMDB id
https://movie.douban.com/subject/26757997/ Type Error Occurred
https://movie.douban.com/subject/2155296/ Type Error Occurred
https://movie.douban.com/subject/3145159/ Type Error Occurred
https://movie.douban.com/subject/4935089/ Type Error Occurred
https://movie.douban.com/subject/4888015/ Type Error Occurred
https://movie.douban.com/subject/26636816/ Type Error Occurred
https://movie.douban.com/subject/26862270/ Type Error Occurred
https://movie.douban.com/subject/26815052/ Type Error Occurred
https://movie.douban.com/subject/5031441/ Type Error Occurred
https://movie.douban.com/subject/5951340/ Type Error Occurred
https://movie.douban.com/subject/19899709/ Type Error Occurred
https://movie.douban.com/subject/6053337/ Type Error Occurred
https://movie.douban.com/subject/4238928/ Type Error Occurred
https://movie.douban.com/subject/25884755/ Type Error Occurred
https://movie.douban.com/subject/24858430/ Type Error Occurred
https://movie.douban.com/subject/26743541/ Type Error Occurred
https://movie.douban.com/subject/2368623/ Type Error Occurred
https://movie.douban.com/subject/3113376/ Type Error Occurred
https://movie.douban.com/subject/6710820/ Invalid IMDB id
https://movie.douban.com/subject/3145883/ Type Error Occurred
https://movie.douban.com/subject/4265312/ Type Error Occurred
https://movie.douban.com/subject/4780583/ Type Error Occurred
https://movie.douban.com/subject/2972189/ Type Error Occurred
https://movie.douban.com/subject/26311928/ Type Error Occurred
https://music.douban.com/subject/1870330/ Attribute Error Occurred
https://movie.douban.com/subject/26322639/ Type Error Occurred
https://movie.douban.com/subject/20503538/ Type Error Occurred
https://movie.douban.com/subject/26815163/ Type Error Occurred
https://music.douban.com/subject/3580593/ Attribute Error Occurred
https://movie.douban.com/subject/26391976/ Type Error Occurred
https://movie.douban.com/subject/26635329/ Type Error Occurred
https://movie.douban.com/subject/20444535/ Type Error Occurred
https://movie.douban.com/subject/26613523/ Type Error Occurred
https://movie.douban.com/subject/26796680/ Type Error Occurred
https://movie.douban.com/subject/3062864/ Type Error Occurred
https://movie.douban.com/subject/3792938/ Attribute Error Occurred
https://movie.douban.com/subject/3088521/ Type Error Occurred
https://movie.douban.com/subject/5320208/ Type Error Occurred
https://movie.douban.com/subject/2995883/ Type Error Occurred
https://movie.douban.com/subject/11533287/ Type Error Occurred
https://movie.douban.com/subject/6829658/ Type Error Occurred
https://movie.douban.com/subject/6793343/ Type Error Occurred
https://movie.douban.com/subject/6892664/ Type Error Occurred
https://movie.douban.com/subject/5966739/ Type Error Occurred
https://movie.douban.com/subject/4294066/ Type Error Occurred
https://movie.douban.com/subject/3542416/ Type Error Occurred
https://movie.douban.com/subject/1899125/ Type Error Occurred
https://movie.douban.com/subject/4303640/ Type Error Occurred
https://movie.douban.com/subject/3804492/ Invalid IMDB id
https://movie.douban.com/subject/26184588/ Type Error Occurred
https://movie.douban.com/subject/26727342/ Type Error Occurred
https://movie.douban.com/subject/25870290/ Type Error Occurred
https://movie.douban.com/subject/2287264/ Type Error Occurred
https://movie.douban.com/subject/3033834/ Type Error Occurred
https://movie.douban.com/subject/25708579/ Type Error Occurred
https://movie.douban.com/subject/6939559/ Type Error Occurred
https://movie.douban.com/subject/26802975/ Type Error Occurred
https://movie.douban.com/subject/25980264/ Type Error Occurred
https://movie.douban.com/subject/2245701/ Type Error Occurred
https://movie.douban.com/subject/25845978/ Type Error Occurred
https://movie.douban.com/subject/2139329/ Type Error Occurred
https://movie.douban.com/subject/11500327/ Type Error Occurred
https://movie.douban.com/subject/10726963/ Type Error Occurred
https://movie.douban.com/subject/2357303/ Type Error Occurred
https://movie.douban.com/subject/25843346/ Type Error Occurred
https://movie.douban.com/subject/1917796/ Type Error Occurred
https://movie.douban.com/subject/2245754/ Type Error Occurred
https://movie.douban.com/subject/6018955/ Type Error Occurred
https://movie.douban.com/subject/26345137/ Type Error Occurred
https://movie.douban.com/subject/2295891/ Type Error Occurred
https://movie.douban.com/subject/26301399/ Type Error Occurred
https://movie.douban.com/subject/10464515/ Type Error Occurred
https://movie.douban.com/subject/25983906/ Type Error Occurred
https://movie.douban.com/subject/26176581/ Type Error Occurred
https://movie.douban.com/subject/20488575/ Type Error Occurred
https://movie.douban.com/subject/6013870/ Type Error Occurred
https://movie.douban.com/subject/4172516/ Type Error Occurred
https://movie.douban.com/subject/5265222/ Type Error Occurred
https://movie.douban.com/subject/26410673/ Type Error Occurred
https://movie.douban.com/subject/25927993/ Type Error Occurred
https://movie.douban.com/subject/26363830/ Type Error Occurred
https://movie.douban.com/subject/4022115/ Type Error Occurred
https://movie.douban.com/subject/4312215/ Type Error Occurred
https://movie.douban.com/subject/6439439/ Type Error Occurred
https://movie.douban.com/subject/24859448/ Type Error Occurred
https://movie.douban.com/subject/2149047/ Type Error Occurred
https://movie.douban.com/subject/7051283/ Type Error Occurred
https://movie.douban.com/subject/25831331/ Type Error Occurred
https://movie.douban.com/subject/25955381/ Type Error Occurred
https://movie.douban.com/subject/25994747/ Type Error Occurred
https://movie.douban.com/subject/1800597/ Type Error Occurred
https://movie.douban.com/subject/21937253/ Type Error Occurred
https://movie.douban.com/subject/25806499/ Type Error Occurred
https://movie.douban.com/subject/3289845/ Type Error Occurred
https://movie.douban.com/subject/3842926/ Type Error Occurred
https://movie.douban.com/subject/25784298/ Type Error Occurred
https://movie.douban.com/subject/26163487/ Type Error Occurred
https://movie.douban.com/subject/26206769/ Type Error Occurred
https://movie.douban.com/subject/2121854/ Type Error Occurred
https://movie.douban.com/subject/11498192/ Invalid IMDB id
https://movie.douban.com/subject/25964259/ Type Error Occurred
https://movie.douban.com/subject/3058561/ Type Error Occurred
https://movie.douban.com/subject/10827175/ Type Error Occurred
https://movie.douban.com/subject/26356185/ Type Error Occurred
https://movie.douban.com/subject/3199460/ Type Error Occurred
https://movie.douban.com/subject/26602304/ Type Error Occurred
https://movie.douban.com/subject/20453052/ Type Error Occurred
https://movie.douban.com/subject/19935803/ Invalid IMDB id
https://movie.douban.com/subject/6965619/ Type Error Occurred
https://movie.douban.com/subject/5962281/ Type Error Occurred
https://movie.douban.com/subject/5045822/ Type Error Occurred
https://movie.douban.com/subject/3566542/ Type Error Occurred
https://movie.douban.com/subject/4122328/ Invalid IMDB id
https://movie.douban.com/subject/2156792/ Type Error Occurred
https://movie.douban.com/subject/10555681/ Invalid IMDB id
https://movie.douban.com/subject/5193573/ Type Error Occurred
https://movie.douban.com/subject/4238879/ Invalid IMDB id
https://movie.douban.com/subject/25810726/ Type Error Occurred
https://movie.douban.com/subject/6402133/ Type Error Occurred
https://movie.douban.com/subject/25794338/ Type Error Occurred
https://movie.douban.com/subject/22277464/ Type Error Occurred
https://movie.douban.com/subject/25757093/ Type Error Occurred
https://movie.douban.com/subject/25762332/ Type Error Occurred
https://movie.douban.com/subject/3543965/ Type Error Occurred
https://movie.douban.com/subject/3711690/ Type Error Occurred
https://movie.douban.com/subject/26416743/ Type Error Occurred
https://movie.douban.com/subject/1900885/ Type Error Occurred
https://movie.douban.com/subject/22992794/ Invalid IMDB id
https://movie.douban.com/subject/3619100/ Type Error Occurred
https://movie.douban.com/subject/25780651/ Type Error Occurred
https://movie.douban.com/subject/2363848/ Type Error Occurred
https://movie.douban.com/subject/26290115/ Type Error Occurred
https://movie.douban.com/subject/26607296/ Type Error Occurred
https://movie.douban.com/subject/26429781/ Type Error Occurred
https://movie.douban.com/subject/26287394/ Type Error Occurred
https://movie.douban.com/subject/26589522/ Type Error Occurred
https://movie.douban.com/subject/25963286/ Type Error Occurred
https://movie.douban.com/subject/26365265/ Type Error Occurred
https://movie.douban.com/subject/26219218/ Type Error Occurred
https://movie.douban.com/subject/26430092/ Type Error Occurred
https://movie.douban.com/subject/26602244/ Type Error Occurred
https://movie.douban.com/subject/22723959/ Type Error Occurred
https://movie.douban.com/subject/25861811/ Type Error Occurred
https://movie.douban.com/subject/25789398/ Type Error Occurred
https://movie.douban.com/subject/26177736/ Type Error Occurred
https://movie.douban.com/subject/25875077/ Type Error Occurred
https://movie.douban.com/subject/26100432/ Type Error Occurred
https://movie.douban.com/subject/26292731/ Type Error Occurred
https://movie.douban.com/subject/26301669/ Type Error Occurred
https://movie.douban.com/subject/26292730/ Type Error Occurred
https://movie.douban.com/subject/26615572/ Type Error Occurred
https://movie.douban.com/subject/10462921/ Type Error Occurred
https://movie.douban.com/subject/26362785/ Type Error Occurred
https://book.douban.com/subject/3086832/ Attribute Error Occurred
https://movie.douban.com/subject/20379432/ Type Error Occurred
https://movie.douban.com/subject/6311260/ Invalid IMDB id
https://movie.douban.com/subject/1465081/ Type Error Occurred
https://movie.douban.com/subject/5975065/ Type Error Occurred
https://movie.douban.com/subject/2995109/ Type Error Occurred
https://movie.douban.com/subject/4047001/ Type Error Occurred
https://movie.douban.com/subject/4172568/ Type Error Occurred
https://movie.douban.com/subject/3027062/ Type Error Occurred
https://movie.douban.com/subject/3660853/ Type Error Occurred
https://movie.douban.com/subject/3025342/ Type Error Occurred
https://movie.douban.com/subject/3062861/ Type Error Occurred
https://movie.douban.com/subject/2383045/ Type Error Occurred
https://movie.douban.com/subject/2342716/ Type Error Occurred
https://movie.douban.com/subject/3892380/ Type Error Occurred
https://movie.douban.com/subject/2381059/ Type Error Occurred
https://movie.douban.com/subject/2149420/ Type Error Occurred
https://movie.douban.com/subject/2989004/ Type Error Occurred
https://movie.douban.com/subject/4219770/ Type Error Occurred
https://movie.douban.com/subject/1959154/ Type Error Occurred
https://movie.douban.com/subject/2272239/ Type Error Occurred
https://movie.douban.com/subject/26649888/ Type Error Occurred
https://movie.douban.com/subject/1778678/ Type Error Occurred
https://movie.douban.com/subject/25698434/ Type Error Occurred
https://movie.douban.com/subject/25806658/ Type Error Occurred
https://movie.douban.com/subject/1438240/ Type Error Occurred
https://movie.douban.com/subject/2300151/ Type Error Occurred
https://movie.douban.com/subject/20388272/ Type Error Occurred
https://movie.douban.com/subject/3320028/ Type Error Occurred
https://movie.douban.com/subject/3065440/ Type Error Occurred
https://movie.douban.com/subject/2381939/ Type Error Occurred
https://movie.douban.com/subject/25931749/ Type Error Occurred
https://movie.douban.com/subject/2988910/ Type Error Occurred
https://movie.douban.com/subject/4111333/ Type Error Occurred
https://movie.douban.com/subject/2368642/ Type Error Occurred
https://movie.douban.com/subject/2333777/ Type Error Occurred
https://movie.douban.com/subject/4195676/ Type Error Occurred
https://movie.douban.com/subject/5392035/ Type Error Occurred
https://movie.douban.com/subject/2300197/ Type Error Occurred
https://movie.douban.com/subject/1401477/ Type Error Occurred
https://movie.douban.com/subject/10606004/ Type Error Occurred
https://movie.douban.com/subject/2140064/ Type Error Occurred
https://movie.douban.com/subject/3114226/ Type Error Occurred
https://movie.douban.com/subject/2161882/ Type Error Occurred
https://movie.douban.com/subject/3018513/ Type Error Occurred
https://movie.douban.com/subject/2216439/ Type Error Occurred
https://movie.douban.com/subject/3008313/ Type Error Occurred
https://movie.douban.com/subject/3003187/ Type Error Occurred
https://movie.douban.com/subject/3632504/ Type Error Occurred
https://movie.douban.com/subject/2156733/ Type Error Occurred
https://movie.douban.com/subject/3001441/ Type Error Occurred
https://movie.douban.com/subject/3042394/ Type Error Occurred
https://movie.douban.com/subject/3002042/ Type Error Occurred
https://movie.douban.com/subject/1959774/ Type Error Occurred
https://movie.douban.com/subject/3272920/ Type Error Occurred
https://movie.douban.com/subject/3012782/ Type Error Occurred
https://movie.douban.com/subject/2296027/ Type Error Occurred
https://movie.douban.com/subject/1776265/ Type Error Occurred
https://movie.douban.com/subject/2296012/ Type Error Occurred
https://movie.douban.com/subject/3733806/ Type Error Occurred
https://movie.douban.com/subject/2310145/ Type Error Occurred
https://movie.douban.com/subject/3101890/ Type Error Occurred
https://movie.douban.com/subject/2240708/ Type Error Occurred
https://movie.douban.com/subject/3204593/ Type Error Occurred
https://movie.douban.com/subject/3160919/ Type Error Occurred
https://movie.douban.com/subject/4226460/ Type Error Occurred
https://movie.douban.com/subject/2995978/ Type Error Occurred
https://movie.douban.com/subject/2346508/ Type Error Occurred
https://movie.douban.com/subject/3223643/ Type Error Occurred
https://movie.douban.com/subject/2373368/ Type Error Occurred
https://movie.douban.com/subject/2287919/ Type Error Occurred
https://movie.douban.com/subject/3168525/ Type Error Occurred
https://movie.douban.com/subject/2238727/ Type Error Occurred
https://movie.douban.com/subject/1864216/ Type Error Occurred
https://movie.douban.com/subject/3542387/ Type Error Occurred
https://movie.douban.com/subject/3711721/ Type Error Occurred
https://movie.douban.com/subject/3071248/ Type Error Occurred
https://movie.douban.com/subject/2275500/ Type Error Occurred
https://movie.douban.com/subject/2148367/ Type Error Occurred
https://movie.douban.com/subject/6886533/ Type Error Occurred
https://movie.douban.com/subject/3612296/ Type Error Occurred
https://movie.douban.com/subject/3077948/ Type Error Occurred
https://movie.douban.com/subject/1436674/ Type Error Occurred
https://movie.douban.com/subject/1782142/ Type Error Occurred
https://movie.douban.com/subject/5308348/ Type Error Occurred
https://movie.douban.com/subject/1997612/ Type Error Occurred
https://movie.douban.com/subject/4154621/ Type Error Occurred
https://movie.douban.com/subject/2287256/ Type Error Occurred
https://movie.douban.com/subject/2062564/ Type Error Occurred
https://movie.douban.com/subject/5377114/ Type Error Occurred
https://movie.douban.com/subject/3153641/ Type Error Occurred
https://movie.douban.com/subject/1830575/ Type Error Occurred
https://movie.douban.com/subject/1830581/ Type Error Occurred
https://movie.douban.com/subject/2190925/ Type Error Occurred
https://movie.douban.com/subject/1475579/ Type Error Occurred
https://movie.douban.com/subject/3010197/ Type Error Occurred
https://movie.douban.com/subject/2294255/ Type Error Occurred
https://movie.douban.com/subject/2157226/ Type Error Occurred
https://movie.douban.com/subject/2155359/ Type Error Occurred
https://movie.douban.com/subject/2209739/ Type Error Occurred
https://movie.douban.com/subject/3010196/ Type Error Occurred
https://movie.douban.com/subject/2154743/ Type Error Occurred
https://movie.douban.com/subject/2154872/ Type Error Occurred
https://movie.douban.com/subject/2156743/ Type Error Occurred
https://movie.douban.com/subject/2341471/ Type Error Occurred
https://movie.douban.com/subject/2365069/ Type Error Occurred
https://movie.douban.com/subject/2296657/ Type Error Occurred
https://movie.douban.com/subject/3069849/ Type Error Occurred
https://movie.douban.com/subject/3037336/ Type Error Occurred
https://movie.douban.com/subject/2357306/ Type Error Occurred
https://movie.douban.com/subject/2156779/ Type Error Occurred
https://movie.douban.com/subject/2341884/ Type Error Occurred
https://movie.douban.com/subject/3542417/ Type Error Occurred
https://movie.douban.com/subject/3254235/ Type Error Occurred
https://movie.douban.com/subject/4891208/ Type Error Occurred
https://movie.douban.com/subject/2329018/ Type Error Occurred
https://movie.douban.com/subject/4223349/ Type Error Occurred
https://movie.douban.com/subject/2077553/ Type Error Occurred
https://movie.douban.com/subject/1297913/ Type Error Occurred
https://movie.douban.com/subject/2057171/ Type Error Occurred
https://movie.douban.com/subject/3728249/ Type Error Occurred
https://movie.douban.com/subject/10781865/ Type Error Occurred
https://movie.douban.com/subject/2156721/ Type Error Occurred
https://movie.douban.com/subject/3293687/ Type Error Occurred
https://movie.douban.com/subject/4728560/ Type Error Occurred
https://movie.douban.com/subject/7055683/ Type Error Occurred
https://movie.douban.com/subject/26322795/ Type Error Occurred
https://movie.douban.com/subject/26642143/ Type Error Occurred
https://movie.douban.com/subject/4904662/ Type Error Occurred
https://movie.douban.com/subject/26258064/ Type Error Occurred
https://movie.douban.com/subject/26703457/ Type Error Occurred
https://movie.douban.com/subject/26678006/ Type Error Occurred
https://www.douban.com/doulist/40978873/?start=1200 HTTPError
https://movie.douban.com/subject/2248529/ Type Error Occurred
https://movie.douban.com/subject/2373267/ Type Error Occurred
https://movie.douban.com/subject/1830590/ Type Error Occurred
https://movie.douban.com/subject/10561898/ Type Error Occurred
https://movie.douban.com/subject/26393509/ Type Error Occurred
https://movie.douban.com/subject/2134784/ Type Error Occurred
https://movie.douban.com/subject/2279835/ Type Error Occurred
https://movie.douban.com/subject/3126099/ Type Error Occurred
https://movie.douban.com/subject/3042353/ Type Error Occurred
https://movie.douban.com/subject/2371862/ Type Error Occurred
https://movie.douban.com/subject/2157129/ Type Error Occurred
https://movie.douban.com/subject/2155290/ Type Error Occurred
https://movie.douban.com/subject/2156704/ Type Error Occurred
https://movie.douban.com/subject/3025213/ Type Error Occurred
https://movie.douban.com/subject/26696653/ Type Error Occurred
https://movie.douban.com/subject/26611053/ Type Error Occurred
https://movie.douban.com/subject/26715586/ Type Error Occurred
https://movie.douban.com/subject/26715847/ Type Error Occurred
https://movie.douban.com/subject/26344998/ Type Error Occurred
https://movie.douban.com/subject/26705307/ Type Error Occurred
https://movie.douban.com/subject/26351118/ Type Error Occurred
https://movie.douban.com/subject/26378745/ Type Error Occurred
https://movie.douban.com/subject/26609492/ Type Error Occurred
https://movie.douban.com/subject/26675648/ Type Error Occurred
https://movie.douban.com/subject/20277091/ Type Error Occurred
https://movie.douban.com/subject/2360882/ Type Error Occurred
https://movie.douban.com/subject/6989744/ Type Error Occurred
https://movie.douban.com/subject/10581289/ Type Error Occurred
https://movie.douban.com/subject/11606338/ Type Error Occurred
https://movie.douban.com/subject/26687572/ Type Error Occurred
https://movie.douban.com/subject/26413900/ Type Error Occurred
https://movie.douban.com/subject/26576624/ Type Error Occurred
https://movie.douban.com/subject/26387831/ Type Error Occurred
https://movie.douban.com/subject/26635359/ Type Error Occurred
https://movie.douban.com/subject/26347994/ Type Error Occurred
https://movie.douban.com/subject/26200633/ Type Error Occurred
https://movie.douban.com/subject/10527210/ Type Error Occurred
https://movie.douban.com/subject/24736278/ Type Error Occurred
https://movie.douban.com/subject/20470093/ Type Error Occurred
https://movie.douban.com/subject/26345152/ Type Error Occurred
https://movie.douban.com/subject/26357862/ Type Error Occurred
https://movie.douban.com/subject/26586730/ Type Error Occurred
https://movie.douban.com/subject/26287121/ Type Error Occurred
https://movie.douban.com/subject/26660589/ Type Error Occurred
https://movie.douban.com/subject/5950117/ Type Error Occurred
https://movie.douban.com/subject/2153951/ Type Error Occurred
https://movie.douban.com/subject/1871906/ Type Error Occurred
https://movie.douban.com/subject/6778677/ Type Error Occurred
https://movie.douban.com/subject/1986021/ Type Error Occurred
https://movie.douban.com/subject/25870057/ Type Error Occurred
https://movie.douban.com/subject/26387829/ Type Error Occurred
https://movie.douban.com/subject/3637738/ Type Error Occurred
https://movie.douban.com/subject/2245670/ Type Error Occurred
https://movie.douban.com/subject/2157156/ Type Error Occurred
https://movie.douban.com/subject/26306777/ Type Error Occurred
https://movie.douban.com/subject/5332630/ Type Error Occurred
https://movie.douban.com/subject/19975086/ Type Error Occurred
https://movie.douban.com/subject/2216948/ Type Error Occurred
https://movie.douban.com/subject/2301032/ Type Error Occurred
https://movie.douban.com/subject/2301059/ Type Error Occurred
https://movie.douban.com/subject/25752412/ Type Error Occurred
https://movie.douban.com/subject/6386992/ Type Error Occurred
https://movie.douban.com/subject/4228557/ Type Error Occurred
https://movie.douban.com/subject/2222629/ Type Error Occurred
https://movie.douban.com/subject/1863923/ Type Error Occurred
https://movie.douban.com/subject/2119419/ Type Error Occurred
https://movie.douban.com/subject/2983389/ Type Error Occurred
https://movie.douban.com/subject/2154765/ Type Error Occurred
https://movie.douban.com/subject/2216379/ Type Error Occurred
https://movie.douban.com/subject/3292792/ Type Error Occurred
https://movie.douban.com/subject/1878605/ Type Error Occurred
https://movie.douban.com/subject/19967792/ Type Error Occurred
https://movie.douban.com/subject/3224408/ Type Error Occurred
https://movie.douban.com/subject/25994712/ Type Error Occurred
https://movie.douban.com/subject/2149791/ Type Error Occurred
https://movie.douban.com/subject/10527293/ Type Error Occurred
https://movie.douban.com/subject/2983434/ Type Error Occurred
https://movie.douban.com/subject/27203607/ Invalid IMDB id
https://movie.douban.com/subject/26946612/ Invalid IMDB id
https://movie.douban.com/subject/26972694/ Invalid IMDB id
https://movie.douban.com/subject/26257406/ Invalid IMDB id
https://movie.douban.com/subject/25736048/ Invalid IMDB id
https://movie.douban.com/subject/24844016/ Invalid IMDB id
https://movie.douban.com/subject/24861238/ Invalid IMDB id
https://movie.douban.com/subject/10833925/ Invalid IMDB id
https://movie.douban.com/subject/10767534/ Invalid IMDB id
https://movie.douban.com/subject/6101776/ Type Error Occurred
https://movie.douban.com/subject/7053733/ Invalid IMDB id
https://movie.douban.com/subject/11614270/ Invalid IMDB id
https://movie.douban.com/subject/11606408/ Invalid IMDB id
https://movie.douban.com/subject/5908505/ Invalid IMDB id
https://movie.douban.com/subject/4907956/ Invalid IMDB id
https://movie.douban.com/subject/6730005/ Invalid IMDB id
https://movie.douban.com/subject/4849922/ Invalid IMDB id
https://movie.douban.com/subject/19962301/ Type Error Occurred
https://movie.douban.com/subject/4287119/ Invalid IMDB id
https://movie.douban.com/subject/4858779/ Invalid IMDB id
https://movie.douban.com/subject/4824996/ Invalid IMDB id
https://movie.douban.com/subject/5401535/ Invalid IMDB id
https://movie.douban.com/subject/4731049/ Type Error Occurred
https://movie.douban.com/subject/4219765/ Invalid IMDB id
https://movie.douban.com/subject/3823425/ Type Error Occurred
https://movie.douban.com/subject/4167113/ Invalid IMDB id
https://movie.douban.com/subject/4236817/ Invalid IMDB id
https://movie.douban.com/subject/5679778/ Type Error Occurred
https://movie.douban.com/subject/3194941/ Type Error Occurred
https://movie.douban.com/subject/6013863/ Type Error Occurred
https://movie.douban.com/subject/3406798/ Invalid IMDB id
https://movie.douban.com/subject/4847886/ Invalid IMDB id
https://movie.douban.com/subject/4057312/ Invalid IMDB id
https://movie.douban.com/subject/3092011/ Invalid IMDB id
https://movie.douban.com/subject/2224447/ Type Error Occurred
https://movie.douban.com/subject/2224446/ Type Error Occurred
https://movie.douban.com/subject/3436615/ Type Error Occurred
https://movie.douban.com/subject/3092010/ Invalid IMDB id
https://movie.douban.com/subject/4116936/ Invalid IMDB id
https://movie.douban.com/subject/6733294/ Invalid IMDB id
https://movie.douban.com/subject/1872083/ Type Error Occurred
https://movie.douban.com/subject/1470732/ Type Error Occurred
https://movie.douban.com/subject/1966126/ Type Error Occurred
https://movie.douban.com/subject/1434184/ Type Error Occurred
https://movie.douban.com/subject/2049553/ Type Error Occurred
https://movie.douban.com/subject/2049556/ Type Error Occurred
https://movie.douban.com/subject/2049559/ Type Error Occurred
https://movie.douban.com/subject/3040026/ Invalid IMDB id
https://movie.douban.com/subject/20458867/ Invalid IMDB id
https://movie.douban.com/subject/1772084/ Type Error Occurred
https://movie.douban.com/subject/3558793/ Invalid IMDB id
https://movie.douban.com/subject/1432701/ Type Error Occurred
https://movie.douban.com/subject/1941594/ Invalid IMDB id
https://movie.douban.com/subject/1941319/ Type Error Occurred
https://movie.douban.com/subject/2085721/ Type Error Occurred
https://movie.douban.com/subject/1408100/ Type Error Occurred
https://movie.douban.com/subject/1299863/ Type Error Occurred
https://movie.douban.com/subject/1431946/ Invalid IMDB id
https://movie.douban.com/subject/1300298/ Type Error Occurred
https://movie.douban.com/subject/1434550/ Type Error Occurred
https://movie.douban.com/subject/1826853/ Type Error Occurred
https://movie.douban.com/subject/1937464/ Type Error Occurred
https://movie.douban.com/subject/1937462/ Type Error Occurred
https://movie.douban.com/subject/30152451/ Attribute Error Occurred
https://movie.douban.com/subject/25761116/ Type Error Occurred
https://movie.douban.com/subject/1418749/ Type Error Occurred
https://movie.douban.com/subject/10535502/ Type Error Occurred
https://movie.douban.com/subject/1401377/ Type Error Occurred
https://movie.douban.com/subject/2367948/ Type Error Occurred
https://movie.douban.com/subject/1441947/ Type Error Occurred
https://movie.douban.com/subject/5413527/ Type Error Occurred
https://movie.douban.com/subject/10429716/ Type Error Occurred
https://movie.douban.com/subject/4317617/ Type Error Occurred
https://movie.douban.com/subject/2372742/ Type Error Occurred
https://movie.douban.com/subject/2224890/ Type Error Occurred
https://movie.douban.com/subject/1452738/ Type Error Occurred
https://movie.douban.com/subject/1939045/ Type Error Occurred
https://www.douban.com/doulist/110260428/ HTTPError
https://www.douban.com/doulist/110260428/ HTTPError
https://www.douban.com/doulist/1711662/ HTTPError
https://www.douban.com/doulist/1711662/ HTTPError
https://www.douban.com/doulist/49219069/ HTTPError
https://www.douban.com/doulist/49219069/ HTTPError
https://www.douban.com/doulist/49219069/ HTTPError
https://www.douban.com/doulist/49219069/ HTTPError
https://www.douban.com/doulist/40360469/ HTTPError
https://www.douban.com/doulist/40360469/ HTTPError
https://www.douban.com/doulist/110260428/ HTTPError
https://www.douban.com/doulist/110260428/ HTTPError
https://www.douban.com/doulist/1711662/ HTTPError
https://www.douban.com/doulist/1711662/ HTTPError
https://www.douban.com/doulist/110260428/ HTTPError
https://www.douban.com/doulist/110260428/ HTTPError
https://www.douban.com/doulist/40360469/ HTTPError
https://www.douban.com/doulist/40360469/ HTTPError
https://www.douban.com/doulist/45659591/ HTTPError
https://www.douban.com/doulist/45659591/ HTTPError
https://www.douban.com/doulist/49219069/ HTTPError
https://www.douban.com/doulist/49219069/ HTTPError
https://www.douban.com/doulist/45659591/ HTTPError
https://www.douban.com/doulist/45659591/ HTTPError
https://www.douban.com/doulist/40360469/ HTTPError
https://www.douban.com/doulist/40360469/ HTTPError
https://www.douban.com/doulist/1711662/ HTTPError
https://www.douban.com/doulist/1711662/ HTTPError
https://www.douban.com/doulist/110260428/ HTTPError
https://www.douban.com/doulist/110260428/ HTTPError
https://www.douban.com/doulist/49219069/ HTTPError
https://www.douban.com/doulist/49219069/ HTTPError
